******************************************************************************
                  TI ARM Linker Unix v20.2.7                   
******************************************************************************
>> Linked Fri Apr 17 01:12:24 2026

OUTPUT FILE NAME:   <ece3849_lab3_lphung_shtran.out>
ENTRY POINT SYMBOL: "_c_int00_noargs"  address: 000078d9


MEMORY CONFIGURATION

         name            origin    length      used     unused   attr    fill
----------------------  --------  ---------  --------  --------  ----  --------
  FLASH                 00000000   00100000  000087c4  000f783c  R  X
  SRAM                  20000000   00040000  0000deec  00032114  RW X


SEGMENT ALLOCATION MAP

run origin  load origin   length   init length attrs members
----------  ----------- ---------- ----------- ----- -------
00000000    00000000    000087c8   000087c8    r-x
  00000000    00000000    00000200   00000200    r-- .intvecs
  00000200    00000200    00007ac4   00007ac4    r-x .text
  00007cc4    00007cc4    00000ab4   00000ab4    r-- .const
  00008778    00008778    00000004   00000004    r-- .init_array
  00008780    00008780    00000048   00000048    r-- .cinit
20000000    20000000    0000def0   00000000    rw-
  20000000    20000000    00008068   00000000    rw- .data
  20008068    20008068    00005684   00000000    rw- .bss
  2000d6f0    2000d6f0    00000800   00000000    rw- .stack


SECTION ALLOCATION MAP

 output                                  attributes/
section   page    origin      length       input sections
--------  ----  ----------  ----------   ----------------
.intvecs   0    00000000    00000200     
                  00000000    00000200     startup_ccs.obj (.intvecs)

.text      0    00000200    00007ac4     
                  00000200    00002510     tasks.obj (.text)
                  00002710    00000dd0     queue.obj (.text)
                  000034e0    00000bf4     joystick.obj (.text)
                  000040d4    00000a5e     button.obj (.text)
                  00004b32    00000002     rtsv7M4_T_le_v4SPD16_eabi.lib : _lock.c.obj (.text:_nop)
                  00004b34    00000684     timers.obj (.text)
                  000051b8    000005e4     Crystalfontz128x128_ST7735.obj (.text)
                  0000579c    00000420     heap_4.obj (.text)
                  00005bbc    00000388     main.obj (.text)
                  00005f44    00000252     grlib.lib : string.obj (.text:GrFontGlyphRender)
                  00006196    00000002     --HOLE-- [fill = 0]
                  00006198    00000250     game.obj (.text)
                  000063e8    00000200     driverlib.lib : sysctl.obj (.text:SysCtlClockFreqSet)
                  000065e8    0000019c     display.obj (.text)
                  00006784    0000016c     driverlib.lib : gpio.obj (.text:GPIOPadConfigSet)
                  000068f0    00000158     rtsv7M4_T_le_v4SPD16_eabi.lib : e_atan2f.c.obj (.text:atan2f)
                  00006a48    00000150                                   : s_atanf.c.obj (.text:atanf)
                  00006b98    00000144     HAL_EK_TM4C1294XL_Crystalfontz128x128_ST7735.obj (.text)
                  00006cdc    0000013c     port.obj (.text)
                  00006e18    00000130     list.obj (.text)
                  00006f48    000000da     portasm.obj (.text)
                  00007022    000000c0     grlib.lib : string.obj (.text:GrDefaultStringRenderer)
                  000070e2    0000009c     rtsv7M4_T_le_v4SPD16_eabi.lib : memcpy_t2.asm.obj (.text)
                  0000717e    00000086     grlib.lib : rectangle.obj (.text:GrRectFill)
                  00007204    00000080     rtsv7M4_T_le_v4SPD16_eabi.lib : s_floorf.c.obj (.text:floorf)
                  00007284    0000007a     driverlib.lib : adc.obj (.text:ADCSequenceStepConfigure)
                  000072fe    0000007a     rtsv7M4_T_le_v4SPD16_eabi.lib : memset_t2.asm.obj (.text)
                  00007378    00000068     grlib.lib : context.obj (.text:GrContextInit)
                  000073e0    00000068     rtsv7M4_T_le_v4SPD16_eabi.lib : copy_decompress_lzss.c.obj (.text:decompress:lzss:__TI_decompress_lzss)
                  00007448    00000060                                   : autoinit.c.obj (.text:__TI_auto_init_nobinit:__TI_auto_init_nobinit)
                  000074a8    0000005a     grlib.lib : string.obj (.text:FontWideGlyphDataGet)
                  00007502    0000004e     driverlib.lib : adc.obj (.text:ADCSequenceConfigure)
                  00007550    0000004c                   : gpio.obj (.text:GPIOPinConfigure)
                  0000759c    0000004a     grlib.lib : string.obj (.text:UpdateContextCharMapping)
                  000075e6    00000002     --HOLE-- [fill = 0]
                  000075e8    00000048     driverlib.lib : sysctl.obj (.text:_SysCtlFrequencyGet)
                  00007630    00000044     main.obj (.text:_ZN8Joystick7clamp01Ef)
                  00007674    00000040     joystick.obj (.text:_ZN8Joystick10emitCenterEv)
                  000076b4    00000040     joystick.obj (.text:_ZN8Joystick10emitRepeatEv)
                  000076f4    00000040     joystick.obj (.text:_ZN8Joystick12emitTiltStopEv)
                  00007734    00000040     joystick.obj (.text:_ZN8Joystick13emitTiltStartEv)
                  00007774    00000040     joystick.obj (.text:_ZN8Joystick14emitDirChangedEv)
                  000077b4    00000040     joystick.obj (.text:_ZN8Joystick8emitMoveEv)
                  000077f4    0000003c     grlib.lib : string.obj (.text:FontGlyphDataGet)
                  00007830    0000003c     driverlib.lib : ssi.obj (.text:SSIConfigSetExpClk)
                  0000786c    00000038                   : sysctl.obj (.text:SysCtlPeripheralReady)
                  000078a4    00000034                   : sysctl.obj (.text:SysCtlPeripheralEnable)
                  000078d8    00000034     rtsv7M4_T_le_v4SPD16_eabi.lib : boot_cortex_m.c.obj (.text:_c_int00_noargs:_c_int00_noargs)
                  0000790c    00000034                                   : rand.c.obj (.text:rand)
                  00007940    00000030     joystick.obj (.text:_ZN8Joystick6EventsC1Ev)
                  00007970    0000002e     driverlib.lib : adc.obj (.text:ADCIntStatus)
                  0000799e    0000002e     grlib.lib : string.obj (.text:GrStringNextCharGet)
                  000079cc    0000002c     driverlib.lib : gpio.obj (.text:GPIODirModeSet)
                  000079f8    00000028     joystick.obj (.text:_ZN8Joystick10fabsf_fastEf)
                  00007a20    00000028     rtsv7M4_T_le_v4SPD16_eabi.lib : e_sqrtf.c.obj (.text:sqrtf)
                  00007a48    00000026     grlib.lib : string.obj (.text:GrFontInfoGet)
                  00007a6e    00000024     main.obj (.text:_ZN8Joystick17setTickIntervalMsEj)
                  00007a92    00000002     --HOLE-- [fill = 0]
                  00007a94    00000024     rtsv7M4_T_le_v4SPD16_eabi.lib : rand.c.obj (.text:srand)
                  00007ab8    00000022     grlib.lib : string.obj (.text:GrFontGlyphDataGet)
                  00007ada    00000002     --HOLE-- [fill = 0]
                  00007adc    00000020     driverlib.lib : sysctl.obj (.text:_SysCtlMemTimingGet)
                  00007afc    0000001e                   : adc.obj (.text:ADCSequenceDataGet)
                  00007b1a    0000001e     grlib.lib : string.obj (.text:GrFontCodepageGet)
                  00007b38    0000001a     driverlib.lib : gpio.obj (.text:GPIOPinTypeGPIOOutput)
                  00007b52    00000018                   : adc.obj (.text:ADCProcessorTrigger)
                  00007b6a    00000018     main.obj (.text:_ZN8Joystick11setDeadzoneEf)
                  00007b82    00000016     driverlib.lib : gpio.obj (.text:GPIOPinTypeADC)
                  00007b98    00000016                   : gpio.obj (.text:GPIOPinTypeGPIOInput)
                  00007bae    00000016                   : gpio.obj (.text:GPIOPinTypeSSI)
                  00007bc4    00000010                   : fpu.obj (.text:FPUEnable)
                  00007bd4    00000010                   : fpu.obj (.text:FPULazyStackingEnable)
                  00007be4    00000010                   : interrupt.obj (.text:IntMasterDisable)
                  00007bf4    00000010                   : interrupt.obj (.text:IntMasterEnable)
                  00007c04    00000010     main.obj (.text:_ZNK8Joystick10direction8Ev)
                  00007c14    0000000e     driverlib.lib : adc.obj (.text:ADCSequenceDisable)
                  00007c22    0000000e                   : adc.obj (.text:ADCSequenceEnable)
                  00007c30    0000000e     rtsv7M4_T_le_v4SPD16_eabi.lib : copy_decompress_none.c.obj (.text:decompress:none:__TI_decompress_none)
                  00007c3e    0000000c     driverlib.lib : cpu.obj (.text:CPUcpsid)
                  00007c4a    0000000c                   : cpu.obj (.text:CPUcpsie)
                  00007c56    0000000c     rtsv7M4_T_le_v4SPD16_eabi.lib : copy_zero_init.c.obj (.text:decompress:ZI:__TI_zero_init)
                  00007c62    0000000c     startup_ccs.obj (.text)
                  00007c6e    0000000a     driverlib.lib : adc.obj (.text:ADCIntClear)
                  00007c78    0000000a                   : ssi.obj (.text:SSIDataPut)
                  00007c82    0000000a                   : ssi.obj (.text:SSIEnable)
                  00007c8c    00000008     grlib.lib : charmap.obj (.text:GrMapISO8859_1_Unicode)
                  00007c94    00000008     driverlib.lib : ssi.obj (.text:SSIBusy)
                  00007c9c    00000008     rtsv7M4_T_le_v4SPD16_eabi.lib : errno.c.obj (.text:__aeabi_errno_addr)
                  00007ca4    00000006     driverlib.lib : gpio.obj (.text:GPIOPinRead)
                  00007caa    00000006                   : gpio.obj (.text:GPIOPinWrite)
                  00007cb0    00000006     grlib.lib : string.obj (.text:GrContextFontSet)
                  00007cb6    00000006     driverlib.lib : sysctl.obj (.text:SysCtlDelay)
                  00007cbc    00000004     rtsv7M4_T_le_v4SPD16_eabi.lib : pre_init.c.obj (.text:_system_pre_init)
                  00007cc0    00000004                                   : exit.c.obj (.text:abort:abort)

.const     0    00007cc4    00000ab4     
                  00007cc4    000002f8     grlib.lib : fontfixed6x8.obj (.const:.string:g_pui8FontFixed6x8Data)
                  00007fbc    000001b0     driverlib.lib : sysctl.obj (.const:g_pppui32XTALtoVCO)
                  0000816c    00000180     joystick.obj (.const:digital_pin_to_analog_in)
                  000082ec    000000c8     grlib.lib : fontfixed6x8.obj (.const:g_sFontFixed6x8)
                  000083b4    00000090     driverlib.lib : gpio.obj (.const:g_pui32GPIOBaseAddrs)
                  00008444    0000006c                   : sysctl.obj (.const:g_pui32Xtals)
                  000084b0    00000060     button.obj (.const:.string:digital_pin_to_bit_mask)
                  00008510    00000060     joystick.obj (.const:.string:digital_pin_to_bit_mask)
                  00008570    00000060     button.obj (.const:.string:digital_pin_to_port)
                  000085d0    00000060     joystick.obj (.const:.string:digital_pin_to_port)
                  00008630    00000040     button.obj (.const:port_to_base)
                  00008670    00000040     joystick.obj (.const:port_to_base)
                  000086b0    00000034     rtsv7M4_T_le_v4SPD16_eabi.lib : s_atanf.c.obj (.const:$O1$$)
                  000086e4    00000030     driverlib.lib : sysctl.obj (.const:g_sXTALtoMEMTIM)
                  00008714    00000028     Crystalfontz128x128_ST7735.obj (.const:g_sCrystalfontz128x128)
                  0000873c    00000010     grlib.lib : context.obj (.const:g_psDefaultCodePointMapTable)
                  0000874c    0000000c     timers.obj (.const:$P$T0$2)
                  00008758    00000008     display.obj (.const:$P$T0$1)
                  00008760    00000008     display.obj (.const:$P$T1$2)
                  00008768    00000008     driverlib.lib : sysctl.obj (.const:g_pui32VCOFrequencies)
                  00008770    00000004     port.obj (.const)
                  00008774    00000004     tasks.obj (.const)

.cinit     0    00008780    00000048     
                  00008780    0000001d     (.cinit..data.load) [load image, compression = lzss]
                  0000879d    00000003     --HOLE-- [fill = 0]
                  000087a0    0000000c     (__TI_handler_table)
                  000087ac    00000004     --HOLE-- [fill = 0]
                  000087b0    00000008     (.cinit..bss.load) [load image, compression = zero_init]
                  000087b8    00000010     (__TI_cinit_table)

.init_array 
*          0    00008778    00000004     
                  00008778    00000004     main.obj (.init_array)

.data      0    20000000    00008068     UNINITIALIZED
                  20000000    00008000     Crystalfontz128x128_ST7735.obj (.data:Lcd_buffer)
                  20008000    0000002c     tasks.obj (.data)
                  2000802c    00000014     heap_4.obj (.data)
                  20008040    0000000c     timers.obj (.data)
                  2000804c    00000008     rtsv7M4_T_le_v4SPD16_eabi.lib : _lock.c.obj (.data:$O1$$)
                  20008054    00000004     port.obj (.data)
                  20008058    00000004     rtsv7M4_T_le_v4SPD16_eabi.lib : errno.c.obj (.data)
                  2000805c    00000004                                   : rand.c.obj (.data)
                  20008060    00000004     tasks.obj (.data:xYieldPendings)
                  20008064    00000003     game.obj (.data:gameState)
                  20008067    00000001     game.obj (.data)

.bss       0    20008068    00005684     UNINITIALIZED
                  20008068    00004f10     heap_4.obj (.bss:ucHeap)
                  2000cf78    00000200     (.common:snake)
                  2000d178    00000190     main.obj (.bss:gJoystick)
                  2000d308    00000140     tasks.obj (.bss:pxReadyTasksLists)
                  2000d448    000000b4     main.obj (.bss:btnPause)
                  2000d4fc    000000b4     main.obj (.bss:btnReset)
                  2000d5b0    00000050     (.common:xQueueRegistry)
                  2000d600    0000002c     (.common:gContext)
                  2000d62c    00000014     timers.obj (.bss:xActiveTimerList1)
                  2000d640    00000014     timers.obj (.bss:xActiveTimerList2)
                  2000d654    00000014     tasks.obj (.bss:xDelayedTaskList1)
                  2000d668    00000014     tasks.obj (.bss:xDelayedTaskList2)
                  2000d67c    00000014     tasks.obj (.bss:xPendingReadyList)
                  2000d690    00000014     tasks.obj (.bss:xSuspendedTaskList)
                  2000d6a4    00000014     tasks.obj (.bss:xTasksWaitingTermination)
                  2000d6b8    00000008     tasks.obj (.bss)
                  2000d6c0    00000008     timers.obj (.bss)
                  2000d6c8    00000008     heap_4.obj (.bss:xStart)
                  2000d6d0    00000004     grlib.lib : context.obj (.bss)
                  2000d6d4    00000004     tasks.obj (.bss:xIdleTaskHandles)
                  2000d6d8    00000004     (.common:gGameStateMutex)
                  2000d6dc    00000004     (.common:gSysClk)
                  2000d6e0    00000002     (.common:Lcd_ScreenHeigth)
                  2000d6e2    00000002     (.common:Lcd_ScreenWidth)
                  2000d6e4    00000002     (.common:Lcd_TouchTrim)
                  2000d6e6    00000002     (.common:gFood)
                  2000d6e8    00000001     (.common:Lcd_FlagRead)
                  2000d6e9    00000001     (.common:Lcd_FontSolid)
                  2000d6ea    00000001     (.common:Lcd_Orientation)
                  2000d6eb    00000001     (.common:Lcd_PenSolid)

.stack     0    2000d6f0    00000800     UNINITIALIZED
                  2000d6f0    00000004     rtsv7M4_T_le_v4SPD16_eabi.lib : boot_cortex_m.c.obj (.stack)
                  2000d6f4    000007fc     --HOLE--

__llvm_prf_cnts 
*          0    20000000    00000000     UNINITIALIZED

MODULE SUMMARY

       Module                                             code    ro data   rw data
       ------                                             ----    -------   -------
    ./
       Crystalfontz128x128_ST7735.obj                     1508    40        32778  
       joystick.obj                                       3532    640       0      
       button.obj                                         2654    256       0      
       main.obj                                           1048    4         812    
       game.obj                                           592     0         518    
       startup_ccs.obj                                    12      512       0      
       display.obj                                        412     16        0      
       HAL_EK_TM4C1294XL_Crystalfontz128x128_ST7735.obj   324     0         0      
    +--+--------------------------------------------------+-------+---------+---------+
       Total:                                             10082   1468      34108  
                                                                                   
    ./FreeRTOS/
       tasks.obj                                          9488    4         480    
       queue.obj                                          3536    0         80     
       timers.obj                                         1668    12        60     
       list.obj                                           304     0         0      
    +--+--------------------------------------------------+-------+---------+---------+
       Total:                                             14996   16        620    
                                                                                   
    ./FreeRTOS/portable/CCS/ARM_CM4F/
       port.obj                                           316     4         4      
       portasm.obj                                        218     0         0      
    +--+--------------------------------------------------+-------+---------+---------+
       Total:                                             534     4         4      
                                                                                   
    ./FreeRTOS/portable/MemMang/
       heap_4.obj                                         1056    0         20268  
    +--+--------------------------------------------------+-------+---------+---------+
       Total:                                             1056    0         20268  
                                                                                   
    /Applications/ti/ccs1281/ccs/tools/compiler/ti-cgt-arm_20.2.7.LTS/lib/rtsv7M4_T_le_v4SPD16_eabi.lib
       s_atanf.c.obj                                      336     52        0      
       e_atan2f.c.obj                                     344     0         0      
       memcpy_t2.asm.obj                                  156     0         0      
       s_floorf.c.obj                                     128     0         0      
       memset_t2.asm.obj                                  122     0         0      
       copy_decompress_lzss.c.obj                         104     0         0      
       autoinit.c.obj                                     96      0         0      
       rand.c.obj                                         88      0         4      
       boot_cortex_m.c.obj                                52      0         0      
       e_sqrtf.c.obj                                      40      0         0      
       copy_decompress_none.c.obj                         14      0         0      
       copy_zero_init.c.obj                               12      0         0      
       errno.c.obj                                        8       0         4      
       _lock.c.obj                                        2       0         8      
       exit.c.obj                                         4       0         0      
       pre_init.c.obj                                     4       0         0      
    +--+--------------------------------------------------+-------+---------+---------+
       Total:                                             1510    52        16     
                                                                                   
    /Users/Doanh/ti/TivaWare_C_Series-2.2.0.295/driverlib/ccs/Debug/driverlib.lib
       sysctl.obj                                         730     596       0      
       gpio.obj                                           588     144       0      
       adc.obj                                            338     0         0      
       ssi.obj                                            88      0         0      
       fpu.obj                                            32      0         0      
       interrupt.obj                                      32      0         0      
       cpu.obj                                            24      0         0      
    +--+--------------------------------------------------+-------+---------+---------+
       Total:                                             1832    740       0      
                                                                                   
    /Users/Doanh/ti/TivaWare_C_Series-2.2.0.295/grlib/ccs/Debug/grlib.lib
       string.obj                                         1164    0         0      
       fontfixed6x8.obj                                   0       960       0      
       rectangle.obj                                      134     0         0      
       context.obj                                        104     16        4      
       charmap.obj                                        8       0         0      
    +--+--------------------------------------------------+-------+---------+---------+
       Total:                                             1410    976       4      
                                                                                   
       Stack:                                             0       0         2048   
       Linker Generated:                                  0       65        0      
    +--+--------------------------------------------------+-------+---------+---------+
       Grand Total:                                       31420   3321      57068  


LINKER GENERATED COPY TABLES

__TI_cinit_table @ 000087b8 records: 2, size/record: 8, table size: 16
	.data: load addr=00008780, load size=0000001d bytes, run addr=20000000, run size=00008068 bytes, compression=lzss
	.bss: load addr=000087b0, load size=00000008 bytes, run addr=20008068, run size=00005684 bytes, compression=zero_init


LINKER GENERATED HANDLER TABLE

__TI_handler_table @ 000087a0 records: 3, size/record: 4, table size: 12
	index: 0, handler: __TI_decompress_lzss
	index: 1, handler: __TI_decompress_none
	index: 2, handler: __TI_zero_init


GLOBAL SYMBOLS: SORTED ALPHABETICALLY BY Name 

address   name                                       
-------   ----                                       
00007c6f  ADCIntClear                                
00007971  ADCIntStatus                               
00007b53  ADCProcessorTrigger                        
00007503  ADCSequenceConfigure                       
00007afd  ADCSequenceDataGet                         
00007c15  ADCSequenceDisable                         
00007c23  ADCSequenceEnable                          
00007285  ADCSequenceStepConfigure                   
00007cc1  C$$EXIT                                    
00007c3f  CPUcpsid                                   
00007c4b  CPUcpsie                                   
000051b9  Crystalfontz128x128_Init                   
0000525f  Crystalfontz128x128_SetDrawFrame           
0000533b  Crystalfontz128x128_SetOrientation         
00007bc5  FPUEnable                                  
00007bd5  FPULazyStackingEnable                      
000079cd  GPIODirModeSet                             
00006785  GPIOPadConfigSet                           
00007551  GPIOPinConfigure                           
00007ca5  GPIOPinRead                                
00007b83  GPIOPinTypeADC                             
00007b99  GPIOPinTypeGPIOInput                       
00007b39  GPIOPinTypeGPIOOutput                      
00007baf  GPIOPinTypeSSI                             
00007cab  GPIOPinWrite                               
00007cb1  GrContextFontSet                           
00007379  GrContextInit                              
00007023  GrDefaultStringRenderer                    
00007b1b  GrFontCodepageGet                          
00007ab9  GrFontGlyphDataGet                         
00005f45  GrFontGlyphRender                          
00007a49  GrFontInfoGet                              
00007c8d  GrMapISO8859_1_Unicode                     
0000717f  GrRectFill                                 
0000799f  GrStringNextCharGet                        
00006b99  HAL_LCD_PortInit                           
00006bef  HAL_LCD_SpiInit                            
00006c49  HAL_LCD_writeCommand                       
00006c83  HAL_LCD_writeData                          
00007be5  IntMasterDisable                           
00007bf5  IntMasterEnable                            
2000d6e8  Lcd_FlagRead                               
2000d6e9  Lcd_FontSolid                              
2000d6ea  Lcd_Orientation                            
2000d6eb  Lcd_PenSolid                               
2000d6e0  Lcd_ScreenHeigth                           
2000d6e2  Lcd_ScreenWidth                            
2000d6e4  Lcd_TouchTrim                              
20000000  Lcd_buffer                                 
00007c63  ResetISR                                   
00008778  SHT$$INIT_ARRAY$$Base                      
0000877c  SHT$$INIT_ARRAY$$Limit                     
00007c95  SSIBusy                                    
00007831  SSIConfigSetExpClk                         
00007c79  SSIDataPut                                 
00007c83  SSIEnable                                  
000063e9  SysCtlClockFreqSet                         
00007cb7  SysCtlDelay                                
000078a5  SysCtlPeripheralEnable                     
0000786d  SysCtlPeripheralReady                      
000066bf  _Z8DrawGamePK8PositionhS_                  
00006657  _Z8LCD_Initv                               
00006199  _Z9ResetGamev                              
00006205  _Z9SpawnFoodv                              
00006289  _Z9moveSnakev                              
00004667  _ZN6Button10attachIdleEPFvvE               
00004483  _ZN6Button10setClickMsEj                   
00004495  _ZN6Button10setPressMsEj                   
000046f7  _ZN6Button10wasPressedEv                   
0000451b  _ZN6Button11attachClickEPFvPvES0_          
00004509  _ZN6Button11attachClickEPFvvE              
000044ef  _ZN6Button11attachPressEPFvPvES0_          
000044dd  _ZN6Button11attachPressEPFvvE              
00004721  _ZN6Button11wasReleasedEv                  
00004781  _ZN6Button12readPhysicalEv                 
0000475d  _ZN6Button13attachReleaseEPFvvE            
00004471  _ZN6Button13setDebounceMsEi                
000047dd  _ZN6Button14applyPadConfigEv               
0000473d  _ZN6Button15isDoubleClickedEv              
000045a9  _ZN6Button16attachMultiClickEPFvPvES0_     
00004589  _ZN6Button16attachMultiClickEPFvvE         
00004555  _ZN6Button17attachDoubleClickEPFvPvES0_    
00004535  _ZN6Button17attachDoubleClickEPFvvE        
000044cb  _ZN6Button17setTickIntervalMsEj            
00004617  _ZN6Button19attachLongPressStopEPFvPvES0_  
00004603  _ZN6Button19attachLongPressStopEPFvvE      
000045e5  _ZN6Button20attachLongPressStartEPFvPvES0_ 
000045d1  _ZN6Button20attachLongPressStartEPFvvE     
00004649  _ZN6Button21attachDuringLongPressEPFvPvES0_
00004635  _ZN6Button21attachDuringLongPressEPFvvE    
000044b9  _ZN6Button22setLongPressIntervalMsEj       
00004825  _ZN6Button3fsmEb                           
000043a1  _ZN6Button4tickEb                          
0000430f  _ZN6Button4tickEv                          
00004419  _ZN6Button5beginEv                         
0000467b  _ZN6Button5resetEv                         
00004457  _ZN6Button7setPullE10ButtonPull            
00004aad  _ZN6Button8debounceEb                      
00004a9b  _ZN6Button8newStateENS_12StateMachineE     
000044a7  _ZN6Button9setIdleMsEj                     
00004171  _ZN6ButtonC1Ehjjj10ButtonPull              
00004171  _ZN6ButtonC2Ehjjj10ButtonPull              
00007675  _ZN8Joystick10emitCenterEv                 
000076b5  _ZN8Joystick10emitRepeatEv                 
000079f9  _ZN8Joystick10fabsf_fastEf                 
00007b6b  _ZN8Joystick11setDeadzoneEf                
000076f5  _ZN8Joystick12emitTiltStopEv               
00007735  _ZN8Joystick13emitTiltStartEv              
00007775  _ZN8Joystick14emitDirChangedEv             
00003a01  _ZN8Joystick14sanitizeRangesEv             
0000396d  _ZN8Joystick15calibrateCenterEt            
00007a6f  _ZN8Joystick17setTickIntervalMsEj          
00003c8d  _ZN8Joystick18filterAndNormalizeEv         
00003adf  _ZN8Joystick19configureGpioAnalogEhRhRjS0_ 
00003e67  _ZN8Joystick21computePolarAndEventsEv      
00003b43  _ZN8Joystick21configureAdcSequencerEv      
0000392d  _ZN8Joystick4tickEv                        
000038ab  _ZN8Joystick5beginEv                       
00007941  _ZN8Joystick6EventsC1Ev                    
00007631  _ZN8Joystick7clamp01Ef                     
000077b5  _ZN8Joystick8emitMoveEv                    
00003be1  _ZN8Joystick8readAdc2ERtS0_                
00003675  _ZN8JoystickC1Ehhhjjj10ButtonPull          
00003675  _ZN8JoystickC2Ehhhjjj10ButtonPull          
00004771  _ZNK6Button11getHoldTimeEv                 
000046df  _ZNK6Button13isLongPressedEv               
000046bd  _ZNK6Button15getNumberClicksEv             
000046cb  _ZNK6Button6isIdleEv                       
00004713  _ZNK6Button9isPressedEv                    
00007c05  _ZNK8Joystick10direction8Ev                
0000402d  _ZNK8Joystick9quantize8Ef                  
2000def0  __STACK_END                                
00000800  __STACK_SIZE                               
2000d8f0  __STACK_TOP                                
000087b8  __TI_CINIT_Base                            
000087c8  __TI_CINIT_Limit                           
000087a0  __TI_Handler_Table_Base                    
000087ac  __TI_Handler_Table_Limit                   
00007449  __TI_auto_init_nobinit                     
000073e1  __TI_decompress_lzss                       
00007c31  __TI_decompress_none                       
ffffffff  __TI_pprof_out_hndl                        
ffffffff  __TI_prof_data_size                        
ffffffff  __TI_prof_data_start                       
00000000  __TI_static_base__                         
00007c57  __TI_zero_init                             
00007c9d  __aeabi_errno_addr                         
000072ff  __aeabi_memclr                             
000072ff  __aeabi_memclr4                            
000072ff  __aeabi_memclr8                            
000070e3  __aeabi_memcpy                             
000070e3  __aeabi_memcpy4                            
000070e3  __aeabi_memcpy8                            
00007301  __aeabi_memset                             
00007301  __aeabi_memset4                            
00007301  __aeabi_memset8                            
ffffffff  __binit__                                  
ffffffff  __c_args__                                 
UNDEFED   __mpu_init                                 
2000d6f0  __stack                                    
20000000  __start___llvm_prf_cnts                    
00005e99  __sti___8_main_cpp_main                    
20000000  __stop___llvm_prf_cnts                     
000078d9  _c_int00_noargs                            
2000804c  _lock                                      
00004b33  _nop                                       
UNDEFED   _system_post_cinit                         
00007cbd  _system_pre_init                           
20008050  _unlock                                    
00007cc1  abort                                      
000068f1  atan2f                                     
00006a49  atanf                                      
ffffffff  binit                                      
00000621  eTaskGetState                              
20008058  errno                                      
00007205  floorf                                     
2000d600  gContext                                   
2000d6e6  gFood                                      
2000d6d8  gGameStateMutex                            
2000d6dc  gSysClk                                    
00000000  g_pfnVectors                               
0000873c  g_psDefaultCodePointMapTable               
00008714  g_sCrystalfontz128x128                     
000082ec  g_sFontFixed6x8                            
20008064  gameState                                  
00005bbd  main                                       
000070e3  memcpy                                     
00007307  memset                                     
000033f7  pcQueueGetName                             
00000f8b  pcTaskGetName                              
00004d1b  pcTimerGetName                             
00005949  pvPortCalloc                               
0000579d  pvPortMalloc                               
00001e39  pvTaskIncrementMutexHeldCount              
00005131  pvTimerGetTimerID                          
20008000  pxCurrentTCB                               
00006cdd  pxPortInitialiseStack                      
0000790d  rand                                       
2000cf78  snake                                      
20008067  snakeLength                                
00007a21  sqrtf                                      
00007a95  srand                                      
00003107  ucQueueGetQueueType                        
00008770  ulMaxSyscallInterruptPriority              
00006f59  ulPortGetIPSR                              
00001e55  ulTaskGenericNotifyTake                    
0000253b  ulTaskGenericNotifyValueClear              
00006eff  uxListRemove                               
00003117  uxQueueGetQueueItemSize                    
00003125  uxQueueGetQueueLength                      
000030e7  uxQueueGetQueueNumber                      
00003085  uxQueueMessagesWaiting                     
000030bb  uxQueueMessagesWaitingFromISR              
0000309b  uxQueueSpacesAvailable                     
00000751  uxTaskBasePriorityGet                      
0000077d  uxTaskBasePriorityGetFromISR               
00000f85  uxTaskGetNumberOfTasks                     
000019f9  uxTaskGetStackHighWaterMark                
00000fbd  uxTaskGetSystemState                       
00001761  uxTaskGetTaskNumber                        
000006f3  uxTaskPriorityGet                          
00000717  uxTaskPriorityGetFromISR                   
00001e11  uxTaskResetEventItemValue                  
00004cf5  uxTimerGetReloadMode                       
00005165  uxTimerGetTimerNumber                      
00006e19  vListInitialise                            
00006e49  vListInitialiseItem                        
00006e97  vListInsert                                
00006e59  vListInsertEnd                             
00007015  vPortEnableVFP                             
00006d7d  vPortEndScheduler                          
00006d7f  vPortEnterCritical                         
00006d9f  vPortExitCritical                          
000058e1  vPortFree                                  
00005ad5  vPortGetHeapStats                          
00005b7b  vPortHeapResetState                        
00005947  vPortInitialiseBlocks                      
00006fd1  vPortSVCHandler                            
00006ddb  vPortSetupTimerInterrupt                   
00006ff1  vPortStartFirstTask                        
00003389  vQueueAddToRegistry                        
000030d1  vQueueDelete                               
000030f5  vQueueSetQueueNumber                       
00003437  vQueueUnregisterQueue                      
0000347b  vQueueWaitForMessageRestricted             
000005c9  vTaskDelay                                 
00000465  vTaskDelete                                
00000d2b  vTaskEndScheduler                          
00002381  vTaskGenericNotifyGiveFromISR              
00001855  vTaskGetInfo                               
000016af  vTaskInternalSetTimeOutState               
00001751  vTaskMissedYield                           
00001309  vTaskPlaceOnEventList                      
0000139d  vTaskPlaceOnEventListRestricted            
0000132d  vTaskPlaceOnUnorderedEventList             
00001cf9  vTaskPriorityDisinheritAfterTimeout        
000007cd  vTaskPrioritySet                           
00001577  vTaskRemoveFromUnorderedEventList          
0000265d  vTaskResetState                            
00000a9b  vTaskResume                                
00001785  vTaskSetTaskNumber                         
00001691  vTaskSetTimeOutState                       
00000ce5  vTaskStartScheduler                        
00000943  vTaskSuspend                               
00000d75  vTaskSuspendAll                            
000012a1  vTaskSwitchContext                         
00005185  vTimerResetState                           
00004c97  vTimerSetReloadMode                        
0000514b  vTimerSetTimerID                           
00005173  vTimerSetTimerNumber                       
0000593b  xPortGetFreeHeapSize                       
00005941  xPortGetMinimumEverFreeHeapSize            
00006f71  xPortPendSVHandler                         
00006d47  xPortStartScheduler                        
00006db5  xPortSysTickHandler                        
000028bd  xQueueCreateMutex                          
000027e3  xQueueGenericCreate                        
00002711  xQueueGenericReset                         
00002969  xQueueGenericSend                          
00002a99  xQueueGenericSendFromISR                   
00002b4b  xQueueGiveFromISR                          
000028e9  xQueueGiveMutexRecursive                   
0000331d  xQueueIsQueueEmptyFromISR                  
00003363  xQueueIsQueueFullFromISR                   
00002e67  xQueuePeek                                 
00003033  xQueuePeekFromISR                          
00002bef  xQueueReceive                              
00002f89  xQueueReceiveFromISR                       
2000d5b0  xQueueRegistry                             
00002d0d  xQueueSemaphoreTake                        
00002925  xQueueTakeMutexRecursive                   
00001095  xTaskCatchUpTicks                          
000016cd  xTaskCheckForTimeOut                       
0000026d  xTaskCreate                                
00000539  xTaskDelayUntil                            
00002005  xTaskGenericNotify                         
00002191  xTaskGenericNotifyFromISR                  
000024f1  xTaskGenericNotifyStateClear               
00001f15  xTaskGenericNotifyWait                     
00001a71  xTaskGetCurrentTaskHandle                  
00001a9d  xTaskGetCurrentTaskHandleForCore           
00001ac7  xTaskGetSchedulerState                     
00000f5d  xTaskGetTickCount                          
00000f71  xTaskGetTickCountFromISR                   
000010d1  xTaskIncrementTick                         
00001c0b  xTaskPriorityDisinherit                    
00001af1  xTaskPriorityInherit                       
00001419  xTaskRemoveFromEventList                   
00000d91  xTaskResumeAll                             
00000b79  xTaskResumeFromISR                         
00004b61  xTimerCreate                               
00004b35  xTimerCreateTimerTask                      
00004c3f  xTimerGenericCommandFromISR                
00004be5  xTimerGenericCommandFromTask               
00004d05  xTimerGetExpiryTime                        
00004c85  xTimerGetPeriod                            
00004ccd  xTimerGetReloadMode                        
00004c7f  xTimerGetTimerDaemonTaskHandle             
00005105  xTimerIsTimerActive                        


GLOBAL SYMBOLS: SORTED BY Symbol Address 

address   name                                       
-------   ----                                       
00000000  __TI_static_base__                         
00000000  g_pfnVectors                               
0000026d  xTaskCreate                                
00000465  vTaskDelete                                
00000539  xTaskDelayUntil                            
000005c9  vTaskDelay                                 
00000621  eTaskGetState                              
000006f3  uxTaskPriorityGet                          
00000717  uxTaskPriorityGetFromISR                   
00000751  uxTaskBasePriorityGet                      
0000077d  uxTaskBasePriorityGetFromISR               
000007cd  vTaskPrioritySet                           
00000800  __STACK_SIZE                               
00000943  vTaskSuspend                               
00000a9b  vTaskResume                                
00000b79  xTaskResumeFromISR                         
00000ce5  vTaskStartScheduler                        
00000d2b  vTaskEndScheduler                          
00000d75  vTaskSuspendAll                            
00000d91  xTaskResumeAll                             
00000f5d  xTaskGetTickCount                          
00000f71  xTaskGetTickCountFromISR                   
00000f85  uxTaskGetNumberOfTasks                     
00000f8b  pcTaskGetName                              
00000fbd  uxTaskGetSystemState                       
00001095  xTaskCatchUpTicks                          
000010d1  xTaskIncrementTick                         
000012a1  vTaskSwitchContext                         
00001309  vTaskPlaceOnEventList                      
0000132d  vTaskPlaceOnUnorderedEventList             
0000139d  vTaskPlaceOnEventListRestricted            
00001419  xTaskRemoveFromEventList                   
00001577  vTaskRemoveFromUnorderedEventList          
00001691  vTaskSetTimeOutState                       
000016af  vTaskInternalSetTimeOutState               
000016cd  xTaskCheckForTimeOut                       
00001751  vTaskMissedYield                           
00001761  uxTaskGetTaskNumber                        
00001785  vTaskSetTaskNumber                         
00001855  vTaskGetInfo                               
000019f9  uxTaskGetStackHighWaterMark                
00001a71  xTaskGetCurrentTaskHandle                  
00001a9d  xTaskGetCurrentTaskHandleForCore           
00001ac7  xTaskGetSchedulerState                     
00001af1  xTaskPriorityInherit                       
00001c0b  xTaskPriorityDisinherit                    
00001cf9  vTaskPriorityDisinheritAfterTimeout        
00001e11  uxTaskResetEventItemValue                  
00001e39  pvTaskIncrementMutexHeldCount              
00001e55  ulTaskGenericNotifyTake                    
00001f15  xTaskGenericNotifyWait                     
00002005  xTaskGenericNotify                         
00002191  xTaskGenericNotifyFromISR                  
00002381  vTaskGenericNotifyGiveFromISR              
000024f1  xTaskGenericNotifyStateClear               
0000253b  ulTaskGenericNotifyValueClear              
0000265d  vTaskResetState                            
00002711  xQueueGenericReset                         
000027e3  xQueueGenericCreate                        
000028bd  xQueueCreateMutex                          
000028e9  xQueueGiveMutexRecursive                   
00002925  xQueueTakeMutexRecursive                   
00002969  xQueueGenericSend                          
00002a99  xQueueGenericSendFromISR                   
00002b4b  xQueueGiveFromISR                          
00002bef  xQueueReceive                              
00002d0d  xQueueSemaphoreTake                        
00002e67  xQueuePeek                                 
00002f89  xQueueReceiveFromISR                       
00003033  xQueuePeekFromISR                          
00003085  uxQueueMessagesWaiting                     
0000309b  uxQueueSpacesAvailable                     
000030bb  uxQueueMessagesWaitingFromISR              
000030d1  vQueueDelete                               
000030e7  uxQueueGetQueueNumber                      
000030f5  vQueueSetQueueNumber                       
00003107  ucQueueGetQueueType                        
00003117  uxQueueGetQueueItemSize                    
00003125  uxQueueGetQueueLength                      
0000331d  xQueueIsQueueEmptyFromISR                  
00003363  xQueueIsQueueFullFromISR                   
00003389  vQueueAddToRegistry                        
000033f7  pcQueueGetName                             
00003437  vQueueUnregisterQueue                      
0000347b  vQueueWaitForMessageRestricted             
00003675  _ZN8JoystickC1Ehhhjjj10ButtonPull          
00003675  _ZN8JoystickC2Ehhhjjj10ButtonPull          
000038ab  _ZN8Joystick5beginEv                       
0000392d  _ZN8Joystick4tickEv                        
0000396d  _ZN8Joystick15calibrateCenterEt            
00003a01  _ZN8Joystick14sanitizeRangesEv             
00003adf  _ZN8Joystick19configureGpioAnalogEhRhRjS0_ 
00003b43  _ZN8Joystick21configureAdcSequencerEv      
00003be1  _ZN8Joystick8readAdc2ERtS0_                
00003c8d  _ZN8Joystick18filterAndNormalizeEv         
00003e67  _ZN8Joystick21computePolarAndEventsEv      
0000402d  _ZNK8Joystick9quantize8Ef                  
00004171  _ZN6ButtonC1Ehjjj10ButtonPull              
00004171  _ZN6ButtonC2Ehjjj10ButtonPull              
0000430f  _ZN6Button4tickEv                          
000043a1  _ZN6Button4tickEb                          
00004419  _ZN6Button5beginEv                         
00004457  _ZN6Button7setPullE10ButtonPull            
00004471  _ZN6Button13setDebounceMsEi                
00004483  _ZN6Button10setClickMsEj                   
00004495  _ZN6Button10setPressMsEj                   
000044a7  _ZN6Button9setIdleMsEj                     
000044b9  _ZN6Button22setLongPressIntervalMsEj       
000044cb  _ZN6Button17setTickIntervalMsEj            
000044dd  _ZN6Button11attachPressEPFvvE              
000044ef  _ZN6Button11attachPressEPFvPvES0_          
00004509  _ZN6Button11attachClickEPFvvE              
0000451b  _ZN6Button11attachClickEPFvPvES0_          
00004535  _ZN6Button17attachDoubleClickEPFvvE        
00004555  _ZN6Button17attachDoubleClickEPFvPvES0_    
00004589  _ZN6Button16attachMultiClickEPFvvE         
000045a9  _ZN6Button16attachMultiClickEPFvPvES0_     
000045d1  _ZN6Button20attachLongPressStartEPFvvE     
000045e5  _ZN6Button20attachLongPressStartEPFvPvES0_ 
00004603  _ZN6Button19attachLongPressStopEPFvvE      
00004617  _ZN6Button19attachLongPressStopEPFvPvES0_  
00004635  _ZN6Button21attachDuringLongPressEPFvvE    
00004649  _ZN6Button21attachDuringLongPressEPFvPvES0_
00004667  _ZN6Button10attachIdleEPFvvE               
0000467b  _ZN6Button5resetEv                         
000046bd  _ZNK6Button15getNumberClicksEv             
000046cb  _ZNK6Button6isIdleEv                       
000046df  _ZNK6Button13isLongPressedEv               
000046f7  _ZN6Button10wasPressedEv                   
00004713  _ZNK6Button9isPressedEv                    
00004721  _ZN6Button11wasReleasedEv                  
0000473d  _ZN6Button15isDoubleClickedEv              
0000475d  _ZN6Button13attachReleaseEPFvvE            
00004771  _ZNK6Button11getHoldTimeEv                 
00004781  _ZN6Button12readPhysicalEv                 
000047dd  _ZN6Button14applyPadConfigEv               
00004825  _ZN6Button3fsmEb                           
00004a9b  _ZN6Button8newStateENS_12StateMachineE     
00004aad  _ZN6Button8debounceEb                      
00004b33  _nop                                       
00004b35  xTimerCreateTimerTask                      
00004b61  xTimerCreate                               
00004be5  xTimerGenericCommandFromTask               
00004c3f  xTimerGenericCommandFromISR                
00004c7f  xTimerGetTimerDaemonTaskHandle             
00004c85  xTimerGetPeriod                            
00004c97  vTimerSetReloadMode                        
00004ccd  xTimerGetReloadMode                        
00004cf5  uxTimerGetReloadMode                       
00004d05  xTimerGetExpiryTime                        
00004d1b  pcTimerGetName                             
00005105  xTimerIsTimerActive                        
00005131  pvTimerGetTimerID                          
0000514b  vTimerSetTimerID                           
00005165  uxTimerGetTimerNumber                      
00005173  vTimerSetTimerNumber                       
00005185  vTimerResetState                           
000051b9  Crystalfontz128x128_Init                   
0000525f  Crystalfontz128x128_SetDrawFrame           
0000533b  Crystalfontz128x128_SetOrientation         
0000579d  pvPortMalloc                               
000058e1  vPortFree                                  
0000593b  xPortGetFreeHeapSize                       
00005941  xPortGetMinimumEverFreeHeapSize            
00005947  vPortInitialiseBlocks                      
00005949  pvPortCalloc                               
00005ad5  vPortGetHeapStats                          
00005b7b  vPortHeapResetState                        
00005bbd  main                                       
00005e99  __sti___8_main_cpp_main                    
00005f45  GrFontGlyphRender                          
00006199  _Z9ResetGamev                              
00006205  _Z9SpawnFoodv                              
00006289  _Z9moveSnakev                              
000063e9  SysCtlClockFreqSet                         
00006657  _Z8LCD_Initv                               
000066bf  _Z8DrawGamePK8PositionhS_                  
00006785  GPIOPadConfigSet                           
000068f1  atan2f                                     
00006a49  atanf                                      
00006b99  HAL_LCD_PortInit                           
00006bef  HAL_LCD_SpiInit                            
00006c49  HAL_LCD_writeCommand                       
00006c83  HAL_LCD_writeData                          
00006cdd  pxPortInitialiseStack                      
00006d47  xPortStartScheduler                        
00006d7d  vPortEndScheduler                          
00006d7f  vPortEnterCritical                         
00006d9f  vPortExitCritical                          
00006db5  xPortSysTickHandler                        
00006ddb  vPortSetupTimerInterrupt                   
00006e19  vListInitialise                            
00006e49  vListInitialiseItem                        
00006e59  vListInsertEnd                             
00006e97  vListInsert                                
00006eff  uxListRemove                               
00006f59  ulPortGetIPSR                              
00006f71  xPortPendSVHandler                         
00006fd1  vPortSVCHandler                            
00006ff1  vPortStartFirstTask                        
00007015  vPortEnableVFP                             
00007023  GrDefaultStringRenderer                    
000070e3  __aeabi_memcpy                             
000070e3  __aeabi_memcpy4                            
000070e3  __aeabi_memcpy8                            
000070e3  memcpy                                     
0000717f  GrRectFill                                 
00007205  floorf                                     
00007285  ADCSequenceStepConfigure                   
000072ff  __aeabi_memclr                             
000072ff  __aeabi_memclr4                            
000072ff  __aeabi_memclr8                            
00007301  __aeabi_memset                             
00007301  __aeabi_memset4                            
00007301  __aeabi_memset8                            
00007307  memset                                     
00007379  GrContextInit                              
000073e1  __TI_decompress_lzss                       
00007449  __TI_auto_init_nobinit                     
00007503  ADCSequenceConfigure                       
00007551  GPIOPinConfigure                           
00007631  _ZN8Joystick7clamp01Ef                     
00007675  _ZN8Joystick10emitCenterEv                 
000076b5  _ZN8Joystick10emitRepeatEv                 
000076f5  _ZN8Joystick12emitTiltStopEv               
00007735  _ZN8Joystick13emitTiltStartEv              
00007775  _ZN8Joystick14emitDirChangedEv             
000077b5  _ZN8Joystick8emitMoveEv                    
00007831  SSIConfigSetExpClk                         
0000786d  SysCtlPeripheralReady                      
000078a5  SysCtlPeripheralEnable                     
000078d9  _c_int00_noargs                            
0000790d  rand                                       
00007941  _ZN8Joystick6EventsC1Ev                    
00007971  ADCIntStatus                               
0000799f  GrStringNextCharGet                        
000079cd  GPIODirModeSet                             
000079f9  _ZN8Joystick10fabsf_fastEf                 
00007a21  sqrtf                                      
00007a49  GrFontInfoGet                              
00007a6f  _ZN8Joystick17setTickIntervalMsEj          
00007a95  srand                                      
00007ab9  GrFontGlyphDataGet                         
00007afd  ADCSequenceDataGet                         
00007b1b  GrFontCodepageGet                          
00007b39  GPIOPinTypeGPIOOutput                      
00007b53  ADCProcessorTrigger                        
00007b6b  _ZN8Joystick11setDeadzoneEf                
00007b83  GPIOPinTypeADC                             
00007b99  GPIOPinTypeGPIOInput                       
00007baf  GPIOPinTypeSSI                             
00007bc5  FPUEnable                                  
00007bd5  FPULazyStackingEnable                      
00007be5  IntMasterDisable                           
00007bf5  IntMasterEnable                            
00007c05  _ZNK8Joystick10direction8Ev                
00007c15  ADCSequenceDisable                         
00007c23  ADCSequenceEnable                          
00007c31  __TI_decompress_none                       
00007c3f  CPUcpsid                                   
00007c4b  CPUcpsie                                   
00007c57  __TI_zero_init                             
00007c63  ResetISR                                   
00007c6f  ADCIntClear                                
00007c79  SSIDataPut                                 
00007c83  SSIEnable                                  
00007c8d  GrMapISO8859_1_Unicode                     
00007c95  SSIBusy                                    
00007c9d  __aeabi_errno_addr                         
00007ca5  GPIOPinRead                                
00007cab  GPIOPinWrite                               
00007cb1  GrContextFontSet                           
00007cb7  SysCtlDelay                                
00007cbd  _system_pre_init                           
00007cc1  C$$EXIT                                    
00007cc1  abort                                      
000082ec  g_sFontFixed6x8                            
00008714  g_sCrystalfontz128x128                     
0000873c  g_psDefaultCodePointMapTable               
00008770  ulMaxSyscallInterruptPriority              
00008778  SHT$$INIT_ARRAY$$Base                      
0000877c  SHT$$INIT_ARRAY$$Limit                     
000087a0  __TI_Handler_Table_Base                    
000087ac  __TI_Handler_Table_Limit                   
000087b8  __TI_CINIT_Base                            
000087c8  __TI_CINIT_Limit                           
20000000  Lcd_buffer                                 
20000000  __start___llvm_prf_cnts                    
20000000  __stop___llvm_prf_cnts                     
20008000  pxCurrentTCB                               
2000804c  _lock                                      
20008050  _unlock                                    
20008058  errno                                      
20008064  gameState                                  
20008067  snakeLength                                
2000cf78  snake                                      
2000d5b0  xQueueRegistry                             
2000d600  gContext                                   
2000d6d8  gGameStateMutex                            
2000d6dc  gSysClk                                    
2000d6e0  Lcd_ScreenHeigth                           
2000d6e2  Lcd_ScreenWidth                            
2000d6e4  Lcd_TouchTrim                              
2000d6e6  gFood                                      
2000d6e8  Lcd_FlagRead                               
2000d6e9  Lcd_FontSolid                              
2000d6ea  Lcd_Orientation                            
2000d6eb  Lcd_PenSolid                               
2000d6f0  __stack                                    
2000d8f0  __STACK_TOP                                
2000def0  __STACK_END                                
ffffffff  __TI_pprof_out_hndl                        
ffffffff  __TI_prof_data_size                        
ffffffff  __TI_prof_data_start                       
ffffffff  __binit__                                  
ffffffff  __c_args__                                 
ffffffff  binit                                      
UNDEFED   __mpu_init                                 
UNDEFED   _system_post_cinit                         

[319 symbols]
