******************************************************************************
                  TI ARM Linker Unix v20.2.7                   
******************************************************************************
>> Linked Fri Apr 17 03:16:34 2026

OUTPUT FILE NAME:   <ece3849_lab3_lphung_shtran.out>
ENTRY POINT SYMBOL: "_c_int00_noargs"  address: 00009c31


MEMORY CONFIGURATION

         name            origin    length      used     unused   attr    fill
----------------------  --------  ---------  --------  --------  ----  --------
  FLASH                 00000000   00100000  0000adc4  000f523c  R  X
  SRAM                  20000000   00040000  0000deff  00032101  RW X


SEGMENT ALLOCATION MAP

run origin  load origin   length   init length attrs members
----------  ----------- ---------- ----------- ----- -------
00000000    00000000    0000adc8   0000adc8    r-x
  00000000    00000000    00000200   00000200    r-- .intvecs
  00000200    00000200    00009fc0   00009fc0    r-x .text
  0000a1c0    0000a1c0    00000bb8   00000bb8    r-- .const
  0000ad78    0000ad78    00000004   00000004    r-- .init_array
  0000ad80    0000ad80    00000048   00000048    r-- .cinit
20000000    20000000    0000df00   00000000    rw-
  20000000    20000000    00008077   00000000    rw- .data
  20008078    20008078    00005688   00000000    rw- .bss
  2000d700    2000d700    00000800   00000000    rw- .stack


SECTION ALLOCATION MAP

 output                                  attributes/
section   page    origin      length       input sections
--------  ----  ----------  ----------   ----------------
.intvecs   0    00000000    00000200     
                  00000000    00000200     startup_ccs.obj (.intvecs)

.text      0    00000200    00009fc0     
                  00000200    00002510     tasks.obj (.text)
                  00002710    00000dd0     queue.obj (.text)
                  000034e0    00000bf4     joystick.obj (.text)
                  000040d4    00000a5e     button.obj (.text)
                  00004b32    00000002     rtsv7M4_T_le_v4SPD16_eabi.lib : _lock.c.obj (.text:_nop)
                  00004b34    00000a4e                                   : _printfi.c.obj (.text:__TI_printfi)
                  00005582    00000002                                   : div0.asm.obj (.text)
                  00005584    00000684     timers.obj (.text)
                  00005c08    000005e4     Crystalfontz128x128_ST7735.obj (.text)
                  000061ec    000004c4     main.obj (.text)
                  000066b0    00000420     heap_4.obj (.text)
                  00006ad0    000003c8     event_groups.obj (.text)
                  00006e98    00000368     display.obj (.text)
                  00007200    000002a0     game.obj (.text)
                  000074a0    00000270     rtsv7M4_T_le_v4SPD16_eabi.lib : _printfi.c.obj (.text:_pconv_a)
                  00007710    00000252     grlib.lib : string.obj (.text:GrFontGlyphRender)
                  00007962    00000002     --HOLE-- [fill = 0]
                  00007964    00000200     driverlib.lib : sysctl.obj (.text:SysCtlClockFreqSet)
                  00007b64    000001d0     rtsv7M4_T_le_v4SPD16_eabi.lib : _printfi.c.obj (.text:_pconv_g)
                  00007d34    000001b6                                   : fd_add_t2.asm.obj (.text)
                  00007eea    00000002     --HOLE-- [fill = 0]
                  00007eec    0000016c     driverlib.lib : gpio.obj (.text:GPIOPadConfigSet)
                  00008058    00000158     rtsv7M4_T_le_v4SPD16_eabi.lib : e_atan2f.c.obj (.text:atan2f)
                  000081b0    00000150                                   : s_atanf.c.obj (.text:atanf)
                  00008300    00000144     HAL_EK_TM4C1294XL_Crystalfontz128x128_ST7735.obj (.text)
                  00008444    0000013c     rtsv7M4_T_le_v4SPD16_eabi.lib : _printfi.c.obj (.text:_pconv_e)
                  00008580    0000013c     port.obj (.text)
                  000086bc    00000136     rtsv7M4_T_le_v4SPD16_eabi.lib : fd_div_t2.asm.obj (.text)
                  000087f2    00000130     list.obj (.text)
                  00008922    00000002     --HOLE-- [fill = 0]
                  00008924    00000124     rtsv7M4_T_le_v4SPD16_eabi.lib : _printfi.c.obj (.text:fcvt)
                  00008a48    00000110                                   : s_scalbn.c.obj (.text:scalbn)
                  00008b58    00000104     buzzer.obj (.text)
                  00008c5c    000000fc     rtsv7M4_T_le_v4SPD16_eabi.lib : fd_mul_t2.asm.obj (.text)
                  00008d58    000000da     portasm.obj (.text)
                  00008e32    000000c0     grlib.lib : string.obj (.text:GrDefaultStringRenderer)
                  00008ef2    00000002     --HOLE-- [fill = 0]
                  00008ef4    000000b1     rtsv7M4_T_le_v4SPD16_eabi.lib : _printfi.c.obj (.text:_ltostr)
                  00008fa5    00000001     --HOLE-- [fill = 0]
                  00008fa6    0000009c                                   : memcpy_t2.asm.obj (.text)
                  00009042    00000096                                   : ull_div_t2.asm.obj (.text)
                  000090d8    00000086     grlib.lib : rectangle.obj (.text:GrRectFill)
                  0000915e    00000086     rtsv7M4_T_le_v4SPD16_eabi.lib : fd_cmp_t2.asm.obj (.text:__aeabi_cdcmple)
                  000091e4    00000086                                   : fd_cmp_t2.asm.obj (.text:__aeabi_cdrcmple)
                  0000926a    00000002     --HOLE-- [fill = 0]
                  0000926c    00000080                                   : s_floorf.c.obj (.text:floorf)
                  000092ec    0000007a     driverlib.lib : adc.obj (.text:ADCSequenceStepConfigure)
                  00009366    0000007a     rtsv7M4_T_le_v4SPD16_eabi.lib : memset_t2.asm.obj (.text)
                  000093e0    0000006e                                   : _printfi.c.obj (.text:_mcpy)
                  0000944e    00000002     --HOLE-- [fill = 0]
                  00009450    00000068     grlib.lib : context.obj (.text:GrContextInit)
                  000094b8    00000068     rtsv7M4_T_le_v4SPD16_eabi.lib : copy_decompress_lzss.c.obj (.text:decompress:lzss:__TI_decompress_lzss)
                  00009520    00000064                                   : s_frexp.c.obj (.text:frexp)
                  00009584    00000060                                   : autoinit.c.obj (.text:__TI_auto_init_nobinit:__TI_auto_init_nobinit)
                  000095e4    0000005a     grlib.lib : string.obj (.text:FontWideGlyphDataGet)
                  0000963e    00000056     rtsv7M4_T_le_v4SPD16_eabi.lib : _printfi.c.obj (.text:_pconv_f)
                  00009694    00000054                                   : _ltoa.c.obj (.text:__TI_ltoa)
                  000096e8    00000052                                   : _printfi.c.obj (.text:_ecpy)
                  0000973a    0000004e     driverlib.lib : adc.obj (.text:ADCSequenceConfigure)
                  00009788    0000004c                   : gpio.obj (.text:GPIOPinConfigure)
                  000097d4    0000004c     rtsv7M4_T_le_v4SPD16_eabi.lib : atoi.c.obj (.text:atoi)
                  00009820    0000004c                                   : snprintf.c.obj (.text:snprintf)
                  0000986c    0000004a     grlib.lib : string.obj (.text:UpdateContextCharMapping)
                  000098b6    00000002     --HOLE-- [fill = 0]
                  000098b8    00000048     driverlib.lib : sysctl.obj (.text:_SysCtlFrequencyGet)
                  00009900    00000048     rtsv7M4_T_le_v4SPD16_eabi.lib : fd_toi_t2.asm.obj (.text)
                  00009948    00000044     main.obj (.text:_ZN8Joystick7clamp01Ef)
                  0000998c    00000040     joystick.obj (.text:_ZN8Joystick10emitCenterEv)
                  000099cc    00000040     joystick.obj (.text:_ZN8Joystick10emitRepeatEv)
                  00009a0c    00000040     joystick.obj (.text:_ZN8Joystick12emitTiltStopEv)
                  00009a4c    00000040     joystick.obj (.text:_ZN8Joystick13emitTiltStartEv)
                  00009a8c    00000040     joystick.obj (.text:_ZN8Joystick14emitDirChangedEv)
                  00009acc    00000040     joystick.obj (.text:_ZN8Joystick8emitMoveEv)
                  00009b0c    0000003e     rtsv7M4_T_le_v4SPD16_eabi.lib : _printfi.c.obj (.text:_fcpy)
                  00009b4a    0000003c     grlib.lib : string.obj (.text:FontGlyphDataGet)
                  00009b86    0000003c     driverlib.lib : ssi.obj (.text:SSIConfigSetExpClk)
                  00009bc2    00000002     --HOLE-- [fill = 0]
                  00009bc4    00000038                   : sysctl.obj (.text:SysCtlPeripheralReady)
                  00009bfc    00000034                   : sysctl.obj (.text:SysCtlPeripheralEnable)
                  00009c30    00000034     rtsv7M4_T_le_v4SPD16_eabi.lib : boot_cortex_m.c.obj (.text:_c_int00_noargs:_c_int00_noargs)
                  00009c64    00000034                                   : rand.c.obj (.text:rand)
                  00009c98    00000030     joystick.obj (.text:_ZN8Joystick6EventsC1Ev)
                  00009cc8    00000030     rtsv7M4_T_le_v4SPD16_eabi.lib : snprintf.c.obj (.text:_outs)
                  00009cf8    0000002e     driverlib.lib : adc.obj (.text:ADCIntStatus)
                  00009d26    0000002e     grlib.lib : string.obj (.text:GrStringNextCharGet)
                  00009d54    0000002e     rtsv7M4_T_le_v4SPD16_eabi.lib : i_tofd_t2.asm.obj (.text)
                  00009d82    0000002c     driverlib.lib : gpio.obj (.text:GPIODirModeSet)
                  00009dae    00000028     joystick.obj (.text:_ZN8Joystick10fabsf_fastEf)
                  00009dd6    00000002     --HOLE-- [fill = 0]
                  00009dd8    00000028     rtsv7M4_T_le_v4SPD16_eabi.lib : e_sqrtf.c.obj (.text:sqrtf)
                  00009e00    00000026     grlib.lib : string.obj (.text:GrFontInfoGet)
                  00009e26    00000024     main.obj (.text:_ZN8Joystick17setTickIntervalMsEj)
                  00009e4a    00000002     --HOLE-- [fill = 0]
                  00009e4c    00000024     rtsv7M4_T_le_v4SPD16_eabi.lib : rand.c.obj (.text:srand)
                  00009e70    00000022     grlib.lib : string.obj (.text:GrFontGlyphDataGet)
                  00009e92    00000022     driverlib.lib : pwm.obj (.text:PWMGenConfigure)
                  00009eb4    00000020                   : sysctl.obj (.text:_SysCtlMemTimingGet)
                  00009ed4    0000001e                   : adc.obj (.text:ADCSequenceDataGet)
                  00009ef2    0000001e     grlib.lib : string.obj (.text:GrFontCodepageGet)
                  00009f10    0000001e     driverlib.lib : pwm.obj (.text:PWMPulseWidthSet)
                  00009f2e    0000001c     rtsv7M4_T_le_v4SPD16_eabi.lib : memccpy.c.obj (.text:memccpy)
                  00009f4a    0000001a     driverlib.lib : gpio.obj (.text:GPIOPinTypeGPIOOutput)
                  00009f64    0000001a     rtsv7M4_T_le_v4SPD16_eabi.lib : s_copysign.c.obj (.text:copysign)
                  00009f7e    00000018     driverlib.lib : adc.obj (.text:ADCProcessorTrigger)
                  00009f96    00000018     main.obj (.text:_ZN8Joystick11setDeadzoneEf)
                  00009fae    00000018     rtsv7M4_T_le_v4SPD16_eabi.lib : snprintf.c.obj (.text:_outc)
                  00009fc6    00000016     driverlib.lib : gpio.obj (.text:GPIOPinTypeADC)
                  00009fdc    00000016                   : gpio.obj (.text:GPIOPinTypeGPIOInput)
                  00009ff2    00000016                   : gpio.obj (.text:GPIOPinTypePWM)
                  0000a008    00000016                   : gpio.obj (.text:GPIOPinTypeSSI)
                  0000a01e    00000016     grlib.lib : string.obj (.text:GrStringDraw)
                  0000a034    00000016     rtsv7M4_T_le_v4SPD16_eabi.lib : strchr.c.obj (.text:strchr)
                  0000a04a    00000002     --HOLE-- [fill = 0]
                  0000a04c    00000014     driverlib.lib : pwm.obj (.text:PWMClockSet)
                  0000a060    00000014     rtsv7M4_T_le_v4SPD16_eabi.lib : strlen.c.obj (.text:strlen)
                  0000a074    00000012     driverlib.lib : pwm.obj (.text:PWMOutputState)
                  0000a086    00000012     rtsv7M4_T_le_v4SPD16_eabi.lib : wcslen.c.obj (.text:wcslen)
                  0000a098    00000010     driverlib.lib : fpu.obj (.text:FPUEnable)
                  0000a0a8    00000010                   : fpu.obj (.text:FPULazyStackingEnable)
                  0000a0b8    00000010                   : interrupt.obj (.text:IntMasterDisable)
                  0000a0c8    00000010                   : interrupt.obj (.text:IntMasterEnable)
                  0000a0d8    00000010                   : pwm.obj (.text:PWMGenPeriodSet)
                  0000a0e8    00000010     main.obj (.text:_ZNK8Joystick10direction8Ev)
                  0000a0f8    0000000e     driverlib.lib : adc.obj (.text:ADCSequenceDisable)
                  0000a106    0000000e                   : adc.obj (.text:ADCSequenceEnable)
                  0000a114    0000000e     rtsv7M4_T_le_v4SPD16_eabi.lib : copy_decompress_none.c.obj (.text:decompress:none:__TI_decompress_none)
                  0000a122    0000000c     driverlib.lib : cpu.obj (.text:CPUcpsid)
                  0000a12e    0000000c                   : cpu.obj (.text:CPUcpsie)
                  0000a13a    0000000c                   : pwm.obj (.text:PWMGenDisable)
                  0000a146    0000000c                   : pwm.obj (.text:PWMGenEnable)
                  0000a152    0000000c     rtsv7M4_T_le_v4SPD16_eabi.lib : copy_zero_init.c.obj (.text:decompress:ZI:__TI_zero_init)
                  0000a15e    0000000c     startup_ccs.obj (.text)
                  0000a16a    0000000a     driverlib.lib : adc.obj (.text:ADCIntClear)
                  0000a174    0000000a                   : ssi.obj (.text:SSIDataPut)
                  0000a17e    0000000a                   : ssi.obj (.text:SSIEnable)
                  0000a188    00000008     grlib.lib : charmap.obj (.text:GrMapISO8859_1_Unicode)
                  0000a190    00000008     driverlib.lib : ssi.obj (.text:SSIBusy)
                  0000a198    00000008     rtsv7M4_T_le_v4SPD16_eabi.lib : errno.c.obj (.text:__aeabi_errno_addr)
                  0000a1a0    00000006     driverlib.lib : gpio.obj (.text:GPIOPinRead)
                  0000a1a6    00000006                   : gpio.obj (.text:GPIOPinWrite)
                  0000a1ac    00000006     grlib.lib : string.obj (.text:GrContextFontSet)
                  0000a1b2    00000006     driverlib.lib : sysctl.obj (.text:SysCtlDelay)
                  0000a1b8    00000004     rtsv7M4_T_le_v4SPD16_eabi.lib : pre_init.c.obj (.text:_system_pre_init)
                  0000a1bc    00000004                                   : exit.c.obj (.text:abort:abort)

.const     0    0000a1c0    00000bb8     
                  0000a1c0    000002f8     grlib.lib : fontfixed6x8.obj (.const:.string:g_pui8FontFixed6x8Data)
                  0000a4b8    000001b0     driverlib.lib : sysctl.obj (.const:g_pppui32XTALtoVCO)
                  0000a668    00000180     joystick.obj (.const:digital_pin_to_analog_in)
                  0000a7e8    00000101     rtsv7M4_T_le_v4SPD16_eabi.lib : ctype.c.obj (.const:.string:_ctypes_)
                  0000a8e9    00000003     --HOLE-- [fill = 0]
                  0000a8ec    000000c8     grlib.lib : fontfixed6x8.obj (.const:g_sFontFixed6x8)
                  0000a9b4    00000090     driverlib.lib : gpio.obj (.const:g_pui32GPIOBaseAddrs)
                  0000aa44    0000006c                   : sysctl.obj (.const:g_pui32Xtals)
                  0000aab0    00000060     button.obj (.const:.string:digital_pin_to_bit_mask)
                  0000ab10    00000060     joystick.obj (.const:.string:digital_pin_to_bit_mask)
                  0000ab70    00000060     button.obj (.const:.string:digital_pin_to_port)
                  0000abd0    00000060     joystick.obj (.const:.string:digital_pin_to_port)
                  0000ac30    00000040     button.obj (.const:port_to_base)
                  0000ac70    00000040     joystick.obj (.const:port_to_base)
                  0000acb0    00000034     rtsv7M4_T_le_v4SPD16_eabi.lib : s_atanf.c.obj (.const:$O1$$)
                  0000ace4    00000030     driverlib.lib : sysctl.obj (.const:g_sXTALtoMEMTIM)
                  0000ad14    00000028     Crystalfontz128x128_ST7735.obj (.const:g_sCrystalfontz128x128)
                  0000ad3c    00000010     grlib.lib : context.obj (.const:g_psDefaultCodePointMapTable)
                  0000ad4c    0000000c     timers.obj (.const:$P$T0$2)
                  0000ad58    00000008     display.obj (.const:$P$T0$1)
                  0000ad60    00000008     display.obj (.const:$P$T1$2)
                  0000ad68    00000008     driverlib.lib : sysctl.obj (.const:g_pui32VCOFrequencies)
                  0000ad70    00000004     port.obj (.const)
                  0000ad74    00000004     tasks.obj (.const)

.cinit     0    0000ad80    00000048     
                  0000ad80    00000024     (.cinit..data.load) [load image, compression = lzss]
                  0000ada4    0000000c     (__TI_handler_table)
                  0000adb0    00000008     (.cinit..bss.load) [load image, compression = zero_init]
                  0000adb8    00000010     (__TI_cinit_table)

.init_array 
*          0    0000ad78    00000004     
                  0000ad78    00000004     main.obj (.init_array)

.data      0    20000000    00008077     UNINITIALIZED
                  20000000    00008000     Crystalfontz128x128_ST7735.obj (.data:Lcd_buffer)
                  20008000    0000002c     tasks.obj (.data)
                  2000802c    00000014     heap_4.obj (.data)
                  20008040    0000000c     timers.obj (.data)
                  2000804c    00000008     rtsv7M4_T_le_v4SPD16_eabi.lib : _lock.c.obj (.data:$O1$$)
                  20008054    00000008     game.obj (.data)
                  2000805c    00000004     buzzer.obj (.data)
                  20008060    00000004     main.obj (.data)
                  20008064    00000004     port.obj (.data)
                  20008068    00000004     rtsv7M4_T_le_v4SPD16_eabi.lib : errno.c.obj (.data)
                  2000806c    00000004                                   : rand.c.obj (.data)
                  20008070    00000004     tasks.obj (.data:xYieldPendings)
                  20008074    00000003     game.obj (.data:gameState)

.bss       0    20008078    00005688     UNINITIALIZED
                  20008078    00004f10     heap_4.obj (.bss:ucHeap)
                  2000cf88    00000200     (.common:snake)
                  2000d188    00000190     main.obj (.bss:gJoystick)
                  2000d318    00000140     tasks.obj (.bss:pxReadyTasksLists)
                  2000d458    000000b4     main.obj (.bss:btnPause)
                  2000d50c    000000b4     main.obj (.bss:btnReset)
                  2000d5c0    00000050     (.common:xQueueRegistry)
                  2000d610    0000002c     (.common:gContext)
                  2000d63c    00000014     timers.obj (.bss:xActiveTimerList1)
                  2000d650    00000014     timers.obj (.bss:xActiveTimerList2)
                  2000d664    00000014     tasks.obj (.bss:xDelayedTaskList1)
                  2000d678    00000014     tasks.obj (.bss:xDelayedTaskList2)
                  2000d68c    00000014     tasks.obj (.bss:xPendingReadyList)
                  2000d6a0    00000014     tasks.obj (.bss:xSuspendedTaskList)
                  2000d6b4    00000014     tasks.obj (.bss:xTasksWaitingTermination)
                  2000d6c8    00000008     tasks.obj (.bss)
                  2000d6d0    00000008     timers.obj (.bss)
                  2000d6d8    00000008     heap_4.obj (.bss:xStart)
                  2000d6e0    00000004     grlib.lib : context.obj (.bss)
                  2000d6e4    00000004     tasks.obj (.bss:xIdleTaskHandles)
                  2000d6e8    00000004     (.common:gGameStateMutex)
                  2000d6ec    00000004     (.common:gSysClk)
                  2000d6f0    00000004     (.common:xGameEvents)
                  2000d6f4    00000002     (.common:Lcd_ScreenHeigth)
                  2000d6f6    00000002     (.common:Lcd_ScreenWidth)
                  2000d6f8    00000002     (.common:Lcd_TouchTrim)
                  2000d6fa    00000002     (.common:gFood)
                  2000d6fc    00000001     (.common:Lcd_FlagRead)
                  2000d6fd    00000001     (.common:Lcd_FontSolid)
                  2000d6fe    00000001     (.common:Lcd_Orientation)
                  2000d6ff    00000001     (.common:Lcd_PenSolid)

.stack     0    2000d700    00000800     UNINITIALIZED
                  2000d700    00000004     rtsv7M4_T_le_v4SPD16_eabi.lib : boot_cortex_m.c.obj (.stack)
                  2000d704    000007fc     --HOLE--

__llvm_prf_cnts 
*          0    20000000    00000000     UNINITIALIZED

MODULE SUMMARY

       Module                                             code    ro data   rw data
       ------                                             ----    -------   -------
    ./
       Crystalfontz128x128_ST7735.obj                     1508    40        32778  
       joystick.obj                                       3532    640       0      
       button.obj                                         2654    256       0      
       main.obj                                           1364    4         820    
       game.obj                                           672     0         525    
       display.obj                                        872     16        0      
       startup_ccs.obj                                    12      512       0      
       HAL_EK_TM4C1294XL_Crystalfontz128x128_ST7735.obj   324     0         0      
       buzzer.obj                                         260     0         4      
    +--+--------------------------------------------------+-------+---------+---------+
       Total:                                             11198   1468      34127  
                                                                                   
    ./FreeRTOS/
       tasks.obj                                          9488    4         480    
       queue.obj                                          3536    0         80     
       timers.obj                                         1668    12        60     
       event_groups.obj                                   968     0         0      
       list.obj                                           304     0         0      
    +--+--------------------------------------------------+-------+---------+---------+
       Total:                                             15964   16        620    
                                                                                   
    ./FreeRTOS/portable/CCS/ARM_CM4F/
       port.obj                                           316     4         4      
       portasm.obj                                        218     0         0      
    +--+--------------------------------------------------+-------+---------+---------+
       Total:                                             534     4         4      
                                                                                   
    ./FreeRTOS/portable/MemMang/
       heap_4.obj                                         1056    0         20268  
    +--+--------------------------------------------------+-------+---------+---------+
       Total:                                             1056    0         20268  
                                                                                   
    /Applications/ti/ccs1281/ccs/tools/compiler/ti-cgt-arm_20.2.7.LTS/lib/rtsv7M4_T_le_v4SPD16_eabi.lib
       _printfi.c.obj                                     4851    0         0      
       fd_add_t2.asm.obj                                  438     0         0      
       s_atanf.c.obj                                      336     52        0      
       e_atan2f.c.obj                                     344     0         0      
       fd_div_t2.asm.obj                                  310     0         0      
       s_scalbn.c.obj                                     272     0         0      
       fd_cmp_t2.asm.obj                                  268     0         0      
       ctype.c.obj                                        0       257       0      
       fd_mul_t2.asm.obj                                  252     0         0      
       memcpy_t2.asm.obj                                  156     0         0      
       ull_div_t2.asm.obj                                 150     0         0      
       snprintf.c.obj                                     148     0         0      
       s_floorf.c.obj                                     128     0         0      
       memset_t2.asm.obj                                  122     0         0      
       copy_decompress_lzss.c.obj                         104     0         0      
       s_frexp.c.obj                                      100     0         0      
       autoinit.c.obj                                     96      0         0      
       rand.c.obj                                         88      0         4      
       _ltoa.c.obj                                        84      0         0      
       atoi.c.obj                                         76      0         0      
       fd_toi_t2.asm.obj                                  72      0         0      
       boot_cortex_m.c.obj                                52      0         0      
       i_tofd_t2.asm.obj                                  46      0         0      
       e_sqrtf.c.obj                                      40      0         0      
       memccpy.c.obj                                      28      0         0      
       s_copysign.c.obj                                   26      0         0      
       strchr.c.obj                                       22      0         0      
       strlen.c.obj                                       20      0         0      
       wcslen.c.obj                                       18      0         0      
       copy_decompress_none.c.obj                         14      0         0      
       copy_zero_init.c.obj                               12      0         0      
       errno.c.obj                                        8       0         4      
       _lock.c.obj                                        2       0         8      
       exit.c.obj                                         4       0         0      
       pre_init.c.obj                                     4       0         0      
       div0.asm.obj                                       2       0         0      
    +--+--------------------------------------------------+-------+---------+---------+
       Total:                                             8693    309       16     
                                                                                   
    /Users/Doanh/ti/TivaWare_C_Series-2.2.0.295/driverlib/ccs/Debug/driverlib.lib
       sysctl.obj                                         730     596       0      
       gpio.obj                                           610     144       0      
       adc.obj                                            338     0         0      
       pwm.obj                                            142     0         0      
       ssi.obj                                            88      0         0      
       fpu.obj                                            32      0         0      
       interrupt.obj                                      32      0         0      
       cpu.obj                                            24      0         0      
    +--+--------------------------------------------------+-------+---------+---------+
       Total:                                             1996    740       0      
                                                                                   
    /Users/Doanh/ti/TivaWare_C_Series-2.2.0.295/grlib/ccs/Debug/grlib.lib
       string.obj                                         1186    0         0      
       fontfixed6x8.obj                                   0       960       0      
       rectangle.obj                                      134     0         0      
       context.obj                                        104     16        4      
       charmap.obj                                        8       0         0      
    +--+--------------------------------------------------+-------+---------+---------+
       Total:                                             1432    976       4      
                                                                                   
       Stack:                                             0       0         2048   
       Linker Generated:                                  0       72        0      
    +--+--------------------------------------------------+-------+---------+---------+
       Grand Total:                                       40873   3585      57087  


LINKER GENERATED COPY TABLES

__TI_cinit_table @ 0000adb8 records: 2, size/record: 8, table size: 16
	.data: load addr=0000ad80, load size=00000024 bytes, run addr=20000000, run size=00008077 bytes, compression=lzss
	.bss: load addr=0000adb0, load size=00000008 bytes, run addr=20008078, run size=00005688 bytes, compression=zero_init


LINKER GENERATED HANDLER TABLE

__TI_handler_table @ 0000ada4 records: 3, size/record: 4, table size: 12
	index: 0, handler: __TI_decompress_lzss
	index: 1, handler: __TI_decompress_none
	index: 2, handler: __TI_zero_init


GLOBAL SYMBOLS: SORTED ALPHABETICALLY BY Name 

address   name                                       
-------   ----                                       
0000a16b  ADCIntClear                                
00009cf9  ADCIntStatus                               
00009f7f  ADCProcessorTrigger                        
0000973b  ADCSequenceConfigure                       
00009ed5  ADCSequenceDataGet                         
0000a0f9  ADCSequenceDisable                         
0000a107  ADCSequenceEnable                          
000092ed  ADCSequenceStepConfigure                   
0000a1bd  C$$EXIT                                    
0000a123  CPUcpsid                                   
0000a12f  CPUcpsie                                   
00005c09  Crystalfontz128x128_Init                   
00005caf  Crystalfontz128x128_SetDrawFrame           
00005d8b  Crystalfontz128x128_SetOrientation         
0000a099  FPUEnable                                  
0000a0a9  FPULazyStackingEnable                      
00009d83  GPIODirModeSet                             
00007eed  GPIOPadConfigSet                           
00009789  GPIOPinConfigure                           
0000a1a1  GPIOPinRead                                
00009fc7  GPIOPinTypeADC                             
00009fdd  GPIOPinTypeGPIOInput                       
00009f4b  GPIOPinTypeGPIOOutput                      
00009ff3  GPIOPinTypePWM                             
0000a009  GPIOPinTypeSSI                             
0000a1a7  GPIOPinWrite                               
0000a1ad  GrContextFontSet                           
00009451  GrContextInit                              
00008e33  GrDefaultStringRenderer                    
00009ef3  GrFontCodepageGet                          
00009e71  GrFontGlyphDataGet                         
00007711  GrFontGlyphRender                          
00009e01  GrFontInfoGet                              
0000a189  GrMapISO8859_1_Unicode                     
000090d9  GrRectFill                                 
0000a01f  GrStringDraw                               
00009d27  GrStringNextCharGet                        
00008301  HAL_LCD_PortInit                           
00008357  HAL_LCD_SpiInit                            
000083b1  HAL_LCD_writeCommand                       
000083eb  HAL_LCD_writeData                          
0000a0b9  IntMasterDisable                           
0000a0c9  IntMasterEnable                            
2000d6fc  Lcd_FlagRead                               
2000d6fd  Lcd_FontSolid                              
2000d6fe  Lcd_Orientation                            
2000d6ff  Lcd_PenSolid                               
2000d6f4  Lcd_ScreenHeigth                           
2000d6f6  Lcd_ScreenWidth                            
2000d6f8  Lcd_TouchTrim                              
20000000  Lcd_buffer                                 
0000a04d  PWMClockSet                                
00009e93  PWMGenConfigure                            
0000a13b  PWMGenDisable                              
0000a147  PWMGenEnable                               
0000a0d9  PWMGenPeriodSet                            
0000a075  PWMOutputState                             
00009f11  PWMPulseWidthSet                           
0000a15f  ResetISR                                   
0000ad78  SHT$$INIT_ARRAY$$Base                      
0000ad7c  SHT$$INIT_ARRAY$$Limit                     
0000a191  SSIBusy                                    
00009b87  SSIConfigSetExpClk                         
0000a175  SSIDataPut                                 
0000a17f  SSIEnable                                  
00007965  SysCtlClockFreqSet                         
0000a1b3  SysCtlDelay                                
00009bfd  SysCtlPeripheralEnable                     
00009bc5  SysCtlPeripheralReady                      
00008b59  _Z11Buzzer_Initj                           
00008bb7  _Z11Buzzer_Playjj                          
00006f6f  _Z8DrawGamePK8PositionhS_t8GameMode        
00006f07  _Z8LCD_Initv                               
00007201  _Z9ResetGamev                              
00007279  _Z9SpawnFoodv                              
000072fd  _Z9moveSnakev                              
00004667  _ZN6Button10attachIdleEPFvvE               
00004483  _ZN6Button10setClickMsEj                   
00004495  _ZN6Button10setPressMsEj                   
000046f7  _ZN6Button10wasPressedEv                   
0000451b  _ZN6Button11attachClickEPFvPvES0_          
00004509  _ZN6Button11attachClickEPFvvE              
000044ef  _ZN6Button11attachPressEPFvPvES0_          
000044dd  _ZN6Button11attachPressEPFvvE              
00004721  _ZN6Button11wasReleasedEv                  
00004781  _ZN6Button12readPhysicalEv                 
0000475d  _ZN6Button13attachReleaseEPFvvE            
00004471  _ZN6Button13setDebounceMsEi                
000047dd  _ZN6Button14applyPadConfigEv               
0000473d  _ZN6Button15isDoubleClickedEv              
000045a9  _ZN6Button16attachMultiClickEPFvPvES0_     
00004589  _ZN6Button16attachMultiClickEPFvvE         
00004555  _ZN6Button17attachDoubleClickEPFvPvES0_    
00004535  _ZN6Button17attachDoubleClickEPFvvE        
000044cb  _ZN6Button17setTickIntervalMsEj            
00004617  _ZN6Button19attachLongPressStopEPFvPvES0_  
00004603  _ZN6Button19attachLongPressStopEPFvvE      
000045e5  _ZN6Button20attachLongPressStartEPFvPvES0_ 
000045d1  _ZN6Button20attachLongPressStartEPFvvE     
00004649  _ZN6Button21attachDuringLongPressEPFvPvES0_
00004635  _ZN6Button21attachDuringLongPressEPFvvE    
000044b9  _ZN6Button22setLongPressIntervalMsEj       
00004825  _ZN6Button3fsmEb                           
000043a1  _ZN6Button4tickEb                          
0000430f  _ZN6Button4tickEv                          
00004419  _ZN6Button5beginEv                         
0000467b  _ZN6Button5resetEv                         
00004457  _ZN6Button7setPullE10ButtonPull            
00004aad  _ZN6Button8debounceEb                      
00004a9b  _ZN6Button8newStateENS_12StateMachineE     
000044a7  _ZN6Button9setIdleMsEj                     
00004171  _ZN6ButtonC1Ehjjj10ButtonPull              
00004171  _ZN6ButtonC2Ehjjj10ButtonPull              
0000998d  _ZN8Joystick10emitCenterEv                 
000099cd  _ZN8Joystick10emitRepeatEv                 
00009daf  _ZN8Joystick10fabsf_fastEf                 
00009f97  _ZN8Joystick11setDeadzoneEf                
00009a0d  _ZN8Joystick12emitTiltStopEv               
00009a4d  _ZN8Joystick13emitTiltStartEv              
00009a8d  _ZN8Joystick14emitDirChangedEv             
00003a01  _ZN8Joystick14sanitizeRangesEv             
0000396d  _ZN8Joystick15calibrateCenterEt            
00009e27  _ZN8Joystick17setTickIntervalMsEj          
00003c8d  _ZN8Joystick18filterAndNormalizeEv         
00003adf  _ZN8Joystick19configureGpioAnalogEhRhRjS0_ 
00003e67  _ZN8Joystick21computePolarAndEventsEv      
00003b43  _ZN8Joystick21configureAdcSequencerEv      
0000392d  _ZN8Joystick4tickEv                        
000038ab  _ZN8Joystick5beginEv                       
00009c99  _ZN8Joystick6EventsC1Ev                    
00009949  _ZN8Joystick7clamp01Ef                     
00009acd  _ZN8Joystick8emitMoveEv                    
00003be1  _ZN8Joystick8readAdc2ERtS0_                
00003675  _ZN8JoystickC1Ehhhjjj10ButtonPull          
00003675  _ZN8JoystickC2Ehhhjjj10ButtonPull          
00004771  _ZNK6Button11getHoldTimeEv                 
000046df  _ZNK6Button13isLongPressedEv               
000046bd  _ZNK6Button15getNumberClicksEv             
000046cb  _ZNK6Button6isIdleEv                       
00004713  _ZNK6Button9isPressedEv                    
0000a0e9  _ZNK8Joystick10direction8Ev                
0000402d  _ZNK8Joystick9quantize8Ef                  
2000df00  __STACK_END                                
00000800  __STACK_SIZE                               
2000d900  __STACK_TOP                                
0000adb8  __TI_CINIT_Base                            
0000adc8  __TI_CINIT_Limit                           
0000ada4  __TI_Handler_Table_Base                    
0000adb0  __TI_Handler_Table_Limit                   
00009585  __TI_auto_init_nobinit                     
000094b9  __TI_decompress_lzss                       
0000a115  __TI_decompress_none                       
00009695  __TI_ltoa                                  
ffffffff  __TI_pprof_out_hndl                        
00004b35  __TI_printfi                               
ffffffff  __TI_prof_data_size                        
ffffffff  __TI_prof_data_start                       
00000000  __TI_static_base__                         
0000a153  __TI_zero_init                             
0000915f  __aeabi_cdcmpeq                            
0000915f  __aeabi_cdcmple                            
000091e5  __aeabi_cdrcmple                           
00009901  __aeabi_d2iz                               
00007d3f  __aeabi_dadd                               
000086bd  __aeabi_ddiv                               
00008c5d  __aeabi_dmul                               
00007d35  __aeabi_dsub                               
0000a199  __aeabi_errno_addr                         
00009d55  __aeabi_i2d                                
00005583  __aeabi_idiv0                              
00005583  __aeabi_ldiv0                              
00009367  __aeabi_memclr                             
00009367  __aeabi_memclr4                            
00009367  __aeabi_memclr8                            
00008fa7  __aeabi_memcpy                             
00008fa7  __aeabi_memcpy4                            
00008fa7  __aeabi_memcpy8                            
00009369  __aeabi_memset                             
00009369  __aeabi_memset4                            
00009369  __aeabi_memset8                            
00009043  __aeabi_uldivmod                           
ffffffff  __binit__                                  
ffffffff  __c_args__                                 
UNDEFED   __mpu_init                                 
2000d700  __stack                                    
20000000  __start___llvm_prf_cnts                    
00006639  __sti___8_main_cpp_main                    
20000000  __stop___llvm_prf_cnts                     
00009c31  _c_int00_noargs                            
0000a7e8  _ctypes_                                   
2000804c  _lock                                      
00004b33  _nop                                       
UNDEFED   _system_post_cinit                         
0000a1b9  _system_pre_init                           
20008050  _unlock                                    
0000a1bd  abort                                      
00008059  atan2f                                     
000081b1  atanf                                      
000097d5  atoi                                       
ffffffff  binit                                      
00009f65  copysign                                   
00009f65  copysignl                                  
00000621  eTaskGetState                              
20008068  errno                                      
0000926d  floorf                                     
00009521  frexp                                      
00009521  frexpl                                     
2000d610  gContext                                   
2000d6fa  gFood                                      
2000d6e8  gGameStateMutex                            
20008056  gScore                                     
20008058  gSnakeTickMs                               
2000d6ec  gSysClk                                    
00000000  g_pfnVectors                               
0000ad3c  g_psDefaultCodePointMapTable               
0000ad14  g_sCrystalfontz128x128                     
0000a8ec  g_sFontFixed6x8                            
20008074  gameState                                  
00008a49  ldexp                                      
00008a49  ldexpl                                     
000061ed  main                                       
00009f2f  memccpy                                    
00008fa7  memcpy                                     
0000936f  memset                                     
000033f7  pcQueueGetName                             
00000f8b  pcTaskGetName                              
0000576b  pcTimerGetName                             
0000685d  pvPortCalloc                               
000066b1  pvPortMalloc                               
00001e39  pvTaskIncrementMutexHeldCount              
00005b81  pvTimerGetTimerID                          
20008000  pxCurrentTCB                               
00008581  pxPortInitialiseStack                      
00009c65  rand                                       
00008a49  scalbn                                     
00008a49  scalbnl                                    
2000cf88  snake                                      
20008054  snakeLength                                
00009821  snprintf                                   
00009dd9  sqrtf                                      
00009e4d  srand                                      
0000a035  strchr                                     
0000a061  strlen                                     
00003107  ucQueueGetQueueType                        
0000ad70  ulMaxSyscallInterruptPriority              
00008d69  ulPortGetIPSR                              
00001e55  ulTaskGenericNotifyTake                    
0000253b  ulTaskGenericNotifyValueClear              
00006e67  uxEventGroupGetNumber                      
000088d9  uxListRemove                               
00003117  uxQueueGetQueueItemSize                    
00003125  uxQueueGetQueueLength                      
000030e7  uxQueueGetQueueNumber                      
00003085  uxQueueMessagesWaiting                     
000030bb  uxQueueMessagesWaitingFromISR              
0000309b  uxQueueSpacesAvailable                     
00000751  uxTaskBasePriorityGet                      
0000077d  uxTaskBasePriorityGetFromISR               
00000f85  uxTaskGetNumberOfTasks                     
000019f9  uxTaskGetStackHighWaterMark                
00000fbd  uxTaskGetSystemState                       
00001761  uxTaskGetTaskNumber                        
000006f3  uxTaskPriorityGet                          
00000717  uxTaskPriorityGetFromISR                   
00001e11  uxTaskResetEventItemValue                  
00005745  uxTimerGetReloadMode                       
00005bb5  uxTimerGetTimerNumber                      
00006e21  vEventGroupClearBitsCallback               
00006ddd  vEventGroupDelete                          
00006e11  vEventGroupSetBitsCallback                 
00006e87  vEventGroupSetNumber                       
000087f3  vListInitialise                            
00008823  vListInitialiseItem                        
00008871  vListInsert                                
00008833  vListInsertEnd                             
00008e25  vPortEnableVFP                             
00008621  vPortEndScheduler                          
00008623  vPortEnterCritical                         
00008643  vPortExitCritical                          
000067f5  vPortFree                                  
000069e9  vPortGetHeapStats                          
00006a8f  vPortHeapResetState                        
0000685b  vPortInitialiseBlocks                      
00008de1  vPortSVCHandler                            
0000867f  vPortSetupTimerInterrupt                   
00008e01  vPortStartFirstTask                        
00003389  vQueueAddToRegistry                        
000030d1  vQueueDelete                               
000030f5  vQueueSetQueueNumber                       
00003437  vQueueUnregisterQueue                      
0000347b  vQueueWaitForMessageRestricted             
000005c9  vTaskDelay                                 
00000465  vTaskDelete                                
00000d2b  vTaskEndScheduler                          
00002381  vTaskGenericNotifyGiveFromISR              
00001855  vTaskGetInfo                               
000016af  vTaskInternalSetTimeOutState               
00001751  vTaskMissedYield                           
00001309  vTaskPlaceOnEventList                      
0000139d  vTaskPlaceOnEventListRestricted            
0000132d  vTaskPlaceOnUnorderedEventList             
00001cf9  vTaskPriorityDisinheritAfterTimeout        
000007cd  vTaskPrioritySet                           
00001577  vTaskRemoveFromUnorderedEventList          
0000265d  vTaskResetState                            
00000a9b  vTaskResume                                
00001785  vTaskSetTaskNumber                         
00001691  vTaskSetTimeOutState                       
00000ce5  vTaskStartScheduler                        
00000943  vTaskSuspend                               
00000d75  vTaskSuspendAll                            
000012a1  vTaskSwitchContext                         
00005bd5  vTimerResetState                           
000056e7  vTimerSetReloadMode                        
00005b9b  vTimerSetTimerID                           
00005bc3  vTimerSetTimerNumber                       
0000a087  wcslen                                     
00006cb3  xEventGroupClearBits                       
00006ad1  xEventGroupCreate                          
00006cdf  xEventGroupGetBitsFromISR                  
00006d0f  xEventGroupSetBits                         
00006af1  xEventGroupSync                            
00006bc5  xEventGroupWaitBits                        
2000d6f0  xGameEvents                                
0000684f  xPortGetFreeHeapSize                       
00006855  xPortGetMinimumEverFreeHeapSize            
00008d81  xPortPendSVHandler                         
000085eb  xPortStartScheduler                        
00008659  xPortSysTickHandler                        
000028bd  xQueueCreateMutex                          
000027e3  xQueueGenericCreate                        
00002711  xQueueGenericReset                         
00002969  xQueueGenericSend                          
00002a99  xQueueGenericSendFromISR                   
00002b4b  xQueueGiveFromISR                          
000028e9  xQueueGiveMutexRecursive                   
0000331d  xQueueIsQueueEmptyFromISR                  
00003363  xQueueIsQueueFullFromISR                   
00002e67  xQueuePeek                                 
00003033  xQueuePeekFromISR                          
00002bef  xQueueReceive                              
00002f89  xQueueReceiveFromISR                       
2000d5c0  xQueueRegistry                             
00002d0d  xQueueSemaphoreTake                        
00002925  xQueueTakeMutexRecursive                   
00001095  xTaskCatchUpTicks                          
000016cd  xTaskCheckForTimeOut                       
0000026d  xTaskCreate                                
00000539  xTaskDelayUntil                            
00002005  xTaskGenericNotify                         
00002191  xTaskGenericNotifyFromISR                  
000024f1  xTaskGenericNotifyStateClear               
00001f15  xTaskGenericNotifyWait                     
00001a71  xTaskGetCurrentTaskHandle                  
00001a9d  xTaskGetCurrentTaskHandleForCore           
00001ac7  xTaskGetSchedulerState                     
00000f5d  xTaskGetTickCount                          
00000f71  xTaskGetTickCountFromISR                   
000010d1  xTaskIncrementTick                         
00001c0b  xTaskPriorityDisinherit                    
00001af1  xTaskPriorityInherit                       
00001419  xTaskRemoveFromEventList                   
00000d91  xTaskResumeAll                             
00000b79  xTaskResumeFromISR                         
000055b1  xTimerCreate                               
00005585  xTimerCreateTimerTask                      
0000568f  xTimerGenericCommandFromISR                
00005635  xTimerGenericCommandFromTask               
00005755  xTimerGetExpiryTime                        
000056d5  xTimerGetPeriod                            
0000571d  xTimerGetReloadMode                        
000056cf  xTimerGetTimerDaemonTaskHandle             
00005b55  xTimerIsTimerActive                        


GLOBAL SYMBOLS: SORTED BY Symbol Address 

address   name                                       
-------   ----                                       
00000000  __TI_static_base__                         
00000000  g_pfnVectors                               
0000026d  xTaskCreate                                
00000465  vTaskDelete                                
00000539  xTaskDelayUntil                            
000005c9  vTaskDelay                                 
00000621  eTaskGetState                              
000006f3  uxTaskPriorityGet                          
00000717  uxTaskPriorityGetFromISR                   
00000751  uxTaskBasePriorityGet                      
0000077d  uxTaskBasePriorityGetFromISR               
000007cd  vTaskPrioritySet                           
00000800  __STACK_SIZE                               
00000943  vTaskSuspend                               
00000a9b  vTaskResume                                
00000b79  xTaskResumeFromISR                         
00000ce5  vTaskStartScheduler                        
00000d2b  vTaskEndScheduler                          
00000d75  vTaskSuspendAll                            
00000d91  xTaskResumeAll                             
00000f5d  xTaskGetTickCount                          
00000f71  xTaskGetTickCountFromISR                   
00000f85  uxTaskGetNumberOfTasks                     
00000f8b  pcTaskGetName                              
00000fbd  uxTaskGetSystemState                       
00001095  xTaskCatchUpTicks                          
000010d1  xTaskIncrementTick                         
000012a1  vTaskSwitchContext                         
00001309  vTaskPlaceOnEventList                      
0000132d  vTaskPlaceOnUnorderedEventList             
0000139d  vTaskPlaceOnEventListRestricted            
00001419  xTaskRemoveFromEventList                   
00001577  vTaskRemoveFromUnorderedEventList          
00001691  vTaskSetTimeOutState                       
000016af  vTaskInternalSetTimeOutState               
000016cd  xTaskCheckForTimeOut                       
00001751  vTaskMissedYield                           
00001761  uxTaskGetTaskNumber                        
00001785  vTaskSetTaskNumber                         
00001855  vTaskGetInfo                               
000019f9  uxTaskGetStackHighWaterMark                
00001a71  xTaskGetCurrentTaskHandle                  
00001a9d  xTaskGetCurrentTaskHandleForCore           
00001ac7  xTaskGetSchedulerState                     
00001af1  xTaskPriorityInherit                       
00001c0b  xTaskPriorityDisinherit                    
00001cf9  vTaskPriorityDisinheritAfterTimeout        
00001e11  uxTaskResetEventItemValue                  
00001e39  pvTaskIncrementMutexHeldCount              
00001e55  ulTaskGenericNotifyTake                    
00001f15  xTaskGenericNotifyWait                     
00002005  xTaskGenericNotify                         
00002191  xTaskGenericNotifyFromISR                  
00002381  vTaskGenericNotifyGiveFromISR              
000024f1  xTaskGenericNotifyStateClear               
0000253b  ulTaskGenericNotifyValueClear              
0000265d  vTaskResetState                            
00002711  xQueueGenericReset                         
000027e3  xQueueGenericCreate                        
000028bd  xQueueCreateMutex                          
000028e9  xQueueGiveMutexRecursive                   
00002925  xQueueTakeMutexRecursive                   
00002969  xQueueGenericSend                          
00002a99  xQueueGenericSendFromISR                   
00002b4b  xQueueGiveFromISR                          
00002bef  xQueueReceive                              
00002d0d  xQueueSemaphoreTake                        
00002e67  xQueuePeek                                 
00002f89  xQueueReceiveFromISR                       
00003033  xQueuePeekFromISR                          
00003085  uxQueueMessagesWaiting                     
0000309b  uxQueueSpacesAvailable                     
000030bb  uxQueueMessagesWaitingFromISR              
000030d1  vQueueDelete                               
000030e7  uxQueueGetQueueNumber                      
000030f5  vQueueSetQueueNumber                       
00003107  ucQueueGetQueueType                        
00003117  uxQueueGetQueueItemSize                    
00003125  uxQueueGetQueueLength                      
0000331d  xQueueIsQueueEmptyFromISR                  
00003363  xQueueIsQueueFullFromISR                   
00003389  vQueueAddToRegistry                        
000033f7  pcQueueGetName                             
00003437  vQueueUnregisterQueue                      
0000347b  vQueueWaitForMessageRestricted             
00003675  _ZN8JoystickC1Ehhhjjj10ButtonPull          
00003675  _ZN8JoystickC2Ehhhjjj10ButtonPull          
000038ab  _ZN8Joystick5beginEv                       
0000392d  _ZN8Joystick4tickEv                        
0000396d  _ZN8Joystick15calibrateCenterEt            
00003a01  _ZN8Joystick14sanitizeRangesEv             
00003adf  _ZN8Joystick19configureGpioAnalogEhRhRjS0_ 
00003b43  _ZN8Joystick21configureAdcSequencerEv      
00003be1  _ZN8Joystick8readAdc2ERtS0_                
00003c8d  _ZN8Joystick18filterAndNormalizeEv         
00003e67  _ZN8Joystick21computePolarAndEventsEv      
0000402d  _ZNK8Joystick9quantize8Ef                  
00004171  _ZN6ButtonC1Ehjjj10ButtonPull              
00004171  _ZN6ButtonC2Ehjjj10ButtonPull              
0000430f  _ZN6Button4tickEv                          
000043a1  _ZN6Button4tickEb                          
00004419  _ZN6Button5beginEv                         
00004457  _ZN6Button7setPullE10ButtonPull            
00004471  _ZN6Button13setDebounceMsEi                
00004483  _ZN6Button10setClickMsEj                   
00004495  _ZN6Button10setPressMsEj                   
000044a7  _ZN6Button9setIdleMsEj                     
000044b9  _ZN6Button22setLongPressIntervalMsEj       
000044cb  _ZN6Button17setTickIntervalMsEj            
000044dd  _ZN6Button11attachPressEPFvvE              
000044ef  _ZN6Button11attachPressEPFvPvES0_          
00004509  _ZN6Button11attachClickEPFvvE              
0000451b  _ZN6Button11attachClickEPFvPvES0_          
00004535  _ZN6Button17attachDoubleClickEPFvvE        
00004555  _ZN6Button17attachDoubleClickEPFvPvES0_    
00004589  _ZN6Button16attachMultiClickEPFvvE         
000045a9  _ZN6Button16attachMultiClickEPFvPvES0_     
000045d1  _ZN6Button20attachLongPressStartEPFvvE     
000045e5  _ZN6Button20attachLongPressStartEPFvPvES0_ 
00004603  _ZN6Button19attachLongPressStopEPFvvE      
00004617  _ZN6Button19attachLongPressStopEPFvPvES0_  
00004635  _ZN6Button21attachDuringLongPressEPFvvE    
00004649  _ZN6Button21attachDuringLongPressEPFvPvES0_
00004667  _ZN6Button10attachIdleEPFvvE               
0000467b  _ZN6Button5resetEv                         
000046bd  _ZNK6Button15getNumberClicksEv             
000046cb  _ZNK6Button6isIdleEv                       
000046df  _ZNK6Button13isLongPressedEv               
000046f7  _ZN6Button10wasPressedEv                   
00004713  _ZNK6Button9isPressedEv                    
00004721  _ZN6Button11wasReleasedEv                  
0000473d  _ZN6Button15isDoubleClickedEv              
0000475d  _ZN6Button13attachReleaseEPFvvE            
00004771  _ZNK6Button11getHoldTimeEv                 
00004781  _ZN6Button12readPhysicalEv                 
000047dd  _ZN6Button14applyPadConfigEv               
00004825  _ZN6Button3fsmEb                           
00004a9b  _ZN6Button8newStateENS_12StateMachineE     
00004aad  _ZN6Button8debounceEb                      
00004b33  _nop                                       
00004b35  __TI_printfi                               
00005583  __aeabi_idiv0                              
00005583  __aeabi_ldiv0                              
00005585  xTimerCreateTimerTask                      
000055b1  xTimerCreate                               
00005635  xTimerGenericCommandFromTask               
0000568f  xTimerGenericCommandFromISR                
000056cf  xTimerGetTimerDaemonTaskHandle             
000056d5  xTimerGetPeriod                            
000056e7  vTimerSetReloadMode                        
0000571d  xTimerGetReloadMode                        
00005745  uxTimerGetReloadMode                       
00005755  xTimerGetExpiryTime                        
0000576b  pcTimerGetName                             
00005b55  xTimerIsTimerActive                        
00005b81  pvTimerGetTimerID                          
00005b9b  vTimerSetTimerID                           
00005bb5  uxTimerGetTimerNumber                      
00005bc3  vTimerSetTimerNumber                       
00005bd5  vTimerResetState                           
00005c09  Crystalfontz128x128_Init                   
00005caf  Crystalfontz128x128_SetDrawFrame           
00005d8b  Crystalfontz128x128_SetOrientation         
000061ed  main                                       
00006639  __sti___8_main_cpp_main                    
000066b1  pvPortMalloc                               
000067f5  vPortFree                                  
0000684f  xPortGetFreeHeapSize                       
00006855  xPortGetMinimumEverFreeHeapSize            
0000685b  vPortInitialiseBlocks                      
0000685d  pvPortCalloc                               
000069e9  vPortGetHeapStats                          
00006a8f  vPortHeapResetState                        
00006ad1  xEventGroupCreate                          
00006af1  xEventGroupSync                            
00006bc5  xEventGroupWaitBits                        
00006cb3  xEventGroupClearBits                       
00006cdf  xEventGroupGetBitsFromISR                  
00006d0f  xEventGroupSetBits                         
00006ddd  vEventGroupDelete                          
00006e11  vEventGroupSetBitsCallback                 
00006e21  vEventGroupClearBitsCallback               
00006e67  uxEventGroupGetNumber                      
00006e87  vEventGroupSetNumber                       
00006f07  _Z8LCD_Initv                               
00006f6f  _Z8DrawGamePK8PositionhS_t8GameMode        
00007201  _Z9ResetGamev                              
00007279  _Z9SpawnFoodv                              
000072fd  _Z9moveSnakev                              
00007711  GrFontGlyphRender                          
00007965  SysCtlClockFreqSet                         
00007d35  __aeabi_dsub                               
00007d3f  __aeabi_dadd                               
00007eed  GPIOPadConfigSet                           
00008059  atan2f                                     
000081b1  atanf                                      
00008301  HAL_LCD_PortInit                           
00008357  HAL_LCD_SpiInit                            
000083b1  HAL_LCD_writeCommand                       
000083eb  HAL_LCD_writeData                          
00008581  pxPortInitialiseStack                      
000085eb  xPortStartScheduler                        
00008621  vPortEndScheduler                          
00008623  vPortEnterCritical                         
00008643  vPortExitCritical                          
00008659  xPortSysTickHandler                        
0000867f  vPortSetupTimerInterrupt                   
000086bd  __aeabi_ddiv                               
000087f3  vListInitialise                            
00008823  vListInitialiseItem                        
00008833  vListInsertEnd                             
00008871  vListInsert                                
000088d9  uxListRemove                               
00008a49  ldexp                                      
00008a49  ldexpl                                     
00008a49  scalbn                                     
00008a49  scalbnl                                    
00008b59  _Z11Buzzer_Initj                           
00008bb7  _Z11Buzzer_Playjj                          
00008c5d  __aeabi_dmul                               
00008d69  ulPortGetIPSR                              
00008d81  xPortPendSVHandler                         
00008de1  vPortSVCHandler                            
00008e01  vPortStartFirstTask                        
00008e25  vPortEnableVFP                             
00008e33  GrDefaultStringRenderer                    
00008fa7  __aeabi_memcpy                             
00008fa7  __aeabi_memcpy4                            
00008fa7  __aeabi_memcpy8                            
00008fa7  memcpy                                     
00009043  __aeabi_uldivmod                           
000090d9  GrRectFill                                 
0000915f  __aeabi_cdcmpeq                            
0000915f  __aeabi_cdcmple                            
000091e5  __aeabi_cdrcmple                           
0000926d  floorf                                     
000092ed  ADCSequenceStepConfigure                   
00009367  __aeabi_memclr                             
00009367  __aeabi_memclr4                            
00009367  __aeabi_memclr8                            
00009369  __aeabi_memset                             
00009369  __aeabi_memset4                            
00009369  __aeabi_memset8                            
0000936f  memset                                     
00009451  GrContextInit                              
000094b9  __TI_decompress_lzss                       
00009521  frexp                                      
00009521  frexpl                                     
00009585  __TI_auto_init_nobinit                     
00009695  __TI_ltoa                                  
0000973b  ADCSequenceConfigure                       
00009789  GPIOPinConfigure                           
000097d5  atoi                                       
00009821  snprintf                                   
00009901  __aeabi_d2iz                               
00009949  _ZN8Joystick7clamp01Ef                     
0000998d  _ZN8Joystick10emitCenterEv                 
000099cd  _ZN8Joystick10emitRepeatEv                 
00009a0d  _ZN8Joystick12emitTiltStopEv               
00009a4d  _ZN8Joystick13emitTiltStartEv              
00009a8d  _ZN8Joystick14emitDirChangedEv             
00009acd  _ZN8Joystick8emitMoveEv                    
00009b87  SSIConfigSetExpClk                         
00009bc5  SysCtlPeripheralReady                      
00009bfd  SysCtlPeripheralEnable                     
00009c31  _c_int00_noargs                            
00009c65  rand                                       
00009c99  _ZN8Joystick6EventsC1Ev                    
00009cf9  ADCIntStatus                               
00009d27  GrStringNextCharGet                        
00009d55  __aeabi_i2d                                
00009d83  GPIODirModeSet                             
00009daf  _ZN8Joystick10fabsf_fastEf                 
00009dd9  sqrtf                                      
00009e01  GrFontInfoGet                              
00009e27  _ZN8Joystick17setTickIntervalMsEj          
00009e4d  srand                                      
00009e71  GrFontGlyphDataGet                         
00009e93  PWMGenConfigure                            
00009ed5  ADCSequenceDataGet                         
00009ef3  GrFontCodepageGet                          
00009f11  PWMPulseWidthSet                           
00009f2f  memccpy                                    
00009f4b  GPIOPinTypeGPIOOutput                      
00009f65  copysign                                   
00009f65  copysignl                                  
00009f7f  ADCProcessorTrigger                        
00009f97  _ZN8Joystick11setDeadzoneEf                
00009fc7  GPIOPinTypeADC                             
00009fdd  GPIOPinTypeGPIOInput                       
00009ff3  GPIOPinTypePWM                             
0000a009  GPIOPinTypeSSI                             
0000a01f  GrStringDraw                               
0000a035  strchr                                     
0000a04d  PWMClockSet                                
0000a061  strlen                                     
0000a075  PWMOutputState                             
0000a087  wcslen                                     
0000a099  FPUEnable                                  
0000a0a9  FPULazyStackingEnable                      
0000a0b9  IntMasterDisable                           
0000a0c9  IntMasterEnable                            
0000a0d9  PWMGenPeriodSet                            
0000a0e9  _ZNK8Joystick10direction8Ev                
0000a0f9  ADCSequenceDisable                         
0000a107  ADCSequenceEnable                          
0000a115  __TI_decompress_none                       
0000a123  CPUcpsid                                   
0000a12f  CPUcpsie                                   
0000a13b  PWMGenDisable                              
0000a147  PWMGenEnable                               
0000a153  __TI_zero_init                             
0000a15f  ResetISR                                   
0000a16b  ADCIntClear                                
0000a175  SSIDataPut                                 
0000a17f  SSIEnable                                  
0000a189  GrMapISO8859_1_Unicode                     
0000a191  SSIBusy                                    
0000a199  __aeabi_errno_addr                         
0000a1a1  GPIOPinRead                                
0000a1a7  GPIOPinWrite                               
0000a1ad  GrContextFontSet                           
0000a1b3  SysCtlDelay                                
0000a1b9  _system_pre_init                           
0000a1bd  C$$EXIT                                    
0000a1bd  abort                                      
0000a7e8  _ctypes_                                   
0000a8ec  g_sFontFixed6x8                            
0000ad14  g_sCrystalfontz128x128                     
0000ad3c  g_psDefaultCodePointMapTable               
0000ad70  ulMaxSyscallInterruptPriority              
0000ad78  SHT$$INIT_ARRAY$$Base                      
0000ad7c  SHT$$INIT_ARRAY$$Limit                     
0000ada4  __TI_Handler_Table_Base                    
0000adb0  __TI_Handler_Table_Limit                   
0000adb8  __TI_CINIT_Base                            
0000adc8  __TI_CINIT_Limit                           
20000000  Lcd_buffer                                 
20000000  __start___llvm_prf_cnts                    
20000000  __stop___llvm_prf_cnts                     
20008000  pxCurrentTCB                               
2000804c  _lock                                      
20008050  _unlock                                    
20008054  snakeLength                                
20008056  gScore                                     
20008058  gSnakeTickMs                               
20008068  errno                                      
20008074  gameState                                  
2000cf88  snake                                      
2000d5c0  xQueueRegistry                             
2000d610  gContext                                   
2000d6e8  gGameStateMutex                            
2000d6ec  gSysClk                                    
2000d6f0  xGameEvents                                
2000d6f4  Lcd_ScreenHeigth                           
2000d6f6  Lcd_ScreenWidth                            
2000d6f8  Lcd_TouchTrim                              
2000d6fa  gFood                                      
2000d6fc  Lcd_FlagRead                               
2000d6fd  Lcd_FontSolid                              
2000d6fe  Lcd_Orientation                            
2000d6ff  Lcd_PenSolid                               
2000d700  __stack                                    
2000d900  __STACK_TOP                                
2000df00  __STACK_END                                
ffffffff  __TI_pprof_out_hndl                        
ffffffff  __TI_prof_data_size                        
ffffffff  __TI_prof_data_start                       
ffffffff  __binit__                                  
ffffffff  __c_args__                                 
ffffffff  binit                                      
UNDEFED   __mpu_init                                 
UNDEFED   _system_post_cinit                         

[373 symbols]
