<?xml version="1.0" encoding="ISO-8859-1" ?>
<link_info>
   <banner>TI ARM Linker Unix v20.2.7.LTS</banner>
   <copyright>Copyright (c) 1996-2018 Texas Instruments Incorporated</copyright>
   <link_time>0x69e1cdde</link_time>
   <link_errors>0x0</link_errors>
   <output_file>ece3849_lab3_lphung_shtran.out</output_file>
   <entry_point>
      <name>_c_int00_noargs</name>
      <address>0x9659</address>
   </entry_point>
   <input_file_list>
      <input_file id="fl-2">
         <path>./</path>
         <kind>object</kind>
         <file>Crystalfontz128x128_ST7735.obj</file>
         <name>Crystalfontz128x128_ST7735.obj</name>
      </input_file>
      <input_file id="fl-3">
         <path>./</path>
         <kind>object</kind>
         <file>HAL_EK_TM4C1294XL_Crystalfontz128x128_ST7735.obj</file>
         <name>HAL_EK_TM4C1294XL_Crystalfontz128x128_ST7735.obj</name>
      </input_file>
      <input_file id="fl-4">
         <path>./</path>
         <kind>object</kind>
         <file>button.obj</file>
         <name>button.obj</name>
      </input_file>
      <input_file id="fl-5">
         <path>./</path>
         <kind>object</kind>
         <file>display.obj</file>
         <name>display.obj</name>
      </input_file>
      <input_file id="fl-6">
         <path>./</path>
         <kind>object</kind>
         <file>game.obj</file>
         <name>game.obj</name>
      </input_file>
      <input_file id="fl-7">
         <path>./</path>
         <kind>object</kind>
         <file>joystick.obj</file>
         <name>joystick.obj</name>
      </input_file>
      <input_file id="fl-8">
         <path>./</path>
         <kind>object</kind>
         <file>main.obj</file>
         <name>main.obj</name>
      </input_file>
      <input_file id="fl-9">
         <path>./</path>
         <kind>object</kind>
         <file>startup_ccs.obj</file>
         <name>startup_ccs.obj</name>
      </input_file>
      <input_file id="fl-a">
         <path>./</path>
         <kind>object</kind>
         <file>timerLib.obj</file>
         <name>timerLib.obj</name>
      </input_file>
      <input_file id="fl-b">
         <path>./FreeRTOS/</path>
         <kind>object</kind>
         <file>croutine.obj</file>
         <name>croutine.obj</name>
      </input_file>
      <input_file id="fl-c">
         <path>./FreeRTOS/</path>
         <kind>object</kind>
         <file>event_groups.obj</file>
         <name>event_groups.obj</name>
      </input_file>
      <input_file id="fl-d">
         <path>./FreeRTOS/</path>
         <kind>object</kind>
         <file>list.obj</file>
         <name>list.obj</name>
      </input_file>
      <input_file id="fl-e">
         <path>./FreeRTOS/</path>
         <kind>object</kind>
         <file>queue.obj</file>
         <name>queue.obj</name>
      </input_file>
      <input_file id="fl-f">
         <path>./FreeRTOS/</path>
         <kind>object</kind>
         <file>stream_buffer.obj</file>
         <name>stream_buffer.obj</name>
      </input_file>
      <input_file id="fl-10">
         <path>./FreeRTOS/</path>
         <kind>object</kind>
         <file>tasks.obj</file>
         <name>tasks.obj</name>
      </input_file>
      <input_file id="fl-11">
         <path>./FreeRTOS/</path>
         <kind>object</kind>
         <file>timers.obj</file>
         <name>timers.obj</name>
      </input_file>
      <input_file id="fl-12">
         <path>./FreeRTOS/portable/CCS/ARM_CM4F/</path>
         <kind>object</kind>
         <file>port.obj</file>
         <name>port.obj</name>
      </input_file>
      <input_file id="fl-13">
         <path>./FreeRTOS/portable/CCS/ARM_CM4F/</path>
         <kind>object</kind>
         <file>portasm.obj</file>
         <name>portasm.obj</name>
      </input_file>
      <input_file id="fl-14">
         <path>./FreeRTOS/portable/MemMang/</path>
         <kind>object</kind>
         <file>heap_4.obj</file>
         <name>heap_4.obj</name>
      </input_file>
      <input_file id="fl-1a">
         <kind>object</kind>
         <file>&lt;internal&gt;</file>
         <name>&lt;internal&gt;</name>
      </input_file>
      <input_file id="fl-d0">
         <path>/Applications/ti/ccs1281/ccs/tools/compiler/ti-cgt-arm_20.2.7.LTS/lib/</path>
         <kind>archive</kind>
         <file>rtsv7M4_T_le_v4SPD16_eabi.lib</file>
         <name>e_atan2f.c.obj</name>
      </input_file>
      <input_file id="fl-d1">
         <path>/Applications/ti/ccs1281/ccs/tools/compiler/ti-cgt-arm_20.2.7.LTS/lib/</path>
         <kind>archive</kind>
         <file>rtsv7M4_T_le_v4SPD16_eabi.lib</file>
         <name>e_sqrtf.c.obj</name>
      </input_file>
      <input_file id="fl-d2">
         <path>/Applications/ti/ccs1281/ccs/tools/compiler/ti-cgt-arm_20.2.7.LTS/lib/</path>
         <kind>archive</kind>
         <file>rtsv7M4_T_le_v4SPD16_eabi.lib</file>
         <name>s_atanf.c.obj</name>
      </input_file>
      <input_file id="fl-d3">
         <path>/Applications/ti/ccs1281/ccs/tools/compiler/ti-cgt-arm_20.2.7.LTS/lib/</path>
         <kind>archive</kind>
         <file>rtsv7M4_T_le_v4SPD16_eabi.lib</file>
         <name>s_floorf.c.obj</name>
      </input_file>
      <input_file id="fl-d4">
         <path>/Applications/ti/ccs1281/ccs/tools/compiler/ti-cgt-arm_20.2.7.LTS/lib/</path>
         <kind>archive</kind>
         <file>rtsv7M4_T_le_v4SPD16_eabi.lib</file>
         <name>snprintf.c.obj</name>
      </input_file>
      <input_file id="fl-d5">
         <path>/Applications/ti/ccs1281/ccs/tools/compiler/ti-cgt-arm_20.2.7.LTS/lib/</path>
         <kind>archive</kind>
         <file>rtsv7M4_T_le_v4SPD16_eabi.lib</file>
         <name>memcpy_t2.asm.obj</name>
      </input_file>
      <input_file id="fl-d6">
         <path>/Applications/ti/ccs1281/ccs/tools/compiler/ti-cgt-arm_20.2.7.LTS/lib/</path>
         <kind>archive</kind>
         <file>rtsv7M4_T_le_v4SPD16_eabi.lib</file>
         <name>memset_t2.asm.obj</name>
      </input_file>
      <input_file id="fl-d7">
         <path>/Applications/ti/ccs1281/ccs/tools/compiler/ti-cgt-arm_20.2.7.LTS/lib/</path>
         <kind>archive</kind>
         <file>rtsv7M4_T_le_v4SPD16_eabi.lib</file>
         <name>ull_div_t2.asm.obj</name>
      </input_file>
      <input_file id="fl-d8">
         <path>/Applications/ti/ccs1281/ccs/tools/compiler/ti-cgt-arm_20.2.7.LTS/lib/</path>
         <kind>archive</kind>
         <file>rtsv7M4_T_le_v4SPD16_eabi.lib</file>
         <name>copy_zero_init.c.obj</name>
      </input_file>
      <input_file id="fl-d9">
         <path>/Applications/ti/ccs1281/ccs/tools/compiler/ti-cgt-arm_20.2.7.LTS/lib/</path>
         <kind>archive</kind>
         <file>rtsv7M4_T_le_v4SPD16_eabi.lib</file>
         <name>copy_decompress_none.c.obj</name>
      </input_file>
      <input_file id="fl-da">
         <path>/Applications/ti/ccs1281/ccs/tools/compiler/ti-cgt-arm_20.2.7.LTS/lib/</path>
         <kind>archive</kind>
         <file>rtsv7M4_T_le_v4SPD16_eabi.lib</file>
         <name>copy_decompress_lzss.c.obj</name>
      </input_file>
      <input_file id="fl-db">
         <path>/Applications/ti/ccs1281/ccs/tools/compiler/ti-cgt-arm_20.2.7.LTS/lib/</path>
         <kind>archive</kind>
         <file>rtsv7M4_T_le_v4SPD16_eabi.lib</file>
         <name>rand.c.obj</name>
      </input_file>
      <input_file id="fl-dc">
         <path>/Applications/ti/ccs1281/ccs/tools/compiler/ti-cgt-arm_20.2.7.LTS/lib/</path>
         <kind>archive</kind>
         <file>rtsv7M4_T_le_v4SPD16_eabi.lib</file>
         <name>boot_cortex_m.c.obj</name>
      </input_file>
      <input_file id="fl-dd">
         <path>/Applications/ti/ccs1281/ccs/tools/compiler/ti-cgt-arm_20.2.7.LTS/lib/</path>
         <kind>archive</kind>
         <file>rtsv7M4_T_le_v4SPD16_eabi.lib</file>
         <name>errno.c.obj</name>
      </input_file>
      <input_file id="fl-de">
         <path>/Applications/ti/ccs1281/ccs/tools/compiler/ti-cgt-arm_20.2.7.LTS/lib/</path>
         <kind>archive</kind>
         <file>rtsv7M4_T_le_v4SPD16_eabi.lib</file>
         <name>_printfi.c.obj</name>
      </input_file>
      <input_file id="fl-df">
         <path>/Applications/ti/ccs1281/ccs/tools/compiler/ti-cgt-arm_20.2.7.LTS/lib/</path>
         <kind>archive</kind>
         <file>rtsv7M4_T_le_v4SPD16_eabi.lib</file>
         <name>div0.asm.obj</name>
      </input_file>
      <input_file id="fl-e0">
         <path>/Applications/ti/ccs1281/ccs/tools/compiler/ti-cgt-arm_20.2.7.LTS/lib/</path>
         <kind>archive</kind>
         <file>rtsv7M4_T_le_v4SPD16_eabi.lib</file>
         <name>fd_add_t2.asm.obj</name>
      </input_file>
      <input_file id="fl-e1">
         <path>/Applications/ti/ccs1281/ccs/tools/compiler/ti-cgt-arm_20.2.7.LTS/lib/</path>
         <kind>archive</kind>
         <file>rtsv7M4_T_le_v4SPD16_eabi.lib</file>
         <name>fd_cmp_t2.asm.obj</name>
      </input_file>
      <input_file id="fl-e2">
         <path>/Applications/ti/ccs1281/ccs/tools/compiler/ti-cgt-arm_20.2.7.LTS/lib/</path>
         <kind>archive</kind>
         <file>rtsv7M4_T_le_v4SPD16_eabi.lib</file>
         <name>fd_div_t2.asm.obj</name>
      </input_file>
      <input_file id="fl-e3">
         <path>/Applications/ti/ccs1281/ccs/tools/compiler/ti-cgt-arm_20.2.7.LTS/lib/</path>
         <kind>archive</kind>
         <file>rtsv7M4_T_le_v4SPD16_eabi.lib</file>
         <name>fd_mul_t2.asm.obj</name>
      </input_file>
      <input_file id="fl-e4">
         <path>/Applications/ti/ccs1281/ccs/tools/compiler/ti-cgt-arm_20.2.7.LTS/lib/</path>
         <kind>archive</kind>
         <file>rtsv7M4_T_le_v4SPD16_eabi.lib</file>
         <name>fd_toi_t2.asm.obj</name>
      </input_file>
      <input_file id="fl-e5">
         <path>/Applications/ti/ccs1281/ccs/tools/compiler/ti-cgt-arm_20.2.7.LTS/lib/</path>
         <kind>archive</kind>
         <file>rtsv7M4_T_le_v4SPD16_eabi.lib</file>
         <name>i_tofd_t2.asm.obj</name>
      </input_file>
      <input_file id="fl-e6">
         <path>/Applications/ti/ccs1281/ccs/tools/compiler/ti-cgt-arm_20.2.7.LTS/lib/</path>
         <kind>archive</kind>
         <file>rtsv7M4_T_le_v4SPD16_eabi.lib</file>
         <name>autoinit.c.obj</name>
      </input_file>
      <input_file id="fl-e7">
         <path>/Applications/ti/ccs1281/ccs/tools/compiler/ti-cgt-arm_20.2.7.LTS/lib/</path>
         <kind>archive</kind>
         <file>rtsv7M4_T_le_v4SPD16_eabi.lib</file>
         <name>pre_init.c.obj</name>
      </input_file>
      <input_file id="fl-e8">
         <path>/Applications/ti/ccs1281/ccs/tools/compiler/ti-cgt-arm_20.2.7.LTS/lib/</path>
         <kind>archive</kind>
         <file>rtsv7M4_T_le_v4SPD16_eabi.lib</file>
         <name>cpy_tbl.c.obj</name>
      </input_file>
      <input_file id="fl-e9">
         <path>/Applications/ti/ccs1281/ccs/tools/compiler/ti-cgt-arm_20.2.7.LTS/lib/</path>
         <kind>archive</kind>
         <file>rtsv7M4_T_le_v4SPD16_eabi.lib</file>
         <name>exit.c.obj</name>
      </input_file>
      <input_file id="fl-ea">
         <path>/Applications/ti/ccs1281/ccs/tools/compiler/ti-cgt-arm_20.2.7.LTS/lib/</path>
         <kind>archive</kind>
         <file>rtsv7M4_T_le_v4SPD16_eabi.lib</file>
         <name>_lock.c.obj</name>
      </input_file>
      <input_file id="fl-eb">
         <path>/Applications/ti/ccs1281/ccs/tools/compiler/ti-cgt-arm_20.2.7.LTS/lib/</path>
         <kind>archive</kind>
         <file>rtsv7M4_T_le_v4SPD16_eabi.lib</file>
         <name>_ltoa.c.obj</name>
      </input_file>
      <input_file id="fl-ec">
         <path>/Applications/ti/ccs1281/ccs/tools/compiler/ti-cgt-arm_20.2.7.LTS/lib/</path>
         <kind>archive</kind>
         <file>rtsv7M4_T_le_v4SPD16_eabi.lib</file>
         <name>args_main.c.obj</name>
      </input_file>
      <input_file id="fl-ed">
         <path>/Applications/ti/ccs1281/ccs/tools/compiler/ti-cgt-arm_20.2.7.LTS/lib/</path>
         <kind>archive</kind>
         <file>rtsv7M4_T_le_v4SPD16_eabi.lib</file>
         <name>atoi.c.obj</name>
      </input_file>
      <input_file id="fl-ee">
         <path>/Applications/ti/ccs1281/ccs/tools/compiler/ti-cgt-arm_20.2.7.LTS/lib/</path>
         <kind>archive</kind>
         <file>rtsv7M4_T_le_v4SPD16_eabi.lib</file>
         <name>ctype.c.obj</name>
      </input_file>
      <input_file id="fl-ef">
         <path>/Applications/ti/ccs1281/ccs/tools/compiler/ti-cgt-arm_20.2.7.LTS/lib/</path>
         <kind>archive</kind>
         <file>rtsv7M4_T_le_v4SPD16_eabi.lib</file>
         <name>memccpy.c.obj</name>
      </input_file>
      <input_file id="fl-f0">
         <path>/Applications/ti/ccs1281/ccs/tools/compiler/ti-cgt-arm_20.2.7.LTS/lib/</path>
         <kind>archive</kind>
         <file>rtsv7M4_T_le_v4SPD16_eabi.lib</file>
         <name>strchr.c.obj</name>
      </input_file>
      <input_file id="fl-f1">
         <path>/Applications/ti/ccs1281/ccs/tools/compiler/ti-cgt-arm_20.2.7.LTS/lib/</path>
         <kind>archive</kind>
         <file>rtsv7M4_T_le_v4SPD16_eabi.lib</file>
         <name>strlen.c.obj</name>
      </input_file>
      <input_file id="fl-f2">
         <path>/Applications/ti/ccs1281/ccs/tools/compiler/ti-cgt-arm_20.2.7.LTS/lib/</path>
         <kind>archive</kind>
         <file>rtsv7M4_T_le_v4SPD16_eabi.lib</file>
         <name>wcslen.c.obj</name>
      </input_file>
      <input_file id="fl-f3">
         <path>/Applications/ti/ccs1281/ccs/tools/compiler/ti-cgt-arm_20.2.7.LTS/lib/</path>
         <kind>archive</kind>
         <file>rtsv7M4_T_le_v4SPD16_eabi.lib</file>
         <name>s_frexp.c.obj</name>
      </input_file>
      <input_file id="fl-f4">
         <path>/Applications/ti/ccs1281/ccs/tools/compiler/ti-cgt-arm_20.2.7.LTS/lib/</path>
         <kind>archive</kind>
         <file>rtsv7M4_T_le_v4SPD16_eabi.lib</file>
         <name>s_scalbn.c.obj</name>
      </input_file>
      <input_file id="fl-f5">
         <path>/Applications/ti/ccs1281/ccs/tools/compiler/ti-cgt-arm_20.2.7.LTS/lib/</path>
         <kind>archive</kind>
         <file>rtsv7M4_T_le_v4SPD16_eabi.lib</file>
         <name>s_copysign.c.obj</name>
      </input_file>
      <input_file id="fl-f6">
         <path>/Users/Doanh/ti/TivaWare_C_Series-2.2.0.295/grlib/ccs/Debug/</path>
         <kind>archive</kind>
         <file>grlib.lib</file>
         <name>context.obj</name>
      </input_file>
      <input_file id="fl-f7">
         <path>/Users/Doanh/ti/TivaWare_C_Series-2.2.0.295/grlib/ccs/Debug/</path>
         <kind>archive</kind>
         <file>grlib.lib</file>
         <name>rectangle.obj</name>
      </input_file>
      <input_file id="fl-f8">
         <path>/Users/Doanh/ti/TivaWare_C_Series-2.2.0.295/grlib/ccs/Debug/</path>
         <kind>archive</kind>
         <file>grlib.lib</file>
         <name>string.obj</name>
      </input_file>
      <input_file id="fl-f9">
         <path>/Users/Doanh/ti/TivaWare_C_Series-2.2.0.295/grlib/ccs/Debug/</path>
         <kind>archive</kind>
         <file>grlib.lib</file>
         <name>fontfixed6x8.obj</name>
      </input_file>
      <input_file id="fl-fa">
         <path>/Users/Doanh/ti/TivaWare_C_Series-2.2.0.295/grlib/ccs/Debug/</path>
         <kind>archive</kind>
         <file>grlib.lib</file>
         <name>charmap.obj</name>
      </input_file>
      <input_file id="fl-fb">
         <path>/Users/Doanh/ti/TivaWare_C_Series-2.2.0.295/grlib/ccs/Debug/</path>
         <kind>archive</kind>
         <file>grlib.lib</file>
         <name>line.obj</name>
      </input_file>
      <input_file id="fl-fc">
         <path>/Users/Doanh/ti/TivaWare_C_Series-2.2.0.295/driverlib/ccs/Debug/</path>
         <kind>archive</kind>
         <file>driverlib.lib</file>
         <name>adc.obj</name>
      </input_file>
      <input_file id="fl-fd">
         <path>/Users/Doanh/ti/TivaWare_C_Series-2.2.0.295/driverlib/ccs/Debug/</path>
         <kind>archive</kind>
         <file>driverlib.lib</file>
         <name>fpu.obj</name>
      </input_file>
      <input_file id="fl-fe">
         <path>/Users/Doanh/ti/TivaWare_C_Series-2.2.0.295/driverlib/ccs/Debug/</path>
         <kind>archive</kind>
         <file>driverlib.lib</file>
         <name>gpio.obj</name>
      </input_file>
      <input_file id="fl-ff">
         <path>/Users/Doanh/ti/TivaWare_C_Series-2.2.0.295/driverlib/ccs/Debug/</path>
         <kind>archive</kind>
         <file>driverlib.lib</file>
         <name>interrupt.obj</name>
      </input_file>
      <input_file id="fl-100">
         <path>/Users/Doanh/ti/TivaWare_C_Series-2.2.0.295/driverlib/ccs/Debug/</path>
         <kind>archive</kind>
         <file>driverlib.lib</file>
         <name>ssi.obj</name>
      </input_file>
      <input_file id="fl-101">
         <path>/Users/Doanh/ti/TivaWare_C_Series-2.2.0.295/driverlib/ccs/Debug/</path>
         <kind>archive</kind>
         <file>driverlib.lib</file>
         <name>sysctl.obj</name>
      </input_file>
      <input_file id="fl-102">
         <path>/Users/Doanh/ti/TivaWare_C_Series-2.2.0.295/driverlib/ccs/Debug/</path>
         <kind>archive</kind>
         <file>driverlib.lib</file>
         <name>timer.obj</name>
      </input_file>
      <input_file id="fl-103">
         <path>/Users/Doanh/ti/TivaWare_C_Series-2.2.0.295/driverlib/ccs/Debug/</path>
         <kind>archive</kind>
         <file>driverlib.lib</file>
         <name>cpu.obj</name>
      </input_file>
   </input_file_list>
   <object_component_list>
      <object_component id="oc-12">
         <name>.intvecs</name>
         <load_address>0x0</load_address>
         <run_address>0x0</run_address>
         <size>0x200</size>
         <input_file_ref idref="fl-9"/>
      </object_component>
      <object_component id="oc-86">
         <name>.text</name>
         <load_address>0x200</load_address>
         <run_address>0x200</run_address>
         <size>0x2510</size>
         <input_file_ref idref="fl-10"/>
      </object_component>
      <object_component id="oc-101">
         <name>.text</name>
         <load_address>0x2710</load_address>
         <run_address>0x2710</run_address>
         <size>0xdd0</size>
         <input_file_ref idref="fl-e"/>
      </object_component>
      <object_component id="oc-ed">
         <name>.text</name>
         <load_address>0x34e0</load_address>
         <run_address>0x34e0</run_address>
         <size>0xbf4</size>
         <input_file_ref idref="fl-7"/>
      </object_component>
      <object_component id="oc-e7">
         <name>.text</name>
         <load_address>0x40d4</load_address>
         <run_address>0x40d4</run_address>
         <size>0xa5e</size>
         <input_file_ref idref="fl-4"/>
      </object_component>
      <object_component id="oc-49d">
         <name>.text:_nop</name>
         <load_address>0x4b32</load_address>
         <run_address>0x4b32</run_address>
         <size>0x2</size>
         <input_file_ref idref="fl-ea"/>
      </object_component>
      <object_component id="oc-4dc">
         <name>.text:__TI_printfi</name>
         <load_address>0x4b34</load_address>
         <run_address>0x4b34</run_address>
         <size>0xa4e</size>
         <input_file_ref idref="fl-de"/>
      </object_component>
      <object_component id="oc-31f">
         <name>.text</name>
         <load_address>0x5582</load_address>
         <run_address>0x5582</run_address>
         <size>0x2</size>
         <input_file_ref idref="fl-df"/>
      </object_component>
      <object_component id="oc-17f">
         <name>.text</name>
         <load_address>0x5584</load_address>
         <run_address>0x5584</run_address>
         <size>0x684</size>
         <input_file_ref idref="fl-11"/>
      </object_component>
      <object_component id="oc-331">
         <name>.text</name>
         <load_address>0x5c08</load_address>
         <run_address>0x5c08</run_address>
         <size>0x5e4</size>
         <input_file_ref idref="fl-2"/>
      </object_component>
      <object_component id="oc-164">
         <name>.text</name>
         <load_address>0x61ec</load_address>
         <run_address>0x61ec</run_address>
         <size>0x420</size>
         <input_file_ref idref="fl-14"/>
      </object_component>
      <object_component id="oc-77">
         <name>.text</name>
         <load_address>0x660c</load_address>
         <run_address>0x660c</run_address>
         <size>0x3d0</size>
         <input_file_ref idref="fl-8"/>
      </object_component>
      <object_component id="oc-134">
         <name>.text</name>
         <load_address>0x69dc</load_address>
         <run_address>0x69dc</run_address>
         <size>0x368</size>
         <input_file_ref idref="fl-5"/>
      </object_component>
      <object_component id="oc-120">
         <name>.text</name>
         <load_address>0x6d44</load_address>
         <run_address>0x6d44</run_address>
         <size>0x288</size>
         <input_file_ref idref="fl-6"/>
      </object_component>
      <object_component id="oc-614">
         <name>.text:_pconv_a</name>
         <load_address>0x6fcc</load_address>
         <run_address>0x6fcc</run_address>
         <size>0x270</size>
         <input_file_ref idref="fl-de"/>
      </object_component>
      <object_component id="oc-5cf">
         <name>.text:GrFontGlyphRender</name>
         <load_address>0x723c</load_address>
         <run_address>0x723c</run_address>
         <size>0x252</size>
         <input_file_ref idref="fl-f8"/>
      </object_component>
      <object_component id="oc-10d">
         <name>.text:SysCtlClockFreqSet</name>
         <load_address>0x7490</load_address>
         <run_address>0x7490</run_address>
         <size>0x200</size>
         <input_file_ref idref="fl-101"/>
      </object_component>
      <object_component id="oc-602">
         <name>.text:_pconv_g</name>
         <load_address>0x7690</load_address>
         <run_address>0x7690</run_address>
         <size>0x1d0</size>
         <input_file_ref idref="fl-de"/>
      </object_component>
      <object_component id="oc-69a">
         <name>.text</name>
         <load_address>0x7860</load_address>
         <run_address>0x7860</run_address>
         <size>0x1b6</size>
         <input_file_ref idref="fl-e0"/>
      </object_component>
      <object_component id="oc-232">
         <name>.text:GPIOPadConfigSet</name>
         <load_address>0x7a18</load_address>
         <run_address>0x7a18</run_address>
         <size>0x16c</size>
         <input_file_ref idref="fl-fe"/>
      </object_component>
      <object_component id="oc-28f">
         <name>.text:atan2f</name>
         <load_address>0x7b84</load_address>
         <run_address>0x7b84</run_address>
         <size>0x158</size>
         <input_file_ref idref="fl-d0"/>
      </object_component>
      <object_component id="oc-454">
         <name>.text:atanf</name>
         <load_address>0x7cdc</load_address>
         <run_address>0x7cdc</run_address>
         <size>0x150</size>
         <input_file_ref idref="fl-d2"/>
      </object_component>
      <object_component id="oc-4b4">
         <name>.text</name>
         <load_address>0x7e2c</load_address>
         <run_address>0x7e2c</run_address>
         <size>0x144</size>
         <input_file_ref idref="fl-3"/>
      </object_component>
      <object_component id="oc-60e">
         <name>.text:_pconv_e</name>
         <load_address>0x7f70</load_address>
         <run_address>0x7f70</run_address>
         <size>0x13c</size>
         <input_file_ref idref="fl-de"/>
      </object_component>
      <object_component id="oc-33">
         <name>.text</name>
         <load_address>0x80ac</load_address>
         <run_address>0x80ac</run_address>
         <size>0x13c</size>
         <input_file_ref idref="fl-12"/>
      </object_component>
      <object_component id="oc-680">
         <name>.text</name>
         <load_address>0x81e8</load_address>
         <run_address>0x81e8</run_address>
         <size>0x136</size>
         <input_file_ref idref="fl-e2"/>
      </object_component>
      <object_component id="oc-16a">
         <name>.text</name>
         <load_address>0x831e</load_address>
         <run_address>0x831e</run_address>
         <size>0x130</size>
         <input_file_ref idref="fl-d"/>
      </object_component>
      <object_component id="oc-6ac">
         <name>.text:fcvt</name>
         <load_address>0x8450</load_address>
         <run_address>0x8450</run_address>
         <size>0x124</size>
         <input_file_ref idref="fl-de"/>
      </object_component>
      <object_component id="oc-6c0">
         <name>.text:scalbn</name>
         <load_address>0x8574</load_address>
         <run_address>0x8574</run_address>
         <size>0x110</size>
         <input_file_ref idref="fl-f4"/>
      </object_component>
      <object_component id="oc-67b">
         <name>.text</name>
         <load_address>0x8684</load_address>
         <run_address>0x8684</run_address>
         <size>0xfc</size>
         <input_file_ref idref="fl-e3"/>
      </object_component>
      <object_component id="oc-2e">
         <name>.text</name>
         <load_address>0x8780</load_address>
         <run_address>0x8780</run_address>
         <size>0xda</size>
         <input_file_ref idref="fl-13"/>
      </object_component>
      <object_component id="oc-4c6">
         <name>.text:GrDefaultStringRenderer</name>
         <load_address>0x885a</load_address>
         <run_address>0x885a</run_address>
         <size>0xc0</size>
         <input_file_ref idref="fl-f8"/>
      </object_component>
      <object_component id="oc-5f7">
         <name>.text:_ltostr</name>
         <load_address>0x891c</load_address>
         <run_address>0x891c</run_address>
         <size>0xb1</size>
         <input_file_ref idref="fl-de"/>
      </object_component>
      <object_component id="oc-47">
         <name>.text</name>
         <load_address>0x89ce</load_address>
         <run_address>0x89ce</run_address>
         <size>0x9c</size>
         <input_file_ref idref="fl-d5"/>
      </object_component>
      <object_component id="oc-126">
         <name>.text</name>
         <load_address>0x8a6a</load_address>
         <run_address>0x8a6a</run_address>
         <size>0x96</size>
         <input_file_ref idref="fl-d7"/>
      </object_component>
      <object_component id="oc-32b">
         <name>.text:GrRectFill</name>
         <load_address>0x8b00</load_address>
         <run_address>0x8b00</run_address>
         <size>0x86</size>
         <input_file_ref idref="fl-f7"/>
      </object_component>
      <object_component id="oc-5fd">
         <name>.text:__aeabi_cdcmple</name>
         <load_address>0x8b86</load_address>
         <run_address>0x8b86</run_address>
         <size>0x86</size>
         <input_file_ref idref="fl-e1"/>
      </object_component>
      <object_component id="oc-685">
         <name>.text:__aeabi_cdrcmple</name>
         <load_address>0x8c0c</load_address>
         <run_address>0x8c0c</run_address>
         <size>0x86</size>
         <input_file_ref idref="fl-e1"/>
      </object_component>
      <object_component id="oc-2c6">
         <name>.text:floorf</name>
         <load_address>0x8c94</load_address>
         <run_address>0x8c94</run_address>
         <size>0x80</size>
         <input_file_ref idref="fl-d3"/>
      </object_component>
      <object_component id="oc-259">
         <name>.text:ADCSequenceStepConfigure</name>
         <load_address>0x8d14</load_address>
         <run_address>0x8d14</run_address>
         <size>0x7a</size>
         <input_file_ref idref="fl-fc"/>
      </object_component>
      <object_component id="oc-bd">
         <name>.text</name>
         <load_address>0x8d8e</load_address>
         <run_address>0x8d8e</run_address>
         <size>0x7a</size>
         <input_file_ref idref="fl-d6"/>
      </object_component>
      <object_component id="oc-6a5">
         <name>.text:_mcpy</name>
         <load_address>0x8e08</load_address>
         <run_address>0x8e08</run_address>
         <size>0x6e</size>
         <input_file_ref idref="fl-de"/>
      </object_component>
      <object_component id="oc-337">
         <name>.text:GrContextInit</name>
         <load_address>0x8e78</load_address>
         <run_address>0x8e78</run_address>
         <size>0x68</size>
         <input_file_ref idref="fl-f6"/>
      </object_component>
      <object_component id="oc-15">
         <name>.text:decompress:lzss:__TI_decompress_lzss</name>
         <load_address>0x8ee0</load_address>
         <run_address>0x8ee0</run_address>
         <size>0x68</size>
         <input_file_ref idref="fl-da"/>
      </object_component>
      <object_component id="oc-6ba">
         <name>.text:frexp</name>
         <load_address>0x8f48</load_address>
         <run_address>0x8f48</run_address>
         <size>0x64</size>
         <input_file_ref idref="fl-f3"/>
      </object_component>
      <object_component id="oc-1dc">
         <name>.text:__TI_auto_init_nobinit:__TI_auto_init_nobinit</name>
         <load_address>0x8fac</load_address>
         <run_address>0x8fac</run_address>
         <size>0x60</size>
         <input_file_ref idref="fl-e6"/>
      </object_component>
      <object_component id="oc-661">
         <name>.text:FontWideGlyphDataGet</name>
         <load_address>0x900c</load_address>
         <run_address>0x900c</run_address>
         <size>0x5a</size>
         <input_file_ref idref="fl-f8"/>
      </object_component>
      <object_component id="oc-608">
         <name>.text:_pconv_f</name>
         <load_address>0x9066</load_address>
         <run_address>0x9066</run_address>
         <size>0x56</size>
         <input_file_ref idref="fl-de"/>
      </object_component>
      <object_component id="oc-68f">
         <name>.text:__TI_ltoa</name>
         <load_address>0x90bc</load_address>
         <run_address>0x90bc</run_address>
         <size>0x54</size>
         <input_file_ref idref="fl-eb"/>
      </object_component>
      <object_component id="oc-69f">
         <name>.text:_ecpy</name>
         <load_address>0x9110</load_address>
         <run_address>0x9110</run_address>
         <size>0x52</size>
         <input_file_ref idref="fl-de"/>
      </object_component>
      <object_component id="oc-253">
         <name>.text:ADCSequenceConfigure</name>
         <load_address>0x9162</load_address>
         <run_address>0x9162</run_address>
         <size>0x4e</size>
         <input_file_ref idref="fl-fc"/>
      </object_component>
      <object_component id="oc-590">
         <name>.text:GPIOPinConfigure</name>
         <load_address>0x91b0</load_address>
         <run_address>0x91b0</run_address>
         <size>0x4c</size>
         <input_file_ref idref="fl-fe"/>
      </object_component>
      <object_component id="oc-5f1">
         <name>.text:atoi</name>
         <load_address>0x91fc</load_address>
         <run_address>0x91fc</run_address>
         <size>0x4c</size>
         <input_file_ref idref="fl-ed"/>
      </object_component>
      <object_component id="oc-343">
         <name>.text:snprintf</name>
         <load_address>0x9248</load_address>
         <run_address>0x9248</run_address>
         <size>0x4c</size>
         <input_file_ref idref="fl-d4"/>
      </object_component>
      <object_component id="oc-4d4">
         <name>.text:UpdateContextCharMapping</name>
         <load_address>0x9294</load_address>
         <run_address>0x9294</run_address>
         <size>0x4a</size>
         <input_file_ref idref="fl-f8"/>
      </object_component>
      <object_component id="oc-2fa">
         <name>.text:_SysCtlFrequencyGet</name>
         <load_address>0x92e0</load_address>
         <run_address>0x92e0</run_address>
         <size>0x48</size>
         <input_file_ref idref="fl-101"/>
      </object_component>
      <object_component id="oc-68a">
         <name>.text</name>
         <load_address>0x9328</load_address>
         <run_address>0x9328</run_address>
         <size>0x48</size>
         <input_file_ref idref="fl-e4"/>
      </object_component>
      <object_component id="oc-2d8">
         <name>.text:_ZN8Joystick7clamp01Ef</name>
         <load_address>0x9370</load_address>
         <run_address>0x9370</run_address>
         <size>0x44</size>
         <input_file_ref idref="fl-8"/>
      </object_component>
      <object_component id="oc-2a3">
         <name>.text:_ZN8Joystick10emitCenterEv</name>
         <load_address>0x93b4</load_address>
         <run_address>0x93b4</run_address>
         <size>0x40</size>
         <input_file_ref idref="fl-7"/>
      </object_component>
      <object_component id="oc-2bf">
         <name>.text:_ZN8Joystick10emitRepeatEv</name>
         <load_address>0x93f4</load_address>
         <run_address>0x93f4</run_address>
         <size>0x40</size>
         <input_file_ref idref="fl-7"/>
      </object_component>
      <object_component id="oc-29c">
         <name>.text:_ZN8Joystick12emitTiltStopEv</name>
         <load_address>0x9434</load_address>
         <run_address>0x9434</run_address>
         <size>0x40</size>
         <input_file_ref idref="fl-7"/>
      </object_component>
      <object_component id="oc-295">
         <name>.text:_ZN8Joystick13emitTiltStartEv</name>
         <load_address>0x9474</load_address>
         <run_address>0x9474</run_address>
         <size>0x40</size>
         <input_file_ref idref="fl-7"/>
      </object_component>
      <object_component id="oc-2aa">
         <name>.text:_ZN8Joystick14emitDirChangedEv</name>
         <load_address>0x94b4</load_address>
         <run_address>0x94b4</run_address>
         <size>0x40</size>
         <input_file_ref idref="fl-7"/>
      </object_component>
      <object_component id="oc-2b8">
         <name>.text:_ZN8Joystick8emitMoveEv</name>
         <load_address>0x94f4</load_address>
         <run_address>0x94f4</run_address>
         <size>0x40</size>
         <input_file_ref idref="fl-7"/>
      </object_component>
      <object_component id="oc-6b2">
         <name>.text:_fcpy</name>
         <load_address>0x9534</load_address>
         <run_address>0x9534</run_address>
         <size>0x3e</size>
         <input_file_ref idref="fl-de"/>
      </object_component>
      <object_component id="oc-667">
         <name>.text:FontGlyphDataGet</name>
         <load_address>0x9572</load_address>
         <run_address>0x9572</run_address>
         <size>0x3c</size>
         <input_file_ref idref="fl-f8"/>
      </object_component>
      <object_component id="oc-59c">
         <name>.text:SSIConfigSetExpClk</name>
         <load_address>0x95ae</load_address>
         <run_address>0x95ae</run_address>
         <size>0x3c</size>
         <input_file_ref idref="fl-100"/>
      </object_component>
      <object_component id="oc-217">
         <name>.text:SysCtlPeripheralReady</name>
         <load_address>0x95ec</load_address>
         <run_address>0x95ec</run_address>
         <size>0x38</size>
         <input_file_ref idref="fl-101"/>
      </object_component>
      <object_component id="oc-211">
         <name>.text:SysCtlPeripheralEnable</name>
         <load_address>0x9624</load_address>
         <run_address>0x9624</run_address>
         <size>0x34</size>
         <input_file_ref idref="fl-101"/>
      </object_component>
      <object_component id="oc-65">
         <name>.text:_c_int00_noargs:_c_int00_noargs</name>
         <load_address>0x9658</load_address>
         <run_address>0x9658</run_address>
         <size>0x34</size>
         <input_file_ref idref="fl-dc"/>
      </object_component>
      <object_component id="oc-318">
         <name>.text:rand</name>
         <load_address>0x968c</load_address>
         <run_address>0x968c</run_address>
         <size>0x34</size>
         <input_file_ref idref="fl-db"/>
      </object_component>
      <object_component id="oc-240">
         <name>.text:_ZN8Joystick6EventsC1Ev</name>
         <load_address>0x96c0</load_address>
         <run_address>0x96c0</run_address>
         <size>0x30</size>
         <input_file_ref idref="fl-7"/>
      </object_component>
      <object_component id="oc-4e2">
         <name>.text:_outs</name>
         <load_address>0x96f0</load_address>
         <run_address>0x96f0</run_address>
         <size>0x30</size>
         <input_file_ref idref="fl-d4"/>
      </object_component>
      <object_component id="oc-26e">
         <name>.text:ADCIntStatus</name>
         <load_address>0x9720</load_address>
         <run_address>0x9720</run_address>
         <size>0x2e</size>
         <input_file_ref idref="fl-fc"/>
      </object_component>
      <object_component id="oc-5c3">
         <name>.text:GrStringNextCharGet</name>
         <load_address>0x974e</load_address>
         <run_address>0x974e</run_address>
         <size>0x2e</size>
         <input_file_ref idref="fl-f8"/>
      </object_component>
      <object_component id="oc-695">
         <name>.text</name>
         <load_address>0x977c</load_address>
         <run_address>0x977c</run_address>
         <size>0x2e</size>
         <input_file_ref idref="fl-e5"/>
      </object_component>
      <object_component id="oc-428">
         <name>.text:GPIODirModeSet</name>
         <load_address>0x97aa</load_address>
         <run_address>0x97aa</run_address>
         <size>0x2c</size>
         <input_file_ref idref="fl-fe"/>
      </object_component>
      <object_component id="oc-2b1">
         <name>.text:_ZN8Joystick10fabsf_fastEf</name>
         <load_address>0x97d6</load_address>
         <run_address>0x97d6</run_address>
         <size>0x28</size>
         <input_file_ref idref="fl-7"/>
      </object_component>
      <object_component id="oc-289">
         <name>.text:sqrtf</name>
         <load_address>0x9800</load_address>
         <run_address>0x9800</run_address>
         <size>0x28</size>
         <input_file_ref idref="fl-d1"/>
      </object_component>
      <object_component id="oc-5bd">
         <name>.text:GrFontInfoGet</name>
         <load_address>0x9828</load_address>
         <run_address>0x9828</run_address>
         <size>0x26</size>
         <input_file_ref idref="fl-f8"/>
      </object_component>
      <object_component id="oc-f3">
         <name>.text:_ZN8Joystick17setTickIntervalMsEj</name>
         <load_address>0x984e</load_address>
         <run_address>0x984e</run_address>
         <size>0x24</size>
         <input_file_ref idref="fl-8"/>
      </object_component>
      <object_component id="oc-11a">
         <name>.text:srand</name>
         <load_address>0x9874</load_address>
         <run_address>0x9874</run_address>
         <size>0x24</size>
         <input_file_ref idref="fl-db"/>
      </object_component>
      <object_component id="oc-5c9">
         <name>.text:GrFontGlyphDataGet</name>
         <load_address>0x9898</load_address>
         <run_address>0x9898</run_address>
         <size>0x22</size>
         <input_file_ref idref="fl-f8"/>
      </object_component>
      <object_component id="oc-2f4">
         <name>.text:_SysCtlMemTimingGet</name>
         <load_address>0x98bc</load_address>
         <run_address>0x98bc</run_address>
         <size>0x20</size>
         <input_file_ref idref="fl-101"/>
      </object_component>
      <object_component id="oc-274">
         <name>.text:ADCSequenceDataGet</name>
         <load_address>0x98dc</load_address>
         <run_address>0x98dc</run_address>
         <size>0x1e</size>
         <input_file_ref idref="fl-fc"/>
      </object_component>
      <object_component id="oc-5e2">
         <name>.text:GrFontCodepageGet</name>
         <load_address>0x98fa</load_address>
         <run_address>0x98fa</run_address>
         <size>0x1e</size>
         <input_file_ref idref="fl-f8"/>
      </object_component>
      <object_component id="oc-61a">
         <name>.text:memccpy</name>
         <load_address>0x9918</load_address>
         <run_address>0x9918</run_address>
         <size>0x1c</size>
         <input_file_ref idref="fl-ef"/>
      </object_component>
      <object_component id="oc-596">
         <name>.text:GPIOPinTypeGPIOOutput</name>
         <load_address>0x9934</load_address>
         <run_address>0x9934</run_address>
         <size>0x1a</size>
         <input_file_ref idref="fl-fe"/>
      </object_component>
      <object_component id="oc-701">
         <name>.text:copysign</name>
         <load_address>0x994e</load_address>
         <run_address>0x994e</run_address>
         <size>0x1a</size>
         <input_file_ref idref="fl-f5"/>
      </object_component>
      <object_component id="oc-268">
         <name>.text:ADCProcessorTrigger</name>
         <load_address>0x9968</load_address>
         <run_address>0x9968</run_address>
         <size>0x18</size>
         <input_file_ref idref="fl-fc"/>
      </object_component>
      <object_component id="oc-fa">
         <name>.text:_ZN8Joystick11setDeadzoneEf</name>
         <load_address>0x9980</load_address>
         <run_address>0x9980</run_address>
         <size>0x18</size>
         <input_file_ref idref="fl-8"/>
      </object_component>
      <object_component id="oc-4e8">
         <name>.text:_outc</name>
         <load_address>0x9998</load_address>
         <run_address>0x9998</run_address>
         <size>0x18</size>
         <input_file_ref idref="fl-d4"/>
      </object_component>
      <object_component id="oc-247">
         <name>.text:GPIOPinTypeADC</name>
         <load_address>0x99b0</load_address>
         <run_address>0x99b0</run_address>
         <size>0x16</size>
         <input_file_ref idref="fl-fe"/>
      </object_component>
      <object_component id="oc-21d">
         <name>.text:GPIOPinTypeGPIOInput</name>
         <load_address>0x99c6</load_address>
         <run_address>0x99c6</run_address>
         <size>0x16</size>
         <input_file_ref idref="fl-fe"/>
      </object_component>
      <object_component id="oc-58a">
         <name>.text:GPIOPinTypeSSI</name>
         <load_address>0x99dc</load_address>
         <run_address>0x99dc</run_address>
         <size>0x16</size>
         <input_file_ref idref="fl-fe"/>
      </object_component>
      <object_component id="oc-349">
         <name>.text:GrStringDraw</name>
         <load_address>0x99f2</load_address>
         <run_address>0x99f2</run_address>
         <size>0x16</size>
         <input_file_ref idref="fl-f8"/>
      </object_component>
      <object_component id="oc-6c6">
         <name>.text:strchr</name>
         <load_address>0x9a08</load_address>
         <run_address>0x9a08</run_address>
         <size>0x16</size>
         <input_file_ref idref="fl-f0"/>
      </object_component>
      <object_component id="oc-5eb">
         <name>.text:strlen</name>
         <load_address>0x9a1e</load_address>
         <run_address>0x9a1e</run_address>
         <size>0x14</size>
         <input_file_ref idref="fl-f1"/>
      </object_component>
      <object_component id="oc-620">
         <name>.text:wcslen</name>
         <load_address>0x9a32</load_address>
         <run_address>0x9a32</run_address>
         <size>0x12</size>
         <input_file_ref idref="fl-f2"/>
      </object_component>
      <object_component id="oc-db">
         <name>.text:FPUEnable</name>
         <load_address>0x9a44</load_address>
         <run_address>0x9a44</run_address>
         <size>0x10</size>
         <input_file_ref idref="fl-fd"/>
      </object_component>
      <object_component id="oc-e1">
         <name>.text:FPULazyStackingEnable</name>
         <load_address>0x9a54</load_address>
         <run_address>0x9a54</run_address>
         <size>0x10</size>
         <input_file_ref idref="fl-fd"/>
      </object_component>
      <object_component id="oc-d5">
         <name>.text:IntMasterDisable</name>
         <load_address>0x9a64</load_address>
         <run_address>0x9a64</run_address>
         <size>0x10</size>
         <input_file_ref idref="fl-ff"/>
      </object_component>
      <object_component id="oc-107">
         <name>.text:IntMasterEnable</name>
         <load_address>0x9a74</load_address>
         <run_address>0x9a74</run_address>
         <size>0x10</size>
         <input_file_ref idref="fl-ff"/>
      </object_component>
      <object_component id="oc-113">
         <name>.text:_ZNK8Joystick10direction8Ev</name>
         <load_address>0x9a84</load_address>
         <run_address>0x9a84</run_address>
         <size>0x10</size>
         <input_file_ref idref="fl-8"/>
      </object_component>
      <object_component id="oc-24d">
         <name>.text:ADCSequenceDisable</name>
         <load_address>0x9a94</load_address>
         <run_address>0x9a94</run_address>
         <size>0xe</size>
         <input_file_ref idref="fl-fc"/>
      </object_component>
      <object_component id="oc-25f">
         <name>.text:ADCSequenceEnable</name>
         <load_address>0x9aa2</load_address>
         <run_address>0x9aa2</run_address>
         <size>0xe</size>
         <input_file_ref idref="fl-fc"/>
      </object_component>
      <object_component id="oc-1b">
         <name>.text:decompress:none:__TI_decompress_none</name>
         <load_address>0x9ab0</load_address>
         <run_address>0x9ab0</run_address>
         <size>0xe</size>
         <input_file_ref idref="fl-d9"/>
      </object_component>
      <object_component id="oc-208">
         <name>.text:CPUcpsid</name>
         <load_address>0x9abe</load_address>
         <run_address>0x9abe</run_address>
         <size>0xc</size>
         <input_file_ref idref="fl-103"/>
      </object_component>
      <object_component id="oc-2ed">
         <name>.text:CPUcpsie</name>
         <load_address>0x9aca</load_address>
         <run_address>0x9aca</run_address>
         <size>0xc</size>
         <input_file_ref idref="fl-103"/>
      </object_component>
      <object_component id="oc-59">
         <name>.text:decompress:ZI:__TI_zero_init</name>
         <load_address>0x9ad6</load_address>
         <run_address>0x9ad6</run_address>
         <size>0xc</size>
         <input_file_ref idref="fl-d8"/>
      </object_component>
      <object_component id="oc-28">
         <name>.text</name>
         <load_address>0x9ae2</load_address>
         <run_address>0x9ae2</run_address>
         <size>0xc</size>
         <input_file_ref idref="fl-9"/>
      </object_component>
      <object_component id="oc-27a">
         <name>.text:ADCIntClear</name>
         <load_address>0x9aee</load_address>
         <run_address>0x9aee</run_address>
         <size>0xa</size>
         <input_file_ref idref="fl-fc"/>
      </object_component>
      <object_component id="oc-5b4">
         <name>.text:SSIDataPut</name>
         <load_address>0x9af8</load_address>
         <run_address>0x9af8</run_address>
         <size>0xa</size>
         <input_file_ref idref="fl-100"/>
      </object_component>
      <object_component id="oc-5a2">
         <name>.text:SSIEnable</name>
         <load_address>0x9b02</load_address>
         <run_address>0x9b02</run_address>
         <size>0xa</size>
         <input_file_ref idref="fl-100"/>
      </object_component>
      <object_component id="oc-5d6">
         <name>.text:GrMapISO8859_1_Unicode</name>
         <load_address>0x9b0c</load_address>
         <run_address>0x9b0c</run_address>
         <size>0x8</size>
         <input_file_ref idref="fl-fa"/>
      </object_component>
      <object_component id="oc-5ae">
         <name>.text:SSIBusy</name>
         <load_address>0x9b14</load_address>
         <run_address>0x9b14</run_address>
         <size>0x8</size>
         <input_file_ref idref="fl-100"/>
      </object_component>
      <object_component id="oc-44c">
         <name>.text:__aeabi_errno_addr</name>
         <load_address>0x9b1c</load_address>
         <run_address>0x9b1c</run_address>
         <size>0x8</size>
         <input_file_ref idref="fl-dd"/>
      </object_component>
      <object_component id="oc-22c">
         <name>.text:GPIOPinRead</name>
         <load_address>0x9b24</load_address>
         <run_address>0x9b24</run_address>
         <size>0x6</size>
         <input_file_ref idref="fl-fe"/>
      </object_component>
      <object_component id="oc-5a8">
         <name>.text:GPIOPinWrite</name>
         <load_address>0x9b2a</load_address>
         <run_address>0x9b2a</run_address>
         <size>0x6</size>
         <input_file_ref idref="fl-fe"/>
      </object_component>
      <object_component id="oc-33d">
         <name>.text:GrContextFontSet</name>
         <load_address>0x9b30</load_address>
         <run_address>0x9b30</run_address>
         <size>0x6</size>
         <input_file_ref idref="fl-f8"/>
      </object_component>
      <object_component id="oc-4ba">
         <name>.text:SysCtlDelay</name>
         <load_address>0x9b36</load_address>
         <run_address>0x9b36</run_address>
         <size>0x6</size>
         <input_file_ref idref="fl-101"/>
      </object_component>
      <object_component id="oc-c3">
         <name>.text:_system_pre_init</name>
         <load_address>0x9b3c</load_address>
         <run_address>0x9b3c</run_address>
         <size>0x4</size>
         <input_file_ref idref="fl-e7"/>
      </object_component>
      <object_component id="oc-1ca">
         <name>.text:abort:abort</name>
         <load_address>0x9b40</load_address>
         <run_address>0x9b40</run_address>
         <size>0x4</size>
         <input_file_ref idref="fl-e9"/>
      </object_component>
      <object_component id="oc-502">
         <name>.const:.string:g_pui8FontFixed6x8Data</name>
         <load_address>0x9b44</load_address>
         <run_address>0x9b44</run_address>
         <size>0x2f8</size>
         <input_file_ref idref="fl-f9"/>
      </object_component>
      <object_component id="oc-303">
         <name>.const:g_pppui32XTALtoVCO</name>
         <load_address>0x9e3c</load_address>
         <run_address>0x9e3c</run_address>
         <size>0x1b0</size>
         <input_file_ref idref="fl-101"/>
      </object_component>
      <object_component id="oc-265">
         <name>.const:digital_pin_to_analog_in</name>
         <load_address>0x9fec</load_address>
         <run_address>0x9fec</run_address>
         <size>0x180</size>
         <input_file_ref idref="fl-7"/>
      </object_component>
      <object_component id="oc-674">
         <name>.const:.string:_ctypes_</name>
         <load_address>0xa16c</load_address>
         <run_address>0xa16c</run_address>
         <size>0x101</size>
         <input_file_ref idref="fl-ee"/>
      </object_component>
      <object_component id="oc-353">
         <name>.const:g_sFontFixed6x8</name>
         <load_address>0xa270</load_address>
         <run_address>0xa270</run_address>
         <size>0xc8</size>
         <input_file_ref idref="fl-f9"/>
      </object_component>
      <object_component id="oc-654">
         <name>.const:g_pui32GPIOBaseAddrs</name>
         <load_address>0xa338</load_address>
         <run_address>0xa338</run_address>
         <size>0x90</size>
         <input_file_ref idref="fl-fe"/>
      </object_component>
      <object_component id="oc-300">
         <name>.const:g_pui32Xtals</name>
         <load_address>0xa3c8</load_address>
         <run_address>0xa3c8</run_address>
         <size>0x6c</size>
         <input_file_ref idref="fl-101"/>
      </object_component>
      <object_component id="oc-229">
         <name>.const:.string:digital_pin_to_bit_mask</name>
         <load_address>0xa434</load_address>
         <run_address>0xa434</run_address>
         <size>0x60</size>
         <input_file_ref idref="fl-4"/>
      </object_component>
      <object_component id="oc-286">
         <name>.const:.string:digital_pin_to_bit_mask</name>
         <load_address>0xa494</load_address>
         <run_address>0xa494</run_address>
         <size>0x60</size>
         <input_file_ref idref="fl-7"/>
      </object_component>
      <object_component id="oc-223">
         <name>.const:.string:digital_pin_to_port</name>
         <load_address>0xa4f4</load_address>
         <run_address>0xa4f4</run_address>
         <size>0x60</size>
         <input_file_ref idref="fl-4"/>
      </object_component>
      <object_component id="oc-280">
         <name>.const:.string:digital_pin_to_port</name>
         <load_address>0xa554</load_address>
         <run_address>0xa554</run_address>
         <size>0x60</size>
         <input_file_ref idref="fl-7"/>
      </object_component>
      <object_component id="oc-226">
         <name>.const:port_to_base</name>
         <load_address>0xa5b4</load_address>
         <run_address>0xa5b4</run_address>
         <size>0x40</size>
         <input_file_ref idref="fl-4"/>
      </object_component>
      <object_component id="oc-283">
         <name>.const:port_to_base</name>
         <load_address>0xa5f4</load_address>
         <run_address>0xa5f4</run_address>
         <size>0x40</size>
         <input_file_ref idref="fl-7"/>
      </object_component>
      <object_component id="oc-565">
         <name>.const:$O1$$</name>
         <load_address>0xa634</load_address>
         <run_address>0xa634</run_address>
         <size>0x34</size>
         <input_file_ref idref="fl-d2"/>
      </object_component>
      <object_component id="oc-47d">
         <name>.const:g_sXTALtoMEMTIM</name>
         <load_address>0xa668</load_address>
         <run_address>0xa668</run_address>
         <size>0x30</size>
         <input_file_ref idref="fl-101"/>
      </object_component>
      <object_component id="oc-350">
         <name>.const:g_sCrystalfontz128x128</name>
         <load_address>0xa698</load_address>
         <run_address>0xa698</run_address>
         <size>0x28</size>
         <input_file_ref idref="fl-2"/>
      </object_component>
      <object_component id="oc-4cc">
         <name>.const:g_psDefaultCodePointMapTable</name>
         <load_address>0xa6c0</load_address>
         <run_address>0xa6c0</run_address>
         <size>0x10</size>
         <input_file_ref idref="fl-f6"/>
      </object_component>
      <object_component id="oc-3db">
         <name>.const:$P$T0$2</name>
         <load_address>0xa6d0</load_address>
         <run_address>0xa6d0</run_address>
         <size>0xc</size>
         <input_file_ref idref="fl-11"/>
      </object_component>
      <object_component id="oc-356">
         <name>.const:$P$T0$1</name>
         <load_address>0xa6dc</load_address>
         <run_address>0xa6dc</run_address>
         <size>0x8</size>
         <input_file_ref idref="fl-5"/>
      </object_component>
      <object_component id="oc-359">
         <name>.const:$P$T1$2</name>
         <load_address>0xa6e4</load_address>
         <run_address>0xa6e4</run_address>
         <size>0x8</size>
         <input_file_ref idref="fl-5"/>
      </object_component>
      <object_component id="oc-306">
         <name>.const:g_pui32VCOFrequencies</name>
         <load_address>0xa6ec</load_address>
         <run_address>0xa6ec</run_address>
         <size>0x8</size>
         <input_file_ref idref="fl-101"/>
      </object_component>
      <object_component id="oc-83">
         <name>.const</name>
         <load_address>0xa6f4</load_address>
         <run_address>0xa6f4</run_address>
         <size>0x4</size>
         <input_file_ref idref="fl-12"/>
      </object_component>
      <object_component id="oc-18b">
         <name>.const</name>
         <load_address>0xa6f8</load_address>
         <run_address>0xa6f8</run_address>
         <size>0x4</size>
         <input_file_ref idref="fl-10"/>
      </object_component>
      <object_component id="oc-74f">
         <name>.cinit..data.load</name>
         <load_address>0xa700</load_address>
         <run_address>0xa700</run_address>
         <size>0x24</size>
      </object_component>
      <object_component id="oc-74d">
         <name>__TI_handler_table</name>
         <load_address>0xa724</load_address>
         <run_address>0xa724</run_address>
         <size>0xc</size>
      </object_component>
      <object_component id="oc-750">
         <name>.cinit..bss.load</name>
         <load_address>0xa730</load_address>
         <run_address>0xa730</run_address>
         <size>0x8</size>
      </object_component>
      <object_component id="oc-74e">
         <name>__TI_cinit_table</name>
         <load_address>0xa738</load_address>
         <run_address>0xa738</run_address>
         <size>0x10</size>
      </object_component>
      <object_component id="oc-24">
         <name>.init_array</name>
         <load_address>0xa6fc</load_address>
         <run_address>0xa6fc</run_address>
         <size>0x4</size>
         <input_file_ref idref="fl-8"/>
      </object_component>
      <object_component id="oc-751">
         <name>SHT$$INIT_ARRAY$$Limit</name>
         <load_address>0xa700</load_address>
         <run_address>0xa700</run_address>
         <size>0x0</size>
      </object_component>
      <object_component id="oc-4c2">
         <name>.data:Lcd_buffer</name>
         <load_address>0x20000000</load_address>
         <run_address>0x20000000</run_address>
         <size>0x8000</size>
         <input_file_ref idref="fl-2"/>
      </object_component>
      <object_component id="oc-13f">
         <name>.data:gameState</name>
         <load_address>0x2000806c</load_address>
         <run_address>0x2000806c</run_address>
         <size>0x3</size>
         <input_file_ref idref="fl-6"/>
      </object_component>
      <object_component id="oc-142">
         <name>.data</name>
         <load_address>0x20008054</load_address>
         <run_address>0x20008054</run_address>
         <size>0x8</size>
         <input_file_ref idref="fl-6"/>
      </object_component>
      <object_component id="oc-80">
         <name>.data</name>
         <load_address>0x20008000</load_address>
         <run_address>0x20008000</run_address>
         <size>0x2c</size>
         <input_file_ref idref="fl-10"/>
      </object_component>
      <object_component id="oc-185">
         <name>.data:xYieldPendings</name>
         <load_address>0x20008068</load_address>
         <run_address>0x20008068</run_address>
         <size>0x4</size>
         <input_file_ref idref="fl-10"/>
      </object_component>
      <object_component id="oc-3d5">
         <name>.data</name>
         <load_address>0x20008040</load_address>
         <run_address>0x20008040</run_address>
         <size>0xc</size>
         <input_file_ref idref="fl-11"/>
      </object_component>
      <object_component id="oc-8d">
         <name>.data</name>
         <load_address>0x2000805c</load_address>
         <run_address>0x2000805c</run_address>
         <size>0x4</size>
         <input_file_ref idref="fl-12"/>
      </object_component>
      <object_component id="oc-3be">
         <name>.data</name>
         <load_address>0x2000802c</load_address>
         <run_address>0x2000802c</run_address>
         <size>0x14</size>
         <input_file_ref idref="fl-14"/>
      </object_component>
      <object_component id="oc-313">
         <name>.data</name>
         <load_address>0x20008064</load_address>
         <run_address>0x20008064</run_address>
         <size>0x4</size>
         <input_file_ref idref="fl-db"/>
      </object_component>
      <object_component id="oc-55e">
         <name>.data</name>
         <load_address>0x20008060</load_address>
         <run_address>0x20008060</run_address>
         <size>0x4</size>
         <input_file_ref idref="fl-dd"/>
      </object_component>
      <object_component id="oc-310">
         <name>.data:$O1$$</name>
         <load_address>0x2000804c</load_address>
         <run_address>0x2000804c</run_address>
         <size>0x8</size>
         <input_file_ref idref="fl-ea"/>
      </object_component>
      <object_component id="oc-12b">
         <name>.bss:btnPause</name>
         <uninitialized>true</uninitialized>
         <run_address>0x2000d450</run_address>
         <size>0xb4</size>
         <input_file_ref idref="fl-8"/>
      </object_component>
      <object_component id="oc-12e">
         <name>.bss:btnReset</name>
         <uninitialized>true</uninitialized>
         <run_address>0x2000d504</run_address>
         <size>0xb4</size>
         <input_file_ref idref="fl-8"/>
      </object_component>
      <object_component id="oc-131">
         <name>.bss:gJoystick</name>
         <uninitialized>true</uninitialized>
         <run_address>0x2000d180</run_address>
         <size>0x190</size>
         <input_file_ref idref="fl-8"/>
      </object_component>
      <object_component id="oc-170">
         <name>.bss:pxReadyTasksLists</name>
         <uninitialized>true</uninitialized>
         <run_address>0x2000d310</run_address>
         <size>0x140</size>
         <input_file_ref idref="fl-10"/>
      </object_component>
      <object_component id="oc-18e">
         <name>.bss:xDelayedTaskList1</name>
         <uninitialized>true</uninitialized>
         <run_address>0x2000d65c</run_address>
         <size>0x14</size>
         <input_file_ref idref="fl-10"/>
      </object_component>
      <object_component id="oc-191">
         <name>.bss:xDelayedTaskList2</name>
         <uninitialized>true</uninitialized>
         <run_address>0x2000d670</run_address>
         <size>0x14</size>
         <input_file_ref idref="fl-10"/>
      </object_component>
      <object_component id="oc-176">
         <name>.bss</name>
         <uninitialized>true</uninitialized>
         <run_address>0x2000d6c0</run_address>
         <size>0x8</size>
         <input_file_ref idref="fl-10"/>
      </object_component>
      <object_component id="oc-179">
         <name>.bss:xPendingReadyList</name>
         <uninitialized>true</uninitialized>
         <run_address>0x2000d684</run_address>
         <size>0x14</size>
         <input_file_ref idref="fl-10"/>
      </object_component>
      <object_component id="oc-173">
         <name>.bss:xTasksWaitingTermination</name>
         <uninitialized>true</uninitialized>
         <run_address>0x2000d6ac</run_address>
         <size>0x14</size>
         <input_file_ref idref="fl-10"/>
      </object_component>
      <object_component id="oc-17c">
         <name>.bss:xSuspendedTaskList</name>
         <uninitialized>true</uninitialized>
         <run_address>0x2000d698</run_address>
         <size>0x14</size>
         <input_file_ref idref="fl-10"/>
      </object_component>
      <object_component id="oc-188">
         <name>.bss:xIdleTaskHandles</name>
         <uninitialized>true</uninitialized>
         <run_address>0x2000d6dc</run_address>
         <size>0x4</size>
         <input_file_ref idref="fl-10"/>
      </object_component>
      <object_component id="oc-3de">
         <name>.bss:xActiveTimerList1</name>
         <uninitialized>true</uninitialized>
         <run_address>0x2000d634</run_address>
         <size>0x14</size>
         <input_file_ref idref="fl-11"/>
      </object_component>
      <object_component id="oc-3e1">
         <name>.bss:xActiveTimerList2</name>
         <uninitialized>true</uninitialized>
         <run_address>0x2000d648</run_address>
         <size>0x14</size>
         <input_file_ref idref="fl-11"/>
      </object_component>
      <object_component id="oc-3d8">
         <name>.bss</name>
         <uninitialized>true</uninitialized>
         <run_address>0x2000d6c8</run_address>
         <size>0x8</size>
         <input_file_ref idref="fl-11"/>
      </object_component>
      <object_component id="oc-3c4">
         <name>.bss:ucHeap</name>
         <uninitialized>true</uninitialized>
         <run_address>0x20008070</run_address>
         <size>0x4f10</size>
         <input_file_ref idref="fl-14"/>
      </object_component>
      <object_component id="oc-3c1">
         <name>.bss:xStart</name>
         <uninitialized>true</uninitialized>
         <run_address>0x2000d6d0</run_address>
         <size>0x8</size>
         <input_file_ref idref="fl-14"/>
      </object_component>
      <object_component id="oc-4cf">
         <name>.bss</name>
         <uninitialized>true</uninitialized>
         <run_address>0x2000d6d8</run_address>
         <size>0x4</size>
         <input_file_ref idref="fl-f6"/>
      </object_component>
      <object_component id="oc-4c1">
         <name>.common:Lcd_Orientation</name>
         <uninitialized>true</uninitialized>
         <run_address>0x2000d6f2</run_address>
         <size>0x1</size>
      </object_component>
      <object_component id="oc-4bb">
         <name>.common:Lcd_ScreenWidth</name>
         <uninitialized>true</uninitialized>
         <run_address>0x2000d6ea</run_address>
         <size>0x2</size>
      </object_component>
      <object_component id="oc-4bc">
         <name>.common:Lcd_ScreenHeigth</name>
         <uninitialized>true</uninitialized>
         <run_address>0x2000d6e8</run_address>
         <size>0x2</size>
      </object_component>
      <object_component id="oc-4bd">
         <name>.common:Lcd_PenSolid</name>
         <uninitialized>true</uninitialized>
         <run_address>0x2000d6f3</run_address>
         <size>0x1</size>
      </object_component>
      <object_component id="oc-4be">
         <name>.common:Lcd_FontSolid</name>
         <uninitialized>true</uninitialized>
         <run_address>0x2000d6f1</run_address>
         <size>0x1</size>
      </object_component>
      <object_component id="oc-4bf">
         <name>.common:Lcd_FlagRead</name>
         <uninitialized>true</uninitialized>
         <run_address>0x2000d6f0</run_address>
         <size>0x1</size>
      </object_component>
      <object_component id="oc-4c0">
         <name>.common:Lcd_TouchTrim</name>
         <uninitialized>true</uninitialized>
         <run_address>0x2000d6ec</run_address>
         <size>0x2</size>
      </object_component>
      <object_component id="oc-145">
         <name>.common:snake</name>
         <uninitialized>true</uninitialized>
         <run_address>0x2000cf80</run_address>
         <size>0x200</size>
      </object_component>
      <object_component id="oc-149">
         <name>.common:gFood</name>
         <uninitialized>true</uninitialized>
         <run_address>0x2000d6ee</run_address>
         <size>0x2</size>
      </object_component>
      <object_component id="oc-34f">
         <name>.common:gContext</name>
         <uninitialized>true</uninitialized>
         <run_address>0x2000d608</run_address>
         <size>0x2c</size>
      </object_component>
      <object_component id="oc-13e">
         <name>.common:gSysClk</name>
         <uninitialized>true</uninitialized>
         <run_address>0x2000d6e4</run_address>
         <size>0x4</size>
      </object_component>
      <object_component id="oc-13a">
         <name>.common:gGameStateMutex</name>
         <uninitialized>true</uninitialized>
         <run_address>0x2000d6e0</run_address>
         <size>0x4</size>
      </object_component>
      <object_component id="oc-2df">
         <name>.common:xQueueRegistry</name>
         <uninitialized>true</uninitialized>
         <run_address>0x2000d5b8</run_address>
         <size>0x50</size>
      </object_component>
      <object_component id="oc-25">
         <name>.stack</name>
         <uninitialized>true</uninitialized>
         <run_address>0x2000d6f8</run_address>
         <size>0x4</size>
         <input_file_ref idref="fl-dc"/>
      </object_component>
      <object_component id="oc-753">
         <name>.stack</name>
         <uninitialized>true</uninitialized>
         <run_address>0x2000d6f8</run_address>
         <size>0x0</size>
      </object_component>
      <object_component id="oc-1b8">
         <name>.debug_info</name>
         <load_address>0x0</load_address>
         <run_address>0x0</run_address>
         <size>0x71b</size>
         <input_file_ref idref="fl-2"/>
      </object_component>
      <object_component id="oc-4c3">
         <name>.debug_info</name>
         <load_address>0x71b</load_address>
         <run_address>0x71b</run_address>
         <size>0x135</size>
         <input_file_ref idref="fl-2"/>
      </object_component>
      <object_component id="oc-351">
         <name>.debug_info</name>
         <load_address>0x850</load_address>
         <run_address>0x850</run_address>
         <size>0x14e</size>
         <input_file_ref idref="fl-2"/>
      </object_component>
      <object_component id="oc-332">
         <name>.debug_info</name>
         <load_address>0x99e</load_address>
         <run_address>0x99e</run_address>
         <size>0x1633</size>
         <input_file_ref idref="fl-2"/>
      </object_component>
      <object_component id="oc-403">
         <name>.debug_info</name>
         <load_address>0x1fd1</load_address>
         <run_address>0x1fd1</run_address>
         <size>0x6bd</size>
         <input_file_ref idref="fl-2"/>
      </object_component>
      <object_component id="oc-9e">
         <name>.debug_info</name>
         <load_address>0x268e</load_address>
         <run_address>0x268e</run_address>
         <size>0x26b</size>
         <input_file_ref idref="fl-2"/>
      </object_component>
      <object_component id="oc-14b">
         <name>.debug_info</name>
         <load_address>0x28f9</load_address>
         <run_address>0x28f9</run_address>
         <size>0x8b</size>
         <input_file_ref idref="fl-2"/>
      </object_component>
      <object_component id="oc-1b3">
         <name>.debug_info</name>
         <load_address>0x2984</load_address>
         <run_address>0x2984</run_address>
         <size>0x2a4</size>
         <input_file_ref idref="fl-2"/>
      </object_component>
      <object_component id="oc-a3">
         <name>.debug_info</name>
         <load_address>0x2c28</load_address>
         <run_address>0x2c28</run_address>
         <size>0xbb</size>
         <input_file_ref idref="fl-2"/>
      </object_component>
      <object_component id="oc-4b5">
         <name>.debug_info</name>
         <load_address>0x2ce3</load_address>
         <run_address>0x2ce3</run_address>
         <size>0x815</size>
         <input_file_ref idref="fl-3"/>
      </object_component>
      <object_component id="oc-23e">
         <name>.debug_info</name>
         <load_address>0x34f8</load_address>
         <run_address>0x34f8</run_address>
         <size>0x5ac</size>
         <input_file_ref idref="fl-4"/>
      </object_component>
      <object_component id="oc-227">
         <name>.debug_info</name>
         <load_address>0x3aa4</load_address>
         <run_address>0x3aa4</run_address>
         <size>0x12d</size>
         <input_file_ref idref="fl-4"/>
      </object_component>
      <object_component id="oc-224">
         <name>.debug_info</name>
         <load_address>0x3bd1</load_address>
         <run_address>0x3bd1</run_address>
         <size>0x13b</size>
         <input_file_ref idref="fl-4"/>
      </object_component>
      <object_component id="oc-22a">
         <name>.debug_info</name>
         <load_address>0x3d0c</load_address>
         <run_address>0x3d0c</run_address>
         <size>0x143</size>
         <input_file_ref idref="fl-4"/>
      </object_component>
      <object_component id="oc-e8">
         <name>.debug_info</name>
         <load_address>0x3e4f</load_address>
         <run_address>0x3e4f</run_address>
         <size>0x3441</size>
         <input_file_ref idref="fl-4"/>
      </object_component>
      <object_component id="oc-239">
         <name>.debug_info</name>
         <load_address>0x7290</load_address>
         <run_address>0x7290</run_address>
         <size>0x83f</size>
         <input_file_ref idref="fl-4"/>
      </object_component>
      <object_component id="oc-389">
         <name>.debug_info</name>
         <load_address>0x7acf</load_address>
         <run_address>0x7acf</run_address>
         <size>0x2d6</size>
         <input_file_ref idref="fl-4"/>
      </object_component>
      <object_component id="oc-155">
         <name>.debug_info</name>
         <load_address>0x7da5</load_address>
         <run_address>0x7da5</run_address>
         <size>0xbb</size>
         <input_file_ref idref="fl-4"/>
      </object_component>
      <object_component id="oc-384">
         <name>.debug_info</name>
         <load_address>0x7e60</load_address>
         <run_address>0x7e60</run_address>
         <size>0x2a1</size>
         <input_file_ref idref="fl-4"/>
      </object_component>
      <object_component id="oc-362">
         <name>.debug_info</name>
         <load_address>0x8101</load_address>
         <run_address>0x8101</run_address>
         <size>0xefb</size>
         <input_file_ref idref="fl-5"/>
      </object_component>
      <object_component id="oc-357">
         <name>.debug_info</name>
         <load_address>0x8ffc</load_address>
         <run_address>0x8ffc</run_address>
         <size>0x126</size>
         <input_file_ref idref="fl-5"/>
      </object_component>
      <object_component id="oc-35a">
         <name>.debug_info</name>
         <load_address>0x9122</load_address>
         <run_address>0x9122</run_address>
         <size>0x126</size>
         <input_file_ref idref="fl-5"/>
      </object_component>
      <object_component id="oc-135">
         <name>.debug_info</name>
         <load_address>0x9248</load_address>
         <run_address>0x9248</run_address>
         <size>0x951</size>
         <input_file_ref idref="fl-5"/>
      </object_component>
      <object_component id="oc-513">
         <name>.debug_info</name>
         <load_address>0x9b99</load_address>
         <run_address>0x9b99</run_address>
         <size>0x638</size>
         <input_file_ref idref="fl-5"/>
      </object_component>
      <object_component id="oc-150">
         <name>.debug_info</name>
         <load_address>0xa1d1</load_address>
         <run_address>0xa1d1</run_address>
         <size>0x192</size>
         <input_file_ref idref="fl-5"/>
      </object_component>
      <object_component id="oc-518">
         <name>.debug_info</name>
         <load_address>0xa363</load_address>
         <run_address>0xa363</run_address>
         <size>0x16d</size>
         <input_file_ref idref="fl-5"/>
      </object_component>
      <object_component id="oc-370">
         <name>.debug_info</name>
         <load_address>0xa4d0</load_address>
         <run_address>0xa4d0</run_address>
         <size>0x4f</size>
         <input_file_ref idref="fl-5"/>
      </object_component>
      <object_component id="oc-398">
         <name>.debug_info</name>
         <load_address>0xa51f</load_address>
         <run_address>0xa51f</run_address>
         <size>0x2c</size>
         <input_file_ref idref="fl-5"/>
      </object_component>
      <object_component id="oc-35d">
         <name>.debug_info</name>
         <load_address>0xa54b</load_address>
         <run_address>0xa54b</run_address>
         <size>0x941</size>
         <input_file_ref idref="fl-5"/>
      </object_component>
      <object_component id="oc-39d">
         <name>.debug_info</name>
         <load_address>0xae8c</load_address>
         <run_address>0xae8c</run_address>
         <size>0x2c</size>
         <input_file_ref idref="fl-5"/>
      </object_component>
      <object_component id="oc-15a">
         <name>.debug_info</name>
         <load_address>0xaeb8</load_address>
         <run_address>0xaeb8</run_address>
         <size>0x53</size>
         <input_file_ref idref="fl-5"/>
      </object_component>
      <object_component id="oc-50e">
         <name>.debug_info</name>
         <load_address>0xaf0b</load_address>
         <run_address>0xaf0b</run_address>
         <size>0xfe</size>
         <input_file_ref idref="fl-5"/>
      </object_component>
      <object_component id="oc-38e">
         <name>.debug_info</name>
         <load_address>0xb009</load_address>
         <run_address>0xb009</run_address>
         <size>0x3f6</size>
         <input_file_ref idref="fl-5"/>
      </object_component>
      <object_component id="oc-393">
         <name>.debug_info</name>
         <load_address>0xb3ff</load_address>
         <run_address>0xb3ff</run_address>
         <size>0x1e2</size>
         <input_file_ref idref="fl-5"/>
      </object_component>
      <object_component id="oc-146">
         <name>.debug_info</name>
         <load_address>0xb5e1</load_address>
         <run_address>0xb5e1</run_address>
         <size>0x4be</size>
         <input_file_ref idref="fl-6"/>
      </object_component>
      <object_component id="oc-140">
         <name>.debug_info</name>
         <load_address>0xba9f</load_address>
         <run_address>0xba9f</run_address>
         <size>0x128</size>
         <input_file_ref idref="fl-6"/>
      </object_component>
      <object_component id="oc-143">
         <name>.debug_info</name>
         <load_address>0xbbc7</load_address>
         <run_address>0xbbc7</run_address>
         <size>0x172</size>
         <input_file_ref idref="fl-6"/>
      </object_component>
      <object_component id="oc-121">
         <name>.debug_info</name>
         <load_address>0xbd39</load_address>
         <run_address>0xbd39</run_address>
         <size>0x442</size>
         <input_file_ref idref="fl-6"/>
      </object_component>
      <object_component id="oc-37f">
         <name>.debug_info</name>
         <load_address>0xc17b</load_address>
         <run_address>0xc17b</run_address>
         <size>0x1a5</size>
         <input_file_ref idref="fl-6"/>
      </object_component>
      <object_component id="oc-2d2">
         <name>.debug_info</name>
         <load_address>0xc320</load_address>
         <run_address>0xc320</run_address>
         <size>0x179b</size>
         <input_file_ref idref="fl-7"/>
      </object_component>
      <object_component id="oc-284">
         <name>.debug_info</name>
         <load_address>0xdabb</load_address>
         <run_address>0xdabb</run_address>
         <size>0xf5</size>
         <input_file_ref idref="fl-7"/>
      </object_component>
      <object_component id="oc-281">
         <name>.debug_info</name>
         <load_address>0xdbb0</load_address>
         <run_address>0xdbb0</run_address>
         <size>0x103</size>
         <input_file_ref idref="fl-7"/>
      </object_component>
      <object_component id="oc-287">
         <name>.debug_info</name>
         <load_address>0xdcb3</load_address>
         <run_address>0xdcb3</run_address>
         <size>0x10b</size>
         <input_file_ref idref="fl-7"/>
      </object_component>
      <object_component id="oc-266">
         <name>.debug_info</name>
         <load_address>0xddbe</load_address>
         <run_address>0xddbe</run_address>
         <size>0x10d</size>
         <input_file_ref idref="fl-7"/>
      </object_component>
      <object_component id="oc-ee">
         <name>.debug_info</name>
         <load_address>0xdecb</load_address>
         <run_address>0xdecb</run_address>
         <size>0x12ab</size>
         <input_file_ref idref="fl-7"/>
      </object_component>
      <object_component id="oc-2b2">
         <name>.debug_info</name>
         <load_address>0xf176</load_address>
         <run_address>0xf176</run_address>
         <size>0x14e</size>
         <input_file_ref idref="fl-7"/>
      </object_component>
      <object_component id="oc-2b9">
         <name>.debug_info</name>
         <load_address>0xf2c4</load_address>
         <run_address>0xf2c4</run_address>
         <size>0x169</size>
         <input_file_ref idref="fl-7"/>
      </object_component>
      <object_component id="oc-296">
         <name>.debug_info</name>
         <load_address>0xf42d</load_address>
         <run_address>0xf42d</run_address>
         <size>0x175</size>
         <input_file_ref idref="fl-7"/>
      </object_component>
      <object_component id="oc-29d">
         <name>.debug_info</name>
         <load_address>0xf5a2</load_address>
         <run_address>0xf5a2</run_address>
         <size>0x175</size>
         <input_file_ref idref="fl-7"/>
      </object_component>
      <object_component id="oc-2ab">
         <name>.debug_info</name>
         <load_address>0xf717</load_address>
         <run_address>0xf717</run_address>
[...]
         <value>0x81ab</value>
         <object_component_ref idref="oc-33"/>
      </symbol>
      <symbol id="sm-976">
         <name>vPortEndScheduler</name>
         <value>0x814d</value>
         <object_component_ref idref="oc-33"/>
      </symbol>
      <symbol id="sm-977">
         <name>xPortSysTickHandler</name>
         <value>0x8185</value>
         <object_component_ref idref="oc-33"/>
      </symbol>
      <symbol id="sm-978">
         <name>pxPortInitialiseStack</name>
         <value>0x80ad</value>
         <object_component_ref idref="oc-33"/>
      </symbol>
      <symbol id="sm-979">
         <name>vPortExitCritical</name>
         <value>0x816f</value>
         <object_component_ref idref="oc-33"/>
      </symbol>
      <symbol id="sm-97a">
         <name>xPortStartScheduler</name>
         <value>0x8117</value>
         <object_component_ref idref="oc-33"/>
      </symbol>
      <symbol id="sm-97b">
         <name>vPortEnterCritical</name>
         <value>0x814f</value>
         <object_component_ref idref="oc-33"/>
      </symbol>
      <symbol id="sm-98a">
         <name>vPortStartFirstTask</name>
         <value>0x8829</value>
         <object_component_ref idref="oc-2e"/>
      </symbol>
      <symbol id="sm-98b">
         <name>ulPortGetIPSR</name>
         <value>0x8791</value>
         <object_component_ref idref="oc-2e"/>
      </symbol>
      <symbol id="sm-98c">
         <name>vPortEnableVFP</name>
         <value>0x884d</value>
         <object_component_ref idref="oc-2e"/>
      </symbol>
      <symbol id="sm-98d">
         <name>xPortPendSVHandler</name>
         <value>0x87a9</value>
         <object_component_ref idref="oc-2e"/>
      </symbol>
      <symbol id="sm-98e">
         <name>vPortSVCHandler</name>
         <value>0x8809</value>
         <object_component_ref idref="oc-2e"/>
      </symbol>
      <symbol id="sm-9f5">
         <name>vPortInitialiseBlocks</name>
         <value>0x6397</value>
         <object_component_ref idref="oc-164"/>
      </symbol>
      <symbol id="sm-9f6">
         <name>vPortGetHeapStats</name>
         <value>0x6525</value>
         <object_component_ref idref="oc-164"/>
      </symbol>
      <symbol id="sm-9f7">
         <name>vPortHeapResetState</name>
         <value>0x65cb</value>
         <object_component_ref idref="oc-164"/>
      </symbol>
      <symbol id="sm-9f8">
         <name>xPortGetFreeHeapSize</name>
         <value>0x638b</value>
         <object_component_ref idref="oc-164"/>
      </symbol>
      <symbol id="sm-9f9">
         <name>pvPortCalloc</name>
         <value>0x6399</value>
         <object_component_ref idref="oc-164"/>
      </symbol>
      <symbol id="sm-9fa">
         <name>pvPortMalloc</name>
         <value>0x61ed</value>
         <object_component_ref idref="oc-164"/>
      </symbol>
      <symbol id="sm-9fb">
         <name>vPortFree</name>
         <value>0x6331</value>
         <object_component_ref idref="oc-164"/>
      </symbol>
      <symbol id="sm-9fc">
         <name>xPortGetMinimumEverFreeHeapSize</name>
         <value>0x6391</value>
         <object_component_ref idref="oc-164"/>
      </symbol>
      <symbol id="sm-a38">
         <name>atan2f</name>
         <value>0x7b85</value>
         <object_component_ref idref="oc-28f"/>
      </symbol>
      <symbol id="sm-a48">
         <name>sqrtf</name>
         <value>0x9801</value>
         <object_component_ref idref="oc-289"/>
      </symbol>
      <symbol id="sm-a75">
         <name>atanf</name>
         <value>0x7cdd</value>
         <object_component_ref idref="oc-454"/>
      </symbol>
      <symbol id="sm-a97">
         <name>floorf</name>
         <value>0x8c95</value>
         <object_component_ref idref="oc-2c6"/>
      </symbol>
      <symbol id="sm-ad0">
         <name>snprintf</name>
         <value>0x9249</value>
         <object_component_ref idref="oc-343"/>
      </symbol>
      <symbol id="sm-aeb">
         <name>memcpy</name>
         <value>0x89cf</value>
         <object_component_ref idref="oc-47"/>
      </symbol>
      <symbol id="sm-aec">
         <name>__aeabi_memcpy</name>
         <value>0x89cf</value>
         <object_component_ref idref="oc-47"/>
      </symbol>
      <symbol id="sm-aed">
         <name>__aeabi_memcpy8</name>
         <value>0x89cf</value>
         <object_component_ref idref="oc-47"/>
      </symbol>
      <symbol id="sm-aee">
         <name>__aeabi_memcpy4</name>
         <value>0x89cf</value>
         <object_component_ref idref="oc-47"/>
      </symbol>
      <symbol id="sm-afd">
         <name>__aeabi_memset</name>
         <value>0x8d91</value>
         <object_component_ref idref="oc-bd"/>
      </symbol>
      <symbol id="sm-afe">
         <name>memset</name>
         <value>0x8d97</value>
         <object_component_ref idref="oc-bd"/>
      </symbol>
      <symbol id="sm-aff">
         <name>__aeabi_memset8</name>
         <value>0x8d91</value>
         <object_component_ref idref="oc-bd"/>
      </symbol>
      <symbol id="sm-b00">
         <name>__aeabi_memset4</name>
         <value>0x8d91</value>
         <object_component_ref idref="oc-bd"/>
      </symbol>
      <symbol id="sm-b01">
         <name>__aeabi_memclr8</name>
         <value>0x8d8f</value>
         <object_component_ref idref="oc-bd"/>
      </symbol>
      <symbol id="sm-b02">
         <name>__aeabi_memclr4</name>
         <value>0x8d8f</value>
         <object_component_ref idref="oc-bd"/>
      </symbol>
      <symbol id="sm-b03">
         <name>__aeabi_memclr</name>
         <value>0x8d8f</value>
         <object_component_ref idref="oc-bd"/>
      </symbol>
      <symbol id="sm-b10">
         <name>__aeabi_uldivmod</name>
         <value>0x8a6b</value>
         <object_component_ref idref="oc-126"/>
      </symbol>
      <symbol id="sm-b22">
         <name>__TI_zero_init</name>
         <value>0x9ad7</value>
         <object_component_ref idref="oc-59"/>
      </symbol>
      <symbol id="sm-b39">
         <name>__TI_decompress_none</name>
         <value>0x9ab1</value>
         <object_component_ref idref="oc-1b"/>
      </symbol>
      <symbol id="sm-b5c">
         <name>__TI_decompress_lzss</name>
         <value>0x8ee1</value>
         <object_component_ref idref="oc-15"/>
      </symbol>
      <symbol id="sm-b81">
         <name>rand</name>
         <value>0x968d</value>
         <object_component_ref idref="oc-318"/>
      </symbol>
      <symbol id="sm-b82">
         <name>srand</name>
         <value>0x9875</value>
         <object_component_ref idref="oc-11a"/>
      </symbol>
      <symbol id="sm-b95">
         <name>__stack</name>
         <value>0x2000d6f8</value>
         <object_component_ref idref="oc-25"/>
      </symbol>
      <symbol id="sm-b96">
         <name>_c_int00_noargs</name>
         <value>0x9659</value>
         <object_component_ref idref="oc-65"/>
      </symbol>
      <symbol id="sm-bac">
         <name>__aeabi_errno_addr</name>
         <value>0x9b1d</value>
         <object_component_ref idref="oc-44c"/>
      </symbol>
      <symbol id="sm-bad">
         <name>errno</name>
         <value>0x20008060</value>
         <object_component_ref idref="oc-55e"/>
      </symbol>
      <symbol id="sm-d12">
         <name>__TI_printfi</name>
         <value>0x4b35</value>
         <object_component_ref idref="oc-4dc"/>
      </symbol>
      <symbol id="sm-d1c">
         <name>__aeabi_idiv0</name>
         <value>0x5583</value>
         <object_component_ref idref="oc-31f"/>
      </symbol>
      <symbol id="sm-d1d">
         <name>__aeabi_ldiv0</name>
         <value>0x5583</value>
         <object_component_ref idref="oc-31f"/>
      </symbol>
      <symbol id="sm-d34">
         <name>__aeabi_dsub</name>
         <value>0x7861</value>
         <object_component_ref idref="oc-69a"/>
      </symbol>
      <symbol id="sm-d35">
         <name>__aeabi_dadd</name>
         <value>0x786b</value>
         <object_component_ref idref="oc-69a"/>
      </symbol>
      <symbol id="sm-d57">
         <name>__aeabi_cdcmpeq</name>
         <value>0x8b87</value>
         <object_component_ref idref="oc-5fd"/>
      </symbol>
      <symbol id="sm-d58">
         <name>__aeabi_cdcmple</name>
         <value>0x8b87</value>
         <object_component_ref idref="oc-5fd"/>
      </symbol>
      <symbol id="sm-d59">
         <name>__aeabi_cdrcmple</name>
         <value>0x8c0d</value>
         <object_component_ref idref="oc-685"/>
      </symbol>
      <symbol id="sm-d6d">
         <name>__aeabi_ddiv</name>
         <value>0x81e9</value>
         <object_component_ref idref="oc-680"/>
      </symbol>
      <symbol id="sm-d78">
         <name>__aeabi_dmul</name>
         <value>0x8685</value>
         <object_component_ref idref="oc-67b"/>
      </symbol>
      <symbol id="sm-d82">
         <name>__aeabi_d2iz</name>
         <value>0x9329</value>
         <object_component_ref idref="oc-68a"/>
      </symbol>
      <symbol id="sm-d8c">
         <name>__aeabi_i2d</name>
         <value>0x977d</value>
         <object_component_ref idref="oc-695"/>
      </symbol>
      <symbol id="sm-db9">
         <name>__TI_auto_init_nobinit</name>
         <value>0x8fad</value>
         <object_component_ref idref="oc-1dc"/>
      </symbol>
      <symbol id="sm-dc3">
         <name>_system_pre_init</name>
         <value>0x9b3d</value>
         <object_component_ref idref="oc-c3"/>
      </symbol>
      <symbol id="sm-dcf">
         <name>C$$EXIT</name>
         <value>0x9b41</value>
         <object_component_ref idref="oc-1ca"/>
      </symbol>
      <symbol id="sm-dd0">
         <name>abort</name>
         <value>0x9b41</value>
         <object_component_ref idref="oc-1ca"/>
      </symbol>
      <symbol id="sm-de5">
         <name>_nop</name>
         <value>0x4b33</value>
         <object_component_ref idref="oc-49d"/>
      </symbol>
      <symbol id="sm-de6">
         <name>_lock</name>
         <value>0x2000804c</value>
         <object_component_ref idref="oc-310"/>
      </symbol>
      <symbol id="sm-de7">
         <name>_unlock</name>
         <value>0x20008050</value>
         <object_component_ref idref="oc-310"/>
      </symbol>
      <symbol id="sm-df6">
         <name>__TI_ltoa</name>
         <value>0x90bd</value>
         <object_component_ref idref="oc-68f"/>
      </symbol>
      <symbol id="sm-e0d">
         <name>atoi</name>
         <value>0x91fd</value>
         <object_component_ref idref="oc-5f1"/>
      </symbol>
      <symbol id="sm-e18">
         <name>_ctypes_</name>
         <value>0xa16c</value>
         <object_component_ref idref="oc-674"/>
      </symbol>
      <symbol id="sm-e28">
         <name>memccpy</name>
         <value>0x9919</value>
         <object_component_ref idref="oc-61a"/>
      </symbol>
      <symbol id="sm-e38">
         <name>strchr</name>
         <value>0x9a09</value>
         <object_component_ref idref="oc-6c6"/>
      </symbol>
      <symbol id="sm-e46">
         <name>strlen</name>
         <value>0x9a1f</value>
         <object_component_ref idref="oc-5eb"/>
      </symbol>
      <symbol id="sm-e5f">
         <name>wcslen</name>
         <value>0x9a33</value>
         <object_component_ref idref="oc-620"/>
      </symbol>
      <symbol id="sm-e75">
         <name>frexpl</name>
         <value>0x8f49</value>
         <object_component_ref idref="oc-6ba"/>
      </symbol>
      <symbol id="sm-e76">
         <name>frexp</name>
         <value>0x8f49</value>
         <object_component_ref idref="oc-6ba"/>
      </symbol>
      <symbol id="sm-e93">
         <name>scalbn</name>
         <value>0x8575</value>
         <object_component_ref idref="oc-6c0"/>
      </symbol>
      <symbol id="sm-e94">
         <name>scalbnl</name>
         <value>0x8575</value>
         <object_component_ref idref="oc-6c0"/>
      </symbol>
      <symbol id="sm-e95">
         <name>ldexpl</name>
         <value>0x8575</value>
         <object_component_ref idref="oc-6c0"/>
      </symbol>
      <symbol id="sm-e96">
         <name>ldexp</name>
         <value>0x8575</value>
         <object_component_ref idref="oc-6c0"/>
      </symbol>
      <symbol id="sm-ea0">
         <name>copysign</name>
         <value>0x994f</value>
         <object_component_ref idref="oc-701"/>
      </symbol>
      <symbol id="sm-ea1">
         <name>copysignl</name>
         <value>0x994f</value>
         <object_component_ref idref="oc-701"/>
      </symbol>
      <symbol id="sm-ed9">
         <name>GrContextInit</name>
         <value>0x8e79</value>
         <object_component_ref idref="oc-337"/>
      </symbol>
      <symbol id="sm-eda">
         <name>g_psDefaultCodePointMapTable</name>
         <value>0xa6c0</value>
         <object_component_ref idref="oc-4cc"/>
      </symbol>
      <symbol id="sm-ee8">
         <name>GrRectFill</name>
         <value>0x8b01</value>
         <object_component_ref idref="oc-32b"/>
      </symbol>
      <symbol id="sm-f78">
         <name>GrFontInfoGet</name>
         <value>0x9829</value>
         <object_component_ref idref="oc-5bd"/>
      </symbol>
      <symbol id="sm-f79">
         <name>GrDefaultStringRenderer</name>
         <value>0x885b</value>
         <object_component_ref idref="oc-4c6"/>
      </symbol>
      <symbol id="sm-f7a">
         <name>GrFontGlyphRender</name>
         <value>0x723d</value>
         <object_component_ref idref="oc-5cf"/>
      </symbol>
      <symbol id="sm-f7b">
         <name>GrContextFontSet</name>
         <value>0x9b31</value>
         <object_component_ref idref="oc-33d"/>
      </symbol>
      <symbol id="sm-f7c">
         <name>GrFontGlyphDataGet</name>
         <value>0x9899</value>
         <object_component_ref idref="oc-5c9"/>
      </symbol>
      <symbol id="sm-f7d">
         <name>GrStringDraw</name>
         <value>0x99f3</value>
         <object_component_ref idref="oc-349"/>
      </symbol>
      <symbol id="sm-f7e">
         <name>GrFontCodepageGet</name>
         <value>0x98fb</value>
         <object_component_ref idref="oc-5e2"/>
      </symbol>
      <symbol id="sm-f7f">
         <name>GrStringNextCharGet</name>
         <value>0x974f</value>
         <object_component_ref idref="oc-5c3"/>
      </symbol>
      <symbol id="sm-f91">
         <name>g_sFontFixed6x8</name>
         <value>0xa270</value>
         <object_component_ref idref="oc-353"/>
      </symbol>
      <symbol id="sm-f9e">
         <name>GrMapISO8859_1_Unicode</name>
         <value>0x9b0d</value>
         <object_component_ref idref="oc-5d6"/>
      </symbol>
      <symbol id="sm-fec">
         <name>ADCProcessorTrigger</name>
         <value>0x9969</value>
         <object_component_ref idref="oc-268"/>
      </symbol>
      <symbol id="sm-fed">
         <name>ADCSequenceEnable</name>
         <value>0x9aa3</value>
         <object_component_ref idref="oc-25f"/>
      </symbol>
      <symbol id="sm-fee">
         <name>ADCSequenceConfigure</name>
         <value>0x9163</value>
         <object_component_ref idref="oc-253"/>
      </symbol>
      <symbol id="sm-fef">
         <name>ADCSequenceStepConfigure</name>
         <value>0x8d15</value>
         <object_component_ref idref="oc-259"/>
      </symbol>
      <symbol id="sm-ff0">
         <name>ADCIntClear</name>
         <value>0x9aef</value>
         <object_component_ref idref="oc-27a"/>
      </symbol>
      <symbol id="sm-ff1">
         <name>ADCIntStatus</name>
         <value>0x9721</value>
         <object_component_ref idref="oc-26e"/>
      </symbol>
      <symbol id="sm-ff2">
         <name>ADCSequenceDisable</name>
         <value>0x9a95</value>
         <object_component_ref idref="oc-24d"/>
      </symbol>
      <symbol id="sm-ff3">
         <name>ADCSequenceDataGet</name>
         <value>0x98dd</value>
         <object_component_ref idref="oc-274"/>
      </symbol>
      <symbol id="sm-1009">
         <name>FPULazyStackingEnable</name>
         <value>0x9a55</value>
         <object_component_ref idref="oc-e1"/>
      </symbol>
      <symbol id="sm-100a">
         <name>FPUEnable</name>
         <value>0x9a45</value>
         <object_component_ref idref="oc-db"/>
      </symbol>
      <symbol id="sm-106c">
         <name>GPIOPinConfigure</name>
         <value>0x91b1</value>
         <object_component_ref idref="oc-590"/>
      </symbol>
      <symbol id="sm-106d">
         <name>GPIOPinTypeADC</name>
         <value>0x99b1</value>
         <object_component_ref idref="oc-247"/>
      </symbol>
      <symbol id="sm-106e">
         <name>GPIOPinTypeGPIOInput</name>
         <value>0x99c7</value>
         <object_component_ref idref="oc-21d"/>
      </symbol>
      <symbol id="sm-106f">
         <name>GPIOPinTypeGPIOOutput</name>
         <value>0x9935</value>
         <object_component_ref idref="oc-596"/>
      </symbol>
      <symbol id="sm-1070">
         <name>GPIOPinRead</name>
         <value>0x9b25</value>
         <object_component_ref idref="oc-22c"/>
      </symbol>
      <symbol id="sm-1071">
         <name>GPIODirModeSet</name>
         <value>0x97ab</value>
         <object_component_ref idref="oc-428"/>
      </symbol>
      <symbol id="sm-1072">
         <name>GPIOPinWrite</name>
         <value>0x9b2b</value>
         <object_component_ref idref="oc-5a8"/>
      </symbol>
      <symbol id="sm-1073">
         <name>GPIOPadConfigSet</name>
         <value>0x7a19</value>
         <object_component_ref idref="oc-232"/>
      </symbol>
      <symbol id="sm-1074">
         <name>GPIOPinTypeSSI</name>
         <value>0x99dd</value>
         <object_component_ref idref="oc-58a"/>
      </symbol>
      <symbol id="sm-1088">
         <name>IntMasterDisable</name>
         <value>0x9a65</value>
         <object_component_ref idref="oc-d5"/>
      </symbol>
      <symbol id="sm-1089">
         <name>IntMasterEnable</name>
         <value>0x9a75</value>
         <object_component_ref idref="oc-107"/>
      </symbol>
      <symbol id="sm-10b0">
         <name>SSIDataPut</name>
         <value>0x9af9</value>
         <object_component_ref idref="oc-5b4"/>
      </symbol>
      <symbol id="sm-10b1">
         <name>SSIConfigSetExpClk</name>
         <value>0x95af</value>
         <object_component_ref idref="oc-59c"/>
      </symbol>
      <symbol id="sm-10b2">
         <name>SSIEnable</name>
         <value>0x9b03</value>
         <object_component_ref idref="oc-5a2"/>
      </symbol>
      <symbol id="sm-10b3">
         <name>SSIBusy</name>
         <value>0x9b15</value>
         <object_component_ref idref="oc-5ae"/>
      </symbol>
      <symbol id="sm-112e">
         <name>SysCtlDelay</name>
         <value>0x9b37</value>
         <object_component_ref idref="oc-4ba"/>
      </symbol>
      <symbol id="sm-112f">
         <name>SysCtlPeripheralEnable</name>
         <value>0x9625</value>
         <object_component_ref idref="oc-211"/>
      </symbol>
      <symbol id="sm-1130">
         <name>SysCtlPeripheralReady</name>
         <value>0x95ed</value>
         <object_component_ref idref="oc-217"/>
      </symbol>
      <symbol id="sm-1131">
         <name>SysCtlClockFreqSet</name>
         <value>0x7491</value>
         <object_component_ref idref="oc-10d"/>
      </symbol>
      <symbol id="sm-1144">
         <name>CPUcpsie</name>
         <value>0x9acb</value>
         <object_component_ref idref="oc-2ed"/>
      </symbol>
      <symbol id="sm-1145">
         <name>CPUcpsid</name>
         <value>0x9abf</value>
         <object_component_ref idref="oc-208"/>
      </symbol>
      <symbol id="sm-1146">
         <name>__TI_static_base__</name>
         <value>0x0</value>
      </symbol>
      <symbol id="sm-1149">
         <name>__mpu_init</name>
         <value>0x0</value>
      </symbol>
      <symbol id="sm-114a">
         <name>_system_post_cinit</name>
         <value>0x0</value>
      </symbol>
   </symbol_table>
   <title>Link successful</title>
</link_info>
