<?xml version="1.0" encoding="ISO-8859-1" ?>
<link_info>
   <banner>TI ARM Linker Unix v20.2.7.LTS</banner>
   <copyright>Copyright (c) 1996-2018 Texas Instruments Incorporated</copyright>
   <link_time>0x69e1dd09</link_time>
   <link_errors>0x0</link_errors>
   <output_file>ece3849_lab3_lphung_shtran.out</output_file>
   <entry_point>
      <name>_c_int00_noargs</name>
      <address>0x9c31</address>
   </entry_point>
   <input_file_list>
      <input_file id="fl-2">
         <path>./</path>
         <kind>object</kind>
         <file>Crystalfontz128x128_ST7735.obj</file>
         <name>Crystalfontz128x128_ST7735.obj</name>
      </input_file>
      <input_file id="fl-3">
         <path>./</path>
         <kind>object</kind>
         <file>HAL_EK_TM4C1294XL_Crystalfontz128x128_ST7735.obj</file>
         <name>HAL_EK_TM4C1294XL_Crystalfontz128x128_ST7735.obj</name>
      </input_file>
      <input_file id="fl-4">
         <path>./</path>
         <kind>object</kind>
         <file>button.obj</file>
         <name>button.obj</name>
      </input_file>
      <input_file id="fl-5">
         <path>./</path>
         <kind>object</kind>
         <file>buzzer.obj</file>
         <name>buzzer.obj</name>
      </input_file>
      <input_file id="fl-6">
         <path>./</path>
         <kind>object</kind>
         <file>display.obj</file>
         <name>display.obj</name>
      </input_file>
      <input_file id="fl-7">
         <path>./</path>
         <kind>object</kind>
         <file>game.obj</file>
         <name>game.obj</name>
      </input_file>
      <input_file id="fl-8">
         <path>./</path>
         <kind>object</kind>
         <file>joystick.obj</file>
         <name>joystick.obj</name>
      </input_file>
      <input_file id="fl-9">
         <path>./</path>
         <kind>object</kind>
         <file>main.obj</file>
         <name>main.obj</name>
      </input_file>
      <input_file id="fl-a">
         <path>./</path>
         <kind>object</kind>
         <file>startup_ccs.obj</file>
         <name>startup_ccs.obj</name>
      </input_file>
      <input_file id="fl-b">
         <path>./</path>
         <kind>object</kind>
         <file>timerLib.obj</file>
         <name>timerLib.obj</name>
      </input_file>
      <input_file id="fl-c">
         <path>./FreeRTOS/</path>
         <kind>object</kind>
         <file>croutine.obj</file>
         <name>croutine.obj</name>
      </input_file>
      <input_file id="fl-d">
         <path>./FreeRTOS/</path>
         <kind>object</kind>
         <file>event_groups.obj</file>
         <name>event_groups.obj</name>
      </input_file>
      <input_file id="fl-e">
         <path>./FreeRTOS/</path>
         <kind>object</kind>
         <file>list.obj</file>
         <name>list.obj</name>
      </input_file>
      <input_file id="fl-f">
         <path>./FreeRTOS/</path>
         <kind>object</kind>
         <file>queue.obj</file>
         <name>queue.obj</name>
      </input_file>
      <input_file id="fl-10">
         <path>./FreeRTOS/</path>
         <kind>object</kind>
         <file>stream_buffer.obj</file>
         <name>stream_buffer.obj</name>
      </input_file>
      <input_file id="fl-11">
         <path>./FreeRTOS/</path>
         <kind>object</kind>
         <file>tasks.obj</file>
         <name>tasks.obj</name>
      </input_file>
      <input_file id="fl-12">
         <path>./FreeRTOS/</path>
         <kind>object</kind>
         <file>timers.obj</file>
         <name>timers.obj</name>
      </input_file>
      <input_file id="fl-13">
         <path>./FreeRTOS/portable/CCS/ARM_CM4F/</path>
         <kind>object</kind>
         <file>port.obj</file>
         <name>port.obj</name>
      </input_file>
      <input_file id="fl-14">
         <path>./FreeRTOS/portable/CCS/ARM_CM4F/</path>
         <kind>object</kind>
         <file>portasm.obj</file>
         <name>portasm.obj</name>
      </input_file>
      <input_file id="fl-15">
         <path>./FreeRTOS/portable/MemMang/</path>
         <kind>object</kind>
         <file>heap_4.obj</file>
         <name>heap_4.obj</name>
      </input_file>
      <input_file id="fl-1b">
         <kind>object</kind>
         <file>&lt;internal&gt;</file>
         <name>&lt;internal&gt;</name>
      </input_file>
      <input_file id="fl-d1">
         <path>/Applications/ti/ccs1281/ccs/tools/compiler/ti-cgt-arm_20.2.7.LTS/lib/</path>
         <kind>archive</kind>
         <file>rtsv7M4_T_le_v4SPD16_eabi.lib</file>
         <name>e_atan2f.c.obj</name>
      </input_file>
      <input_file id="fl-d2">
         <path>/Applications/ti/ccs1281/ccs/tools/compiler/ti-cgt-arm_20.2.7.LTS/lib/</path>
         <kind>archive</kind>
         <file>rtsv7M4_T_le_v4SPD16_eabi.lib</file>
         <name>e_sqrtf.c.obj</name>
      </input_file>
      <input_file id="fl-d3">
         <path>/Applications/ti/ccs1281/ccs/tools/compiler/ti-cgt-arm_20.2.7.LTS/lib/</path>
         <kind>archive</kind>
         <file>rtsv7M4_T_le_v4SPD16_eabi.lib</file>
         <name>s_atanf.c.obj</name>
      </input_file>
      <input_file id="fl-d4">
         <path>/Applications/ti/ccs1281/ccs/tools/compiler/ti-cgt-arm_20.2.7.LTS/lib/</path>
         <kind>archive</kind>
         <file>rtsv7M4_T_le_v4SPD16_eabi.lib</file>
         <name>s_floorf.c.obj</name>
      </input_file>
      <input_file id="fl-d5">
         <path>/Applications/ti/ccs1281/ccs/tools/compiler/ti-cgt-arm_20.2.7.LTS/lib/</path>
         <kind>archive</kind>
         <file>rtsv7M4_T_le_v4SPD16_eabi.lib</file>
         <name>snprintf.c.obj</name>
      </input_file>
      <input_file id="fl-d6">
         <path>/Applications/ti/ccs1281/ccs/tools/compiler/ti-cgt-arm_20.2.7.LTS/lib/</path>
         <kind>archive</kind>
         <file>rtsv7M4_T_le_v4SPD16_eabi.lib</file>
         <name>memcpy_t2.asm.obj</name>
      </input_file>
      <input_file id="fl-d7">
         <path>/Applications/ti/ccs1281/ccs/tools/compiler/ti-cgt-arm_20.2.7.LTS/lib/</path>
         <kind>archive</kind>
         <file>rtsv7M4_T_le_v4SPD16_eabi.lib</file>
         <name>memset_t2.asm.obj</name>
      </input_file>
      <input_file id="fl-d8">
         <path>/Applications/ti/ccs1281/ccs/tools/compiler/ti-cgt-arm_20.2.7.LTS/lib/</path>
         <kind>archive</kind>
         <file>rtsv7M4_T_le_v4SPD16_eabi.lib</file>
         <name>ull_div_t2.asm.obj</name>
      </input_file>
      <input_file id="fl-d9">
         <path>/Applications/ti/ccs1281/ccs/tools/compiler/ti-cgt-arm_20.2.7.LTS/lib/</path>
         <kind>archive</kind>
         <file>rtsv7M4_T_le_v4SPD16_eabi.lib</file>
         <name>copy_zero_init.c.obj</name>
      </input_file>
      <input_file id="fl-da">
         <path>/Applications/ti/ccs1281/ccs/tools/compiler/ti-cgt-arm_20.2.7.LTS/lib/</path>
         <kind>archive</kind>
         <file>rtsv7M4_T_le_v4SPD16_eabi.lib</file>
         <name>copy_decompress_none.c.obj</name>
      </input_file>
      <input_file id="fl-db">
         <path>/Applications/ti/ccs1281/ccs/tools/compiler/ti-cgt-arm_20.2.7.LTS/lib/</path>
         <kind>archive</kind>
         <file>rtsv7M4_T_le_v4SPD16_eabi.lib</file>
         <name>copy_decompress_lzss.c.obj</name>
      </input_file>
      <input_file id="fl-dc">
         <path>/Applications/ti/ccs1281/ccs/tools/compiler/ti-cgt-arm_20.2.7.LTS/lib/</path>
         <kind>archive</kind>
         <file>rtsv7M4_T_le_v4SPD16_eabi.lib</file>
         <name>rand.c.obj</name>
      </input_file>
      <input_file id="fl-dd">
         <path>/Applications/ti/ccs1281/ccs/tools/compiler/ti-cgt-arm_20.2.7.LTS/lib/</path>
         <kind>archive</kind>
         <file>rtsv7M4_T_le_v4SPD16_eabi.lib</file>
         <name>boot_cortex_m.c.obj</name>
      </input_file>
      <input_file id="fl-de">
         <path>/Applications/ti/ccs1281/ccs/tools/compiler/ti-cgt-arm_20.2.7.LTS/lib/</path>
         <kind>archive</kind>
         <file>rtsv7M4_T_le_v4SPD16_eabi.lib</file>
         <name>errno.c.obj</name>
      </input_file>
      <input_file id="fl-df">
         <path>/Applications/ti/ccs1281/ccs/tools/compiler/ti-cgt-arm_20.2.7.LTS/lib/</path>
         <kind>archive</kind>
         <file>rtsv7M4_T_le_v4SPD16_eabi.lib</file>
         <name>_printfi.c.obj</name>
      </input_file>
      <input_file id="fl-e0">
         <path>/Applications/ti/ccs1281/ccs/tools/compiler/ti-cgt-arm_20.2.7.LTS/lib/</path>
         <kind>archive</kind>
         <file>rtsv7M4_T_le_v4SPD16_eabi.lib</file>
         <name>div0.asm.obj</name>
      </input_file>
      <input_file id="fl-e1">
         <path>/Applications/ti/ccs1281/ccs/tools/compiler/ti-cgt-arm_20.2.7.LTS/lib/</path>
         <kind>archive</kind>
         <file>rtsv7M4_T_le_v4SPD16_eabi.lib</file>
         <name>fd_add_t2.asm.obj</name>
      </input_file>
      <input_file id="fl-e2">
         <path>/Applications/ti/ccs1281/ccs/tools/compiler/ti-cgt-arm_20.2.7.LTS/lib/</path>
         <kind>archive</kind>
         <file>rtsv7M4_T_le_v4SPD16_eabi.lib</file>
         <name>fd_cmp_t2.asm.obj</name>
      </input_file>
      <input_file id="fl-e3">
         <path>/Applications/ti/ccs1281/ccs/tools/compiler/ti-cgt-arm_20.2.7.LTS/lib/</path>
         <kind>archive</kind>
         <file>rtsv7M4_T_le_v4SPD16_eabi.lib</file>
         <name>fd_div_t2.asm.obj</name>
      </input_file>
      <input_file id="fl-e4">
         <path>/Applications/ti/ccs1281/ccs/tools/compiler/ti-cgt-arm_20.2.7.LTS/lib/</path>
         <kind>archive</kind>
         <file>rtsv7M4_T_le_v4SPD16_eabi.lib</file>
         <name>fd_mul_t2.asm.obj</name>
      </input_file>
      <input_file id="fl-e5">
         <path>/Applications/ti/ccs1281/ccs/tools/compiler/ti-cgt-arm_20.2.7.LTS/lib/</path>
         <kind>archive</kind>
         <file>rtsv7M4_T_le_v4SPD16_eabi.lib</file>
         <name>fd_toi_t2.asm.obj</name>
      </input_file>
      <input_file id="fl-e6">
         <path>/Applications/ti/ccs1281/ccs/tools/compiler/ti-cgt-arm_20.2.7.LTS/lib/</path>
         <kind>archive</kind>
         <file>rtsv7M4_T_le_v4SPD16_eabi.lib</file>
         <name>i_tofd_t2.asm.obj</name>
      </input_file>
      <input_file id="fl-e7">
         <path>/Applications/ti/ccs1281/ccs/tools/compiler/ti-cgt-arm_20.2.7.LTS/lib/</path>
         <kind>archive</kind>
         <file>rtsv7M4_T_le_v4SPD16_eabi.lib</file>
         <name>autoinit.c.obj</name>
      </input_file>
      <input_file id="fl-e8">
         <path>/Applications/ti/ccs1281/ccs/tools/compiler/ti-cgt-arm_20.2.7.LTS/lib/</path>
         <kind>archive</kind>
         <file>rtsv7M4_T_le_v4SPD16_eabi.lib</file>
         <name>pre_init.c.obj</name>
      </input_file>
      <input_file id="fl-e9">
         <path>/Applications/ti/ccs1281/ccs/tools/compiler/ti-cgt-arm_20.2.7.LTS/lib/</path>
         <kind>archive</kind>
         <file>rtsv7M4_T_le_v4SPD16_eabi.lib</file>
         <name>cpy_tbl.c.obj</name>
      </input_file>
      <input_file id="fl-ea">
         <path>/Applications/ti/ccs1281/ccs/tools/compiler/ti-cgt-arm_20.2.7.LTS/lib/</path>
         <kind>archive</kind>
         <file>rtsv7M4_T_le_v4SPD16_eabi.lib</file>
         <name>exit.c.obj</name>
      </input_file>
      <input_file id="fl-eb">
         <path>/Applications/ti/ccs1281/ccs/tools/compiler/ti-cgt-arm_20.2.7.LTS/lib/</path>
         <kind>archive</kind>
         <file>rtsv7M4_T_le_v4SPD16_eabi.lib</file>
         <name>_lock.c.obj</name>
      </input_file>
      <input_file id="fl-ec">
         <path>/Applications/ti/ccs1281/ccs/tools/compiler/ti-cgt-arm_20.2.7.LTS/lib/</path>
         <kind>archive</kind>
         <file>rtsv7M4_T_le_v4SPD16_eabi.lib</file>
         <name>_ltoa.c.obj</name>
      </input_file>
      <input_file id="fl-ed">
         <path>/Applications/ti/ccs1281/ccs/tools/compiler/ti-cgt-arm_20.2.7.LTS/lib/</path>
         <kind>archive</kind>
         <file>rtsv7M4_T_le_v4SPD16_eabi.lib</file>
         <name>args_main.c.obj</name>
      </input_file>
      <input_file id="fl-ee">
         <path>/Applications/ti/ccs1281/ccs/tools/compiler/ti-cgt-arm_20.2.7.LTS/lib/</path>
         <kind>archive</kind>
         <file>rtsv7M4_T_le_v4SPD16_eabi.lib</file>
         <name>atoi.c.obj</name>
      </input_file>
      <input_file id="fl-ef">
         <path>/Applications/ti/ccs1281/ccs/tools/compiler/ti-cgt-arm_20.2.7.LTS/lib/</path>
         <kind>archive</kind>
         <file>rtsv7M4_T_le_v4SPD16_eabi.lib</file>
         <name>ctype.c.obj</name>
      </input_file>
      <input_file id="fl-f0">
         <path>/Applications/ti/ccs1281/ccs/tools/compiler/ti-cgt-arm_20.2.7.LTS/lib/</path>
         <kind>archive</kind>
         <file>rtsv7M4_T_le_v4SPD16_eabi.lib</file>
         <name>memccpy.c.obj</name>
      </input_file>
      <input_file id="fl-f1">
         <path>/Applications/ti/ccs1281/ccs/tools/compiler/ti-cgt-arm_20.2.7.LTS/lib/</path>
         <kind>archive</kind>
         <file>rtsv7M4_T_le_v4SPD16_eabi.lib</file>
         <name>strchr.c.obj</name>
      </input_file>
      <input_file id="fl-f2">
         <path>/Applications/ti/ccs1281/ccs/tools/compiler/ti-cgt-arm_20.2.7.LTS/lib/</path>
         <kind>archive</kind>
         <file>rtsv7M4_T_le_v4SPD16_eabi.lib</file>
         <name>strlen.c.obj</name>
      </input_file>
      <input_file id="fl-f3">
         <path>/Applications/ti/ccs1281/ccs/tools/compiler/ti-cgt-arm_20.2.7.LTS/lib/</path>
         <kind>archive</kind>
         <file>rtsv7M4_T_le_v4SPD16_eabi.lib</file>
         <name>wcslen.c.obj</name>
      </input_file>
      <input_file id="fl-f4">
         <path>/Applications/ti/ccs1281/ccs/tools/compiler/ti-cgt-arm_20.2.7.LTS/lib/</path>
         <kind>archive</kind>
         <file>rtsv7M4_T_le_v4SPD16_eabi.lib</file>
         <name>s_frexp.c.obj</name>
      </input_file>
      <input_file id="fl-f5">
         <path>/Applications/ti/ccs1281/ccs/tools/compiler/ti-cgt-arm_20.2.7.LTS/lib/</path>
         <kind>archive</kind>
         <file>rtsv7M4_T_le_v4SPD16_eabi.lib</file>
         <name>s_scalbn.c.obj</name>
      </input_file>
      <input_file id="fl-f6">
         <path>/Applications/ti/ccs1281/ccs/tools/compiler/ti-cgt-arm_20.2.7.LTS/lib/</path>
         <kind>archive</kind>
         <file>rtsv7M4_T_le_v4SPD16_eabi.lib</file>
         <name>s_copysign.c.obj</name>
      </input_file>
      <input_file id="fl-f7">
         <path>/Users/Doanh/ti/TivaWare_C_Series-2.2.0.295/grlib/ccs/Debug/</path>
         <kind>archive</kind>
         <file>grlib.lib</file>
         <name>context.obj</name>
      </input_file>
      <input_file id="fl-f8">
         <path>/Users/Doanh/ti/TivaWare_C_Series-2.2.0.295/grlib/ccs/Debug/</path>
         <kind>archive</kind>
         <file>grlib.lib</file>
         <name>rectangle.obj</name>
      </input_file>
      <input_file id="fl-f9">
         <path>/Users/Doanh/ti/TivaWare_C_Series-2.2.0.295/grlib/ccs/Debug/</path>
         <kind>archive</kind>
         <file>grlib.lib</file>
         <name>string.obj</name>
      </input_file>
      <input_file id="fl-fa">
         <path>/Users/Doanh/ti/TivaWare_C_Series-2.2.0.295/grlib/ccs/Debug/</path>
         <kind>archive</kind>
         <file>grlib.lib</file>
         <name>fontfixed6x8.obj</name>
      </input_file>
      <input_file id="fl-fb">
         <path>/Users/Doanh/ti/TivaWare_C_Series-2.2.0.295/grlib/ccs/Debug/</path>
         <kind>archive</kind>
         <file>grlib.lib</file>
         <name>charmap.obj</name>
      </input_file>
      <input_file id="fl-fc">
         <path>/Users/Doanh/ti/TivaWare_C_Series-2.2.0.295/grlib/ccs/Debug/</path>
         <kind>archive</kind>
         <file>grlib.lib</file>
         <name>line.obj</name>
      </input_file>
      <input_file id="fl-fd">
         <path>/Users/Doanh/ti/TivaWare_C_Series-2.2.0.295/driverlib/ccs/Debug/</path>
         <kind>archive</kind>
         <file>driverlib.lib</file>
         <name>adc.obj</name>
      </input_file>
      <input_file id="fl-fe">
         <path>/Users/Doanh/ti/TivaWare_C_Series-2.2.0.295/driverlib/ccs/Debug/</path>
         <kind>archive</kind>
         <file>driverlib.lib</file>
         <name>fpu.obj</name>
      </input_file>
      <input_file id="fl-ff">
         <path>/Users/Doanh/ti/TivaWare_C_Series-2.2.0.295/driverlib/ccs/Debug/</path>
         <kind>archive</kind>
         <file>driverlib.lib</file>
         <name>gpio.obj</name>
      </input_file>
      <input_file id="fl-100">
         <path>/Users/Doanh/ti/TivaWare_C_Series-2.2.0.295/driverlib/ccs/Debug/</path>
         <kind>archive</kind>
         <file>driverlib.lib</file>
         <name>interrupt.obj</name>
      </input_file>
      <input_file id="fl-101">
         <path>/Users/Doanh/ti/TivaWare_C_Series-2.2.0.295/driverlib/ccs/Debug/</path>
         <kind>archive</kind>
         <file>driverlib.lib</file>
         <name>pwm.obj</name>
      </input_file>
      <input_file id="fl-102">
         <path>/Users/Doanh/ti/TivaWare_C_Series-2.2.0.295/driverlib/ccs/Debug/</path>
         <kind>archive</kind>
         <file>driverlib.lib</file>
         <name>ssi.obj</name>
      </input_file>
      <input_file id="fl-103">
         <path>/Users/Doanh/ti/TivaWare_C_Series-2.2.0.295/driverlib/ccs/Debug/</path>
         <kind>archive</kind>
         <file>driverlib.lib</file>
         <name>sysctl.obj</name>
      </input_file>
      <input_file id="fl-104">
         <path>/Users/Doanh/ti/TivaWare_C_Series-2.2.0.295/driverlib/ccs/Debug/</path>
         <kind>archive</kind>
         <file>driverlib.lib</file>
         <name>timer.obj</name>
      </input_file>
      <input_file id="fl-105">
         <path>/Users/Doanh/ti/TivaWare_C_Series-2.2.0.295/driverlib/ccs/Debug/</path>
         <kind>archive</kind>
         <file>driverlib.lib</file>
         <name>cpu.obj</name>
      </input_file>
   </input_file_list>
   <object_component_list>
      <object_component id="oc-12">
         <name>.intvecs</name>
         <load_address>0x0</load_address>
         <run_address>0x0</run_address>
         <size>0x200</size>
         <input_file_ref idref="fl-a"/>
      </object_component>
      <object_component id="oc-86">
         <name>.text</name>
         <load_address>0x200</load_address>
         <run_address>0x200</run_address>
         <size>0x2510</size>
         <input_file_ref idref="fl-11"/>
      </object_component>
      <object_component id="oc-107">
         <name>.text</name>
         <load_address>0x2710</load_address>
         <run_address>0x2710</run_address>
         <size>0xdd0</size>
         <input_file_ref idref="fl-f"/>
      </object_component>
      <object_component id="oc-ed">
         <name>.text</name>
         <load_address>0x34e0</load_address>
         <run_address>0x34e0</run_address>
         <size>0xbf4</size>
         <input_file_ref idref="fl-8"/>
      </object_component>
      <object_component id="oc-e7">
         <name>.text</name>
         <load_address>0x40d4</load_address>
         <run_address>0x40d4</run_address>
         <size>0xa5e</size>
         <input_file_ref idref="fl-4"/>
      </object_component>
      <object_component id="oc-520">
         <name>.text:_nop</name>
         <load_address>0x4b32</load_address>
         <run_address>0x4b32</run_address>
         <size>0x2</size>
         <input_file_ref idref="fl-eb"/>
      </object_component>
      <object_component id="oc-55f">
         <name>.text:__TI_printfi</name>
         <load_address>0x4b34</load_address>
         <run_address>0x4b34</run_address>
         <size>0xa4e</size>
         <input_file_ref idref="fl-df"/>
      </object_component>
      <object_component id="oc-3c3">
         <name>.text</name>
         <load_address>0x5582</load_address>
         <run_address>0x5582</run_address>
         <size>0x2</size>
         <input_file_ref idref="fl-e0"/>
      </object_component>
      <object_component id="oc-18f">
         <name>.text</name>
         <load_address>0x5584</load_address>
         <run_address>0x5584</run_address>
         <size>0x684</size>
         <input_file_ref idref="fl-12"/>
      </object_component>
      <object_component id="oc-3d1">
         <name>.text</name>
         <load_address>0x5c08</load_address>
         <run_address>0x5c08</run_address>
         <size>0x5e4</size>
         <input_file_ref idref="fl-2"/>
      </object_component>
      <object_component id="oc-77">
         <name>.text</name>
         <load_address>0x61ec</load_address>
         <run_address>0x61ec</run_address>
         <size>0x4c4</size>
         <input_file_ref idref="fl-9"/>
      </object_component>
      <object_component id="oc-174">
         <name>.text</name>
         <load_address>0x66b0</load_address>
         <run_address>0x66b0</run_address>
         <size>0x420</size>
         <input_file_ref idref="fl-15"/>
      </object_component>
      <object_component id="oc-10d">
         <name>.text</name>
         <load_address>0x6ad0</load_address>
         <run_address>0x6ad0</run_address>
         <size>0x3c8</size>
         <input_file_ref idref="fl-d"/>
      </object_component>
      <object_component id="oc-149">
         <name>.text</name>
         <load_address>0x6e98</load_address>
         <run_address>0x6e98</run_address>
         <size>0x368</size>
         <input_file_ref idref="fl-6"/>
      </object_component>
      <object_component id="oc-139">
         <name>.text</name>
         <load_address>0x7200</load_address>
         <run_address>0x7200</run_address>
         <size>0x2a0</size>
         <input_file_ref idref="fl-7"/>
      </object_component>
      <object_component id="oc-68b">
         <name>.text:_pconv_a</name>
         <load_address>0x74a0</load_address>
         <run_address>0x74a0</run_address>
         <size>0x270</size>
         <input_file_ref idref="fl-df"/>
      </object_component>
      <object_component id="oc-646">
         <name>.text:GrFontGlyphRender</name>
         <load_address>0x7710</load_address>
         <run_address>0x7710</run_address>
         <size>0x252</size>
         <input_file_ref idref="fl-f9"/>
      </object_component>
      <object_component id="oc-119">
         <name>.text:SysCtlClockFreqSet</name>
         <load_address>0x7964</load_address>
         <run_address>0x7964</run_address>
         <size>0x200</size>
         <input_file_ref idref="fl-103"/>
      </object_component>
      <object_component id="oc-679">
         <name>.text:_pconv_g</name>
         <load_address>0x7b64</load_address>
         <run_address>0x7b64</run_address>
         <size>0x1d0</size>
         <input_file_ref idref="fl-df"/>
      </object_component>
      <object_component id="oc-70d">
         <name>.text</name>
         <load_address>0x7d34</load_address>
         <run_address>0x7d34</run_address>
         <size>0x1b6</size>
         <input_file_ref idref="fl-e1"/>
      </object_component>
      <object_component id="oc-242">
         <name>.text:GPIOPadConfigSet</name>
         <load_address>0x7eec</load_address>
         <run_address>0x7eec</run_address>
         <size>0x16c</size>
         <input_file_ref idref="fl-ff"/>
      </object_component>
      <object_component id="oc-29f">
         <name>.text:atan2f</name>
         <load_address>0x8058</load_address>
         <run_address>0x8058</run_address>
         <size>0x158</size>
         <input_file_ref idref="fl-d1"/>
      </object_component>
      <object_component id="oc-4c5">
         <name>.text:atanf</name>
         <load_address>0x81b0</load_address>
         <run_address>0x81b0</run_address>
         <size>0x150</size>
         <input_file_ref idref="fl-d3"/>
      </object_component>
      <object_component id="oc-537">
         <name>.text</name>
         <load_address>0x8300</load_address>
         <run_address>0x8300</run_address>
         <size>0x144</size>
         <input_file_ref idref="fl-3"/>
      </object_component>
      <object_component id="oc-685">
         <name>.text:_pconv_e</name>
         <load_address>0x8444</load_address>
         <run_address>0x8444</run_address>
         <size>0x13c</size>
         <input_file_ref idref="fl-df"/>
      </object_component>
      <object_component id="oc-33">
         <name>.text</name>
         <load_address>0x8580</load_address>
         <run_address>0x8580</run_address>
         <size>0x13c</size>
         <input_file_ref idref="fl-13"/>
      </object_component>
      <object_component id="oc-6f3">
         <name>.text</name>
         <load_address>0x86bc</load_address>
         <run_address>0x86bc</run_address>
         <size>0x136</size>
         <input_file_ref idref="fl-e3"/>
      </object_component>
      <object_component id="oc-17a">
         <name>.text</name>
         <load_address>0x87f2</load_address>
         <run_address>0x87f2</run_address>
         <size>0x130</size>
         <input_file_ref idref="fl-e"/>
      </object_component>
      <object_component id="oc-71f">
         <name>.text:fcvt</name>
         <load_address>0x8924</load_address>
         <run_address>0x8924</run_address>
         <size>0x124</size>
         <input_file_ref idref="fl-df"/>
      </object_component>
      <object_component id="oc-733">
         <name>.text:scalbn</name>
         <load_address>0x8a48</load_address>
         <run_address>0x8a48</run_address>
         <size>0x110</size>
         <input_file_ref idref="fl-f5"/>
      </object_component>
      <object_component id="oc-f3">
         <name>.text</name>
         <load_address>0x8b58</load_address>
         <run_address>0x8b58</run_address>
         <size>0x104</size>
         <input_file_ref idref="fl-5"/>
      </object_component>
      <object_component id="oc-6ee">
         <name>.text</name>
         <load_address>0x8c5c</load_address>
         <run_address>0x8c5c</run_address>
         <size>0xfc</size>
         <input_file_ref idref="fl-e4"/>
      </object_component>
      <object_component id="oc-2e">
         <name>.text</name>
         <load_address>0x8d58</load_address>
         <run_address>0x8d58</run_address>
         <size>0xda</size>
         <input_file_ref idref="fl-14"/>
      </object_component>
      <object_component id="oc-549">
         <name>.text:GrDefaultStringRenderer</name>
         <load_address>0x8e32</load_address>
         <run_address>0x8e32</run_address>
         <size>0xc0</size>
         <input_file_ref idref="fl-f9"/>
      </object_component>
      <object_component id="oc-66e">
         <name>.text:_ltostr</name>
         <load_address>0x8ef4</load_address>
         <run_address>0x8ef4</run_address>
         <size>0xb1</size>
         <input_file_ref idref="fl-df"/>
      </object_component>
      <object_component id="oc-47">
         <name>.text</name>
         <load_address>0x8fa6</load_address>
         <run_address>0x8fa6</run_address>
         <size>0x9c</size>
         <input_file_ref idref="fl-d6"/>
      </object_component>
      <object_component id="oc-13f">
         <name>.text</name>
         <load_address>0x9042</load_address>
         <run_address>0x9042</run_address>
         <size>0x96</size>
         <input_file_ref idref="fl-d8"/>
      </object_component>
      <object_component id="oc-3cb">
         <name>.text:GrRectFill</name>
         <load_address>0x90d8</load_address>
         <run_address>0x90d8</run_address>
         <size>0x86</size>
         <input_file_ref idref="fl-f8"/>
      </object_component>
      <object_component id="oc-674">
         <name>.text:__aeabi_cdcmple</name>
         <load_address>0x915e</load_address>
         <run_address>0x915e</run_address>
         <size>0x86</size>
         <input_file_ref idref="fl-e2"/>
      </object_component>
      <object_component id="oc-6f8">
         <name>.text:__aeabi_cdrcmple</name>
         <load_address>0x91e4</load_address>
         <run_address>0x91e4</run_address>
         <size>0x86</size>
         <input_file_ref idref="fl-e2"/>
      </object_component>
      <object_component id="oc-2d6">
         <name>.text:floorf</name>
         <load_address>0x926c</load_address>
         <run_address>0x926c</run_address>
         <size>0x80</size>
         <input_file_ref idref="fl-d4"/>
      </object_component>
      <object_component id="oc-269">
         <name>.text:ADCSequenceStepConfigure</name>
         <load_address>0x92ec</load_address>
         <run_address>0x92ec</run_address>
         <size>0x7a</size>
         <input_file_ref idref="fl-fd"/>
      </object_component>
      <object_component id="oc-bd">
         <name>.text</name>
         <load_address>0x9366</load_address>
         <run_address>0x9366</run_address>
         <size>0x7a</size>
         <input_file_ref idref="fl-d7"/>
      </object_component>
      <object_component id="oc-718">
         <name>.text:_mcpy</name>
         <load_address>0x93e0</load_address>
         <run_address>0x93e0</run_address>
         <size>0x6e</size>
         <input_file_ref idref="fl-df"/>
      </object_component>
      <object_component id="oc-3d7">
         <name>.text:GrContextInit</name>
         <load_address>0x9450</load_address>
         <run_address>0x9450</run_address>
         <size>0x68</size>
         <input_file_ref idref="fl-f7"/>
      </object_component>
      <object_component id="oc-15">
         <name>.text:decompress:lzss:__TI_decompress_lzss</name>
         <load_address>0x94b8</load_address>
         <run_address>0x94b8</run_address>
         <size>0x68</size>
         <input_file_ref idref="fl-db"/>
      </object_component>
      <object_component id="oc-72d">
         <name>.text:frexp</name>
         <load_address>0x9520</load_address>
         <run_address>0x9520</run_address>
         <size>0x64</size>
         <input_file_ref idref="fl-f4"/>
      </object_component>
      <object_component id="oc-1ec">
         <name>.text:__TI_auto_init_nobinit:__TI_auto_init_nobinit</name>
         <load_address>0x9584</load_address>
         <run_address>0x9584</run_address>
         <size>0x60</size>
         <input_file_ref idref="fl-e7"/>
      </object_component>
      <object_component id="oc-6d4">
         <name>.text:FontWideGlyphDataGet</name>
         <load_address>0x95e4</load_address>
         <run_address>0x95e4</run_address>
         <size>0x5a</size>
         <input_file_ref idref="fl-f9"/>
      </object_component>
      <object_component id="oc-67f">
         <name>.text:_pconv_f</name>
         <load_address>0x963e</load_address>
         <run_address>0x963e</run_address>
         <size>0x56</size>
         <input_file_ref idref="fl-df"/>
      </object_component>
      <object_component id="oc-702">
         <name>.text:__TI_ltoa</name>
         <load_address>0x9694</load_address>
         <run_address>0x9694</run_address>
         <size>0x54</size>
         <input_file_ref idref="fl-ec"/>
      </object_component>
      <object_component id="oc-712">
         <name>.text:_ecpy</name>
         <load_address>0x96e8</load_address>
         <run_address>0x96e8</run_address>
         <size>0x52</size>
         <input_file_ref idref="fl-df"/>
      </object_component>
      <object_component id="oc-263">
         <name>.text:ADCSequenceConfigure</name>
         <load_address>0x973a</load_address>
         <run_address>0x973a</run_address>
         <size>0x4e</size>
         <input_file_ref idref="fl-fd"/>
      </object_component>
      <object_component id="oc-2e8">
         <name>.text:GPIOPinConfigure</name>
         <load_address>0x9788</load_address>
         <run_address>0x9788</run_address>
         <size>0x4c</size>
         <input_file_ref idref="fl-ff"/>
      </object_component>
      <object_component id="oc-668">
         <name>.text:atoi</name>
         <load_address>0x97d4</load_address>
         <run_address>0x97d4</run_address>
         <size>0x4c</size>
         <input_file_ref idref="fl-ee"/>
      </object_component>
      <object_component id="oc-3e3">
         <name>.text:snprintf</name>
         <load_address>0x9820</load_address>
         <run_address>0x9820</run_address>
         <size>0x4c</size>
         <input_file_ref idref="fl-d5"/>
      </object_component>
      <object_component id="oc-557">
         <name>.text:UpdateContextCharMapping</name>
         <load_address>0x986c</load_address>
         <run_address>0x986c</run_address>
         <size>0x4a</size>
         <input_file_ref idref="fl-f9"/>
      </object_component>
      <object_component id="oc-34b">
         <name>.text:_SysCtlFrequencyGet</name>
         <load_address>0x98b8</load_address>
         <run_address>0x98b8</run_address>
         <size>0x48</size>
         <input_file_ref idref="fl-103"/>
      </object_component>
      <object_component id="oc-6fd">
         <name>.text</name>
         <load_address>0x9900</load_address>
         <run_address>0x9900</run_address>
         <size>0x48</size>
         <input_file_ref idref="fl-e5"/>
      </object_component>
      <object_component id="oc-322">
         <name>.text:_ZN8Joystick7clamp01Ef</name>
         <load_address>0x9948</load_address>
         <run_address>0x9948</run_address>
         <size>0x44</size>
         <input_file_ref idref="fl-9"/>
      </object_component>
      <object_component id="oc-2b3">
         <name>.text:_ZN8Joystick10emitCenterEv</name>
         <load_address>0x998c</load_address>
         <run_address>0x998c</run_address>
         <size>0x40</size>
         <input_file_ref idref="fl-8"/>
      </object_component>
      <object_component id="oc-2cf">
         <name>.text:_ZN8Joystick10emitRepeatEv</name>
         <load_address>0x99cc</load_address>
         <run_address>0x99cc</run_address>
         <size>0x40</size>
         <input_file_ref idref="fl-8"/>
      </object_component>
      <object_component id="oc-2ac">
         <name>.text:_ZN8Joystick12emitTiltStopEv</name>
         <load_address>0x9a0c</load_address>
         <run_address>0x9a0c</run_address>
         <size>0x40</size>
         <input_file_ref idref="fl-8"/>
      </object_component>
      <object_component id="oc-2a5">
         <name>.text:_ZN8Joystick13emitTiltStartEv</name>
         <load_address>0x9a4c</load_address>
         <run_address>0x9a4c</run_address>
         <size>0x40</size>
         <input_file_ref idref="fl-8"/>
      </object_component>
      <object_component id="oc-2ba">
         <name>.text:_ZN8Joystick14emitDirChangedEv</name>
         <load_address>0x9a8c</load_address>
         <run_address>0x9a8c</run_address>
         <size>0x40</size>
         <input_file_ref idref="fl-8"/>
      </object_component>
      <object_component id="oc-2c8">
         <name>.text:_ZN8Joystick8emitMoveEv</name>
         <load_address>0x9acc</load_address>
         <run_address>0x9acc</run_address>
         <size>0x40</size>
         <input_file_ref idref="fl-8"/>
      </object_component>
      <object_component id="oc-725">
         <name>.text:_fcpy</name>
         <load_address>0x9b0c</load_address>
         <run_address>0x9b0c</run_address>
         <size>0x3e</size>
         <input_file_ref idref="fl-df"/>
      </object_component>
      <object_component id="oc-6da">
         <name>.text:FontGlyphDataGet</name>
         <load_address>0x9b4a</load_address>
         <run_address>0x9b4a</run_address>
         <size>0x3c</size>
         <input_file_ref idref="fl-f9"/>
      </object_component>
      <object_component id="oc-613">
         <name>.text:SSIConfigSetExpClk</name>
         <load_address>0x9b86</load_address>
         <run_address>0x9b86</run_address>
         <size>0x3c</size>
         <input_file_ref idref="fl-102"/>
      </object_component>
      <object_component id="oc-227">
         <name>.text:SysCtlPeripheralReady</name>
         <load_address>0x9bc4</load_address>
         <run_address>0x9bc4</run_address>
         <size>0x38</size>
         <input_file_ref idref="fl-103"/>
      </object_component>
      <object_component id="oc-221">
         <name>.text:SysCtlPeripheralEnable</name>
         <load_address>0x9bfc</load_address>
         <run_address>0x9bfc</run_address>
         <size>0x34</size>
         <input_file_ref idref="fl-103"/>
      </object_component>
      <object_component id="oc-65">
         <name>.text:_c_int00_noargs:_c_int00_noargs</name>
         <load_address>0x9c30</load_address>
         <run_address>0x9c30</run_address>
         <size>0x34</size>
         <input_file_ref idref="fl-dd"/>
      </object_component>
      <object_component id="oc-3bc">
         <name>.text:rand</name>
         <load_address>0x9c64</load_address>
         <run_address>0x9c64</run_address>
         <size>0x34</size>
         <input_file_ref idref="fl-dc"/>
      </object_component>
      <object_component id="oc-250">
         <name>.text:_ZN8Joystick6EventsC1Ev</name>
         <load_address>0x9c98</load_address>
         <run_address>0x9c98</run_address>
         <size>0x30</size>
         <input_file_ref idref="fl-8"/>
      </object_component>
      <object_component id="oc-565">
         <name>.text:_outs</name>
         <load_address>0x9cc8</load_address>
         <run_address>0x9cc8</run_address>
         <size>0x30</size>
         <input_file_ref idref="fl-d5"/>
      </object_component>
      <object_component id="oc-27e">
         <name>.text:ADCIntStatus</name>
         <load_address>0x9cf8</load_address>
         <run_address>0x9cf8</run_address>
         <size>0x2e</size>
         <input_file_ref idref="fl-fd"/>
      </object_component>
      <object_component id="oc-63a">
         <name>.text:GrStringNextCharGet</name>
         <load_address>0x9d26</load_address>
         <run_address>0x9d26</run_address>
         <size>0x2e</size>
         <input_file_ref idref="fl-f9"/>
      </object_component>
      <object_component id="oc-708">
         <name>.text</name>
         <load_address>0x9d54</load_address>
         <run_address>0x9d54</run_address>
         <size>0x2e</size>
         <input_file_ref idref="fl-e6"/>
      </object_component>
      <object_component id="oc-499">
         <name>.text:GPIODirModeSet</name>
         <load_address>0x9d82</load_address>
         <run_address>0x9d82</run_address>
         <size>0x2c</size>
         <input_file_ref idref="fl-ff"/>
      </object_component>
      <object_component id="oc-2c1">
         <name>.text:_ZN8Joystick10fabsf_fastEf</name>
         <load_address>0x9dae</load_address>
         <run_address>0x9dae</run_address>
         <size>0x28</size>
         <input_file_ref idref="fl-8"/>
      </object_component>
      <object_component id="oc-299">
         <name>.text:sqrtf</name>
         <load_address>0x9dd8</load_address>
         <run_address>0x9dd8</run_address>
         <size>0x28</size>
         <input_file_ref idref="fl-d2"/>
      </object_component>
      <object_component id="oc-634">
         <name>.text:GrFontInfoGet</name>
         <load_address>0x9e00</load_address>
         <run_address>0x9e00</run_address>
         <size>0x26</size>
         <input_file_ref idref="fl-f9"/>
      </object_component>
      <object_component id="oc-f9">
         <name>.text:_ZN8Joystick17setTickIntervalMsEj</name>
         <load_address>0x9e26</load_address>
         <run_address>0x9e26</run_address>
         <size>0x24</size>
         <input_file_ref idref="fl-9"/>
      </object_component>
      <object_component id="oc-133">
         <name>.text:srand</name>
         <load_address>0x9e4c</load_address>
         <run_address>0x9e4c</run_address>
         <size>0x24</size>
         <input_file_ref idref="fl-dc"/>
      </object_component>
      <object_component id="oc-640">
         <name>.text:GrFontGlyphDataGet</name>
         <load_address>0x9e70</load_address>
         <run_address>0x9e70</run_address>
         <size>0x22</size>
         <input_file_ref idref="fl-f9"/>
      </object_component>
      <object_component id="oc-2fa">
         <name>.text:PWMGenConfigure</name>
         <load_address>0x9e92</load_address>
         <run_address>0x9e92</run_address>
         <size>0x22</size>
         <input_file_ref idref="fl-101"/>
      </object_component>
      <object_component id="oc-345">
         <name>.text:_SysCtlMemTimingGet</name>
         <load_address>0x9eb4</load_address>
         <run_address>0x9eb4</run_address>
         <size>0x20</size>
         <input_file_ref idref="fl-103"/>
      </object_component>
      <object_component id="oc-284">
         <name>.text:ADCSequenceDataGet</name>
         <load_address>0x9ed4</load_address>
         <run_address>0x9ed4</run_address>
         <size>0x1e</size>
         <input_file_ref idref="fl-fd"/>
      </object_component>
      <object_component id="oc-659">
         <name>.text:GrFontCodepageGet</name>
         <load_address>0x9ef2</load_address>
         <run_address>0x9ef2</run_address>
         <size>0x1e</size>
         <input_file_ref idref="fl-f9"/>
      </object_component>
      <object_component id="oc-312">
         <name>.text:PWMPulseWidthSet</name>
         <load_address>0x9f10</load_address>
         <run_address>0x9f10</run_address>
         <size>0x1e</size>
         <input_file_ref idref="fl-101"/>
      </object_component>
      <object_component id="oc-691">
         <name>.text:memccpy</name>
         <load_address>0x9f2e</load_address>
         <run_address>0x9f2e</run_address>
         <size>0x1c</size>
         <input_file_ref idref="fl-f0"/>
      </object_component>
      <object_component id="oc-60d">
         <name>.text:GPIOPinTypeGPIOOutput</name>
         <load_address>0x9f4a</load_address>
         <run_address>0x9f4a</run_address>
         <size>0x1a</size>
         <input_file_ref idref="fl-ff"/>
      </object_component>
      <object_component id="oc-772">
         <name>.text:copysign</name>
         <load_address>0x9f64</load_address>
         <run_address>0x9f64</run_address>
         <size>0x1a</size>
         <input_file_ref idref="fl-f6"/>
      </object_component>
      <object_component id="oc-278">
         <name>.text:ADCProcessorTrigger</name>
         <load_address>0x9f7e</load_address>
         <run_address>0x9f7e</run_address>
         <size>0x18</size>
         <input_file_ref idref="fl-fd"/>
      </object_component>
      <object_component id="oc-100">
         <name>.text:_ZN8Joystick11setDeadzoneEf</name>
         <load_address>0x9f96</load_address>
         <run_address>0x9f96</run_address>
         <size>0x18</size>
         <input_file_ref idref="fl-9"/>
      </object_component>
      <object_component id="oc-56b">
         <name>.text:_outc</name>
         <load_address>0x9fae</load_address>
         <run_address>0x9fae</run_address>
         <size>0x18</size>
         <input_file_ref idref="fl-d5"/>
      </object_component>
      <object_component id="oc-257">
         <name>.text:GPIOPinTypeADC</name>
         <load_address>0x9fc6</load_address>
         <run_address>0x9fc6</run_address>
         <size>0x16</size>
         <input_file_ref idref="fl-ff"/>
      </object_component>
      <object_component id="oc-22d">
         <name>.text:GPIOPinTypeGPIOInput</name>
         <load_address>0x9fdc</load_address>
         <run_address>0x9fdc</run_address>
         <size>0x16</size>
         <input_file_ref idref="fl-ff"/>
      </object_component>
      <object_component id="oc-2ee">
         <name>.text:GPIOPinTypePWM</name>
         <load_address>0x9ff2</load_address>
         <run_address>0x9ff2</run_address>
         <size>0x16</size>
         <input_file_ref idref="fl-ff"/>
      </object_component>
      <object_component id="oc-607">
         <name>.text:GPIOPinTypeSSI</name>
         <load_address>0xa008</load_address>
         <run_address>0xa008</run_address>
         <size>0x16</size>
         <input_file_ref idref="fl-ff"/>
      </object_component>
      <object_component id="oc-3e9">
         <name>.text:GrStringDraw</name>
         <load_address>0xa01e</load_address>
         <run_address>0xa01e</run_address>
         <size>0x16</size>
         <input_file_ref idref="fl-f9"/>
      </object_component>
      <object_component id="oc-739">
         <name>.text:strchr</name>
         <load_address>0xa034</load_address>
         <run_address>0xa034</run_address>
         <size>0x16</size>
         <input_file_ref idref="fl-f1"/>
      </object_component>
      <object_component id="oc-2f4">
         <name>.text:PWMClockSet</name>
         <load_address>0xa04c</load_address>
         <run_address>0xa04c</run_address>
         <size>0x14</size>
         <input_file_ref idref="fl-101"/>
      </object_component>
      <object_component id="oc-662">
         <name>.text:strlen</name>
         <load_address>0xa060</load_address>
         <run_address>0xa060</run_address>
         <size>0x14</size>
         <input_file_ref idref="fl-f2"/>
      </object_component>
      <object_component id="oc-306">
         <name>.text:PWMOutputState</name>
         <load_address>0xa074</load_address>
         <run_address>0xa074</run_address>
         <size>0x12</size>
         <input_file_ref idref="fl-101"/>
      </object_component>
      <object_component id="oc-697">
         <name>.text:wcslen</name>
         <load_address>0xa086</load_address>
         <run_address>0xa086</run_address>
         <size>0x12</size>
         <input_file_ref idref="fl-f3"/>
      </object_component>
      <object_component id="oc-db">
         <name>.text:FPUEnable</name>
         <load_address>0xa098</load_address>
         <run_address>0xa098</run_address>
         <size>0x10</size>
         <input_file_ref idref="fl-fe"/>
      </object_component>
      <object_component id="oc-e1">
         <name>.text:FPULazyStackingEnable</name>
         <load_address>0xa0a8</load_address>
         <run_address>0xa0a8</run_address>
         <size>0x10</size>
         <input_file_ref idref="fl-fe"/>
      </object_component>
      <object_component id="oc-d5">
         <name>.text:IntMasterDisable</name>
         <load_address>0xa0b8</load_address>
         <run_address>0xa0b8</run_address>
         <size>0x10</size>
         <input_file_ref idref="fl-100"/>
      </object_component>
      <object_component id="oc-113">
         <name>.text:IntMasterEnable</name>
         <load_address>0xa0c8</load_address>
         <run_address>0xa0c8</run_address>
         <size>0x10</size>
         <input_file_ref idref="fl-100"/>
      </object_component>
      <object_component id="oc-30c">
         <name>.text:PWMGenPeriodSet</name>
         <load_address>0xa0d8</load_address>
         <run_address>0xa0d8</run_address>
         <size>0x10</size>
         <input_file_ref idref="fl-101"/>
      </object_component>
      <object_component id="oc-11f">
         <name>.text:_ZNK8Joystick10direction8Ev</name>
         <load_address>0xa0e8</load_address>
         <run_address>0xa0e8</run_address>
         <size>0x10</size>
         <input_file_ref idref="fl-9"/>
      </object_component>
      <object_component id="oc-25d">
         <name>.text:ADCSequenceDisable</name>
         <load_address>0xa0f8</load_address>
         <run_address>0xa0f8</run_address>
         <size>0xe</size>
         <input_file_ref idref="fl-fd"/>
      </object_component>
      <object_component id="oc-26f">
         <name>.text:ADCSequenceEnable</name>
         <load_address>0xa106</load_address>
         <run_address>0xa106</run_address>
         <size>0xe</size>
         <input_file_ref idref="fl-fd"/>
      </object_component>
      <object_component id="oc-1b">
         <name>.text:decompress:none:__TI_decompress_none</name>
         <load_address>0xa114</load_address>
         <run_address>0xa114</run_address>
         <size>0xe</size>
         <input_file_ref idref="fl-da"/>
      </object_component>
      <object_component id="oc-218">
         <name>.text:CPUcpsid</name>
         <load_address>0xa122</load_address>
         <run_address>0xa122</run_address>
         <size>0xc</size>
         <input_file_ref idref="fl-105"/>
      </object_component>
      <object_component id="oc-33e">
         <name>.text:CPUcpsie</name>
         <load_address>0xa12e</load_address>
         <run_address>0xa12e</run_address>
         <size>0xc</size>
         <input_file_ref idref="fl-105"/>
      </object_component>
      <object_component id="oc-300">
         <name>.text:PWMGenDisable</name>
         <load_address>0xa13a</load_address>
         <run_address>0xa13a</run_address>
         <size>0xc</size>
         <input_file_ref idref="fl-101"/>
      </object_component>
      <object_component id="oc-318">
         <name>.text:PWMGenEnable</name>
         <load_address>0xa146</load_address>
         <run_address>0xa146</run_address>
         <size>0xc</size>
         <input_file_ref idref="fl-101"/>
      </object_component>
      <object_component id="oc-59">
         <name>.text:decompress:ZI:__TI_zero_init</name>
         <load_address>0xa152</load_address>
         <run_address>0xa152</run_address>
         <size>0xc</size>
         <input_file_ref idref="fl-d9"/>
      </object_component>
      <object_component id="oc-28">
         <name>.text</name>
         <load_address>0xa15e</load_address>
         <run_address>0xa15e</run_address>
         <size>0xc</size>
         <input_file_ref idref="fl-a"/>
      </object_component>
      <object_component id="oc-28a">
         <name>.text:ADCIntClear</name>
         <load_address>0xa16a</load_address>
         <run_address>0xa16a</run_address>
         <size>0xa</size>
         <input_file_ref idref="fl-fd"/>
      </object_component>
      <object_component id="oc-62b">
         <name>.text:SSIDataPut</name>
         <load_address>0xa174</load_address>
         <run_address>0xa174</run_address>
         <size>0xa</size>
         <input_file_ref idref="fl-102"/>
      </object_component>
      <object_component id="oc-619">
         <name>.text:SSIEnable</name>
         <load_address>0xa17e</load_address>
         <run_address>0xa17e</run_address>
         <size>0xa</size>
         <input_file_ref idref="fl-102"/>
      </object_component>
      <object_component id="oc-64d">
         <name>.text:GrMapISO8859_1_Unicode</name>
         <load_address>0xa188</load_address>
         <run_address>0xa188</run_address>
         <size>0x8</size>
         <input_file_ref idref="fl-fb"/>
      </object_component>
      <object_component id="oc-625">
         <name>.text:SSIBusy</name>
         <load_address>0xa190</load_address>
         <run_address>0xa190</run_address>
         <size>0x8</size>
         <input_file_ref idref="fl-102"/>
      </object_component>
      <object_component id="oc-4bd">
         <name>.text:__aeabi_errno_addr</name>
         <load_address>0xa198</load_address>
         <run_address>0xa198</run_address>
         <size>0x8</size>
         <input_file_ref idref="fl-de"/>
      </object_component>
      <object_component id="oc-23c">
         <name>.text:GPIOPinRead</name>
         <load_address>0xa1a0</load_address>
         <run_address>0xa1a0</run_address>
         <size>0x6</size>
         <input_file_ref idref="fl-ff"/>
      </object_component>
      <object_component id="oc-61f">
         <name>.text:GPIOPinWrite</name>
         <load_address>0xa1a6</load_address>
         <run_address>0xa1a6</run_address>
         <size>0x6</size>
         <input_file_ref idref="fl-ff"/>
      </object_component>
      <object_component id="oc-3dd">
         <name>.text:GrContextFontSet</name>
         <load_address>0xa1ac</load_address>
         <run_address>0xa1ac</run_address>
         <size>0x6</size>
         <input_file_ref idref="fl-f9"/>
      </object_component>
      <object_component id="oc-53d">
         <name>.text:SysCtlDelay</name>
         <load_address>0xa1b2</load_address>
         <run_address>0xa1b2</run_address>
         <size>0x6</size>
         <input_file_ref idref="fl-103"/>
      </object_component>
      <object_component id="oc-c3">
         <name>.text:_system_pre_init</name>
         <load_address>0xa1b8</load_address>
         <run_address>0xa1b8</run_address>
         <size>0x4</size>
         <input_file_ref idref="fl-e8"/>
      </object_component>
      <object_component id="oc-1da">
         <name>.text:abort:abort</name>
         <load_address>0xa1bc</load_address>
         <run_address>0xa1bc</run_address>
         <size>0x4</size>
         <input_file_ref idref="fl-ea"/>
      </object_component>
      <object_component id="oc-585">
         <name>.const:.string:g_pui8FontFixed6x8Data</name>
         <load_address>0xa1c0</load_address>
         <run_address>0xa1c0</run_address>
         <size>0x2f8</size>
         <input_file_ref idref="fl-fa"/>
      </object_component>
      <object_component id="oc-354">
         <name>.const:g_pppui32XTALtoVCO</name>
         <load_address>0xa4b8</load_address>
         <run_address>0xa4b8</run_address>
         <size>0x1b0</size>
         <input_file_ref idref="fl-103"/>
      </object_component>
      <object_component id="oc-275">
         <name>.const:digital_pin_to_analog_in</name>
         <load_address>0xa668</load_address>
         <run_address>0xa668</run_address>
         <size>0x180</size>
         <input_file_ref idref="fl-8"/>
      </object_component>
      <object_component id="oc-6e7">
         <name>.const:.string:_ctypes_</name>
         <load_address>0xa7e8</load_address>
         <run_address>0xa7e8</run_address>
         <size>0x101</size>
         <input_file_ref idref="fl-ef"/>
      </object_component>
      <object_component id="oc-3f3">
         <name>.const:g_sFontFixed6x8</name>
         <load_address>0xa8ec</load_address>
         <run_address>0xa8ec</run_address>
         <size>0xc8</size>
         <input_file_ref idref="fl-fa"/>
      </object_component>
      <object_component id="oc-4e0">
         <name>.const:g_pui32GPIOBaseAddrs</name>
         <load_address>0xa9b4</load_address>
         <run_address>0xa9b4</run_address>
         <size>0x90</size>
         <input_file_ref idref="fl-ff"/>
      </object_component>
      <object_component id="oc-351">
         <name>.const:g_pui32Xtals</name>
         <load_address>0xaa44</load_address>
         <run_address>0xaa44</run_address>
         <size>0x6c</size>
         <input_file_ref idref="fl-103"/>
      </object_component>
      <object_component id="oc-239">
         <name>.const:.string:digital_pin_to_bit_mask</name>
         <load_address>0xaab0</load_address>
         <run_address>0xaab0</run_address>
         <size>0x60</size>
         <input_file_ref idref="fl-4"/>
      </object_component>
      <object_component id="oc-296">
         <name>.const:.string:digital_pin_to_bit_mask</name>
         <load_address>0xab10</load_address>
         <run_address>0xab10</run_address>
         <size>0x60</size>
         <input_file_ref idref="fl-8"/>
      </object_component>
      <object_component id="oc-233">
         <name>.const:.string:digital_pin_to_port</name>
         <load_address>0xab70</load_address>
         <run_address>0xab70</run_address>
         <size>0x60</size>
         <input_file_ref idref="fl-4"/>
      </object_component>
      <object_component id="oc-290">
         <name>.const:.string:digital_pin_to_port</name>
         <load_address>0xabd0</load_address>
         <run_address>0xabd0</run_address>
         <size>0x60</size>
         <input_file_ref idref="fl-8"/>
      </object_component>
      <object_component id="oc-236">
         <name>.const:port_to_base</name>
         <load_address>0xac30</load_address>
         <run_address>0xac30</run_address>
         <size>0x40</size>
         <input_file_ref idref="fl-4"/>
      </object_component>
      <object_component id="oc-293">
         <name>.const:port_to_base</name>
         <load_address>0xac70</load_address>
         <run_address>0xac70</run_address>
         <size>0x40</size>
         <input_file_ref idref="fl-8"/>
      </object_component>
      <object_component id="oc-5e8">
         <name>.const:$O1$$</name>
         <load_address>0xacb0</load_address>
         <run_address>0xacb0</run_address>
         <size>0x34</size>
         <input_file_ref idref="fl-d3"/>
      </object_component>
      <object_component id="oc-4fe">
         <name>.const:g_sXTALtoMEMTIM</name>
         <load_address>0xace4</load_address>
         <run_address>0xace4</run_address>
         <size>0x30</size>
         <input_file_ref idref="fl-103"/>
      </object_component>
      <object_component id="oc-3f0">
         <name>.const:g_sCrystalfontz128x128</name>
         <load_address>0xad14</load_address>
         <run_address>0xad14</run_address>
         <size>0x28</size>
         <input_file_ref idref="fl-2"/>
      </object_component>
      <object_component id="oc-54f">
         <name>.const:g_psDefaultCodePointMapTable</name>
         <load_address>0xad3c</load_address>
         <run_address>0xad3c</run_address>
         <size>0x10</size>
         <input_file_ref idref="fl-f7"/>
      </object_component>
      <object_component id="oc-44c">
         <name>.const:$P$T0$2</name>
         <load_address>0xad4c</load_address>
         <run_address>0xad4c</run_address>
         <size>0xc</size>
         <input_file_ref idref="fl-12"/>
      </object_component>
      <object_component id="oc-3f6">
         <name>.const:$P$T0$1</name>
         <load_address>0xad58</load_address>
         <run_address>0xad58</run_address>
         <size>0x8</size>
         <input_file_ref idref="fl-6"/>
      </object_component>
      <object_component id="oc-3f9">
         <name>.const:$P$T1$2</name>
         <load_address>0xad60</load_address>
         <run_address>0xad60</run_address>
         <size>0x8</size>
         <input_file_ref idref="fl-6"/>
      </object_component>
      <object_component id="oc-357">
         <name>.const:g_pui32VCOFrequencies</name>
         <load_address>0xad68</load_address>
         <run_address>0xad68</run_address>
         <size>0x8</size>
         <input_file_ref idref="fl-103"/>
      </object_component>
      <object_component id="oc-83">
         <name>.const</name>
         <load_address>0xad70</load_address>
         <run_address>0xad70</run_address>
         <size>0x4</size>
         <input_file_ref idref="fl-13"/>
      </object_component>
      <object_component id="oc-19b">
         <name>.const</name>
         <load_address>0xad74</load_address>
         <run_address>0xad74</run_address>
         <size>0x4</size>
         <input_file_ref idref="fl-11"/>
      </object_component>
      <object_component id="oc-7c0">
         <name>.cinit..data.load</name>
         <load_address>0xad80</load_address>
         <run_address>0xad80</run_address>
         <size>0x24</size>
      </object_component>
      <object_component id="oc-7be">
         <name>__TI_handler_table</name>
         <load_address>0xada4</load_address>
         <run_address>0xada4</run_address>
         <size>0xc</size>
      </object_component>
      <object_component id="oc-7c1">
         <name>.cinit..bss.load</name>
         <load_address>0xadb0</load_address>
         <run_address>0xadb0</run_address>
         <size>0x8</size>
      </object_component>
      <object_component id="oc-7bf">
         <name>__TI_cinit_table</name>
         <load_address>0xadb8</load_address>
         <run_address>0xadb8</run_address>
         <size>0x10</size>
      </object_component>
      <object_component id="oc-24">
         <name>.init_array</name>
         <load_address>0xad78</load_address>
         <run_address>0xad78</run_address>
         <size>0x4</size>
         <input_file_ref idref="fl-9"/>
      </object_component>
      <object_component id="oc-7c2">
         <name>SHT$$INIT_ARRAY$$Limit</name>
         <load_address>0xad7c</load_address>
         <run_address>0xad7c</run_address>
         <size>0x0</size>
      </object_component>
      <object_component id="oc-545">
         <name>.data:Lcd_buffer</name>
         <load_address>0x20000000</load_address>
         <run_address>0x20000000</run_address>
         <size>0x8000</size>
         <input_file_ref idref="fl-2"/>
      </object_component>
      <object_component id="oc-31e">
         <name>.data</name>
         <load_address>0x2000805c</load_address>
         <run_address>0x2000805c</run_address>
         <size>0x4</size>
         <input_file_ref idref="fl-5"/>
      </object_component>
      <object_component id="oc-14f">
         <name>.data:gameState</name>
         <load_address>0x20008074</load_address>
         <run_address>0x20008074</run_address>
         <size>0x3</size>
         <input_file_ref idref="fl-7"/>
      </object_component>
      <object_component id="oc-152">
         <name>.data</name>
         <load_address>0x20008054</load_address>
         <run_address>0x20008054</run_address>
         <size>0x8</size>
         <input_file_ref idref="fl-7"/>
      </object_component>
      <object_component id="oc-146">
         <name>.data</name>
         <load_address>0x20008060</load_address>
         <run_address>0x20008060</run_address>
         <size>0x4</size>
         <input_file_ref idref="fl-9"/>
      </object_component>
      <object_component id="oc-80">
         <name>.data</name>
         <load_address>0x20008000</load_address>
         <run_address>0x20008000</run_address>
         <size>0x2c</size>
         <input_file_ref idref="fl-11"/>
      </object_component>
      <object_component id="oc-195">
         <name>.data:xYieldPendings</name>
         <load_address>0x20008070</load_address>
         <run_address>0x20008070</run_address>
         <size>0x4</size>
         <input_file_ref idref="fl-11"/>
      </object_component>
      <object_component id="oc-446">
         <name>.data</name>
         <load_address>0x20008040</load_address>
         <run_address>0x20008040</run_address>
         <size>0xc</size>
         <input_file_ref idref="fl-12"/>
      </object_component>
      <object_component id="oc-8d">
         <name>.data</name>
         <load_address>0x20008064</load_address>
         <run_address>0x20008064</run_address>
         <size>0x4</size>
         <input_file_ref idref="fl-13"/>
      </object_component>
      <object_component id="oc-42f">
         <name>.data</name>
         <load_address>0x2000802c</load_address>
         <run_address>0x2000802c</run_address>
         <size>0x14</size>
         <input_file_ref idref="fl-15"/>
      </object_component>
      <object_component id="oc-3b7">
         <name>.data</name>
         <load_address>0x2000806c</load_address>
         <run_address>0x2000806c</run_address>
         <size>0x4</size>
         <input_file_ref idref="fl-dc"/>
      </object_component>
      <object_component id="oc-5e1">
         <name>.data</name>
         <load_address>0x20008068</load_address>
         <run_address>0x20008068</run_address>
         <size>0x4</size>
         <input_file_ref idref="fl-de"/>
      </object_component>
      <object_component id="oc-3b4">
         <name>.data:$O1$$</name>
         <load_address>0x2000804c</load_address>
         <run_address>0x2000804c</run_address>
         <size>0x8</size>
         <input_file_ref idref="fl-eb"/>
      </object_component>
      <object_component id="oc-126">
         <name>.bss:btnPause</name>
         <uninitialized>true</uninitialized>
         <run_address>0x2000d458</run_address>
         <size>0xb4</size>
         <input_file_ref idref="fl-9"/>
      </object_component>
      <object_component id="oc-129">
         <name>.bss:btnReset</name>
         <uninitialized>true</uninitialized>
         <run_address>0x2000d50c</run_address>
         <size>0xb4</size>
         <input_file_ref idref="fl-9"/>
      </object_component>
      <object_component id="oc-12c">
         <name>.bss:gJoystick</name>
         <uninitialized>true</uninitialized>
         <run_address>0x2000d188</run_address>
         <size>0x190</size>
         <input_file_ref idref="fl-9"/>
      </object_component>
      <object_component id="oc-180">
         <name>.bss:pxReadyTasksLists</name>
         <uninitialized>true</uninitialized>
         <run_address>0x2000d318</run_address>
         <size>0x140</size>
         <input_file_ref idref="fl-11"/>
      </object_component>
      <object_component id="oc-19e">
         <name>.bss:xDelayedTaskList1</name>
         <uninitialized>true</uninitialized>
         <run_address>0x2000d664</run_address>
         <size>0x14</size>
         <input_file_ref idref="fl-11"/>
      </object_component>
      <object_component id="oc-1a1">
         <name>.bss:xDelayedTaskList2</name>
         <uninitialized>true</uninitialized>
         <run_address>0x2000d678</run_address>
         <size>0x14</size>
         <input_file_ref idref="fl-11"/>
      </object_component>
      <object_component id="oc-186">
         <name>.bss</name>
         <uninitialized>true</uninitialized>
         <run_address>0x2000d6c8</run_address>
         <size>0x8</size>
         <input_file_ref idref="fl-11"/>
      </object_component>
      <object_component id="oc-189">
         <name>.bss:xPendingReadyList</name>
         <uninitialized>true</uninitialized>
         <run_address>0x2000d68c</run_address>
         <size>0x14</size>
         <input_file_ref idref="fl-11"/>
      </object_component>
      <object_component id="oc-183">
         <name>.bss:xTasksWaitingTermination</name>
         <uninitialized>true</uninitialized>
         <run_address>0x2000d6b4</run_address>
         <size>0x14</size>
         <input_file_ref idref="fl-11"/>
      </object_component>
      <object_component id="oc-18c">
         <name>.bss:xSuspendedTaskList</name>
         <uninitialized>true</uninitialized>
         <run_address>0x2000d6a0</run_address>
         <size>0x14</size>
         <input_file_ref idref="fl-11"/>
      </object_component>
      <object_component id="oc-198">
         <name>.bss:xIdleTaskHandles</name>
         <uninitialized>true</uninitialized>
         <run_address>0x2000d6e4</run_address>
         <size>0x4</size>
         <input_file_ref idref="fl-11"/>
      </object_component>
      <object_component id="oc-44f">
         <name>.bss:xActiveTimerList1</name>
         <uninitialized>true</uninitialized>
         <run_address>0x2000d63c</run_address>
         <size>0x14</size>
         <input_file_ref idref="fl-12"/>
      </object_component>
      <object_component id="oc-452">
         <name>.bss:xActiveTimerList2</name>
         <uninitialized>true</uninitialized>
         <run_address>0x2000d650</run_address>
         <size>0x14</size>
         <input_file_ref idref="fl-12"/>
      </object_component>
      <object_component id="oc-449">
         <name>.bss</name>
         <uninitialized>true</uninitialized>
         <run_address>0x2000d6d0</run_address>
         <size>0x8</size>
         <input_file_ref idref="fl-12"/>
      </object_component>
      <object_component id="oc-435">
         <name>.bss:ucHeap</name>
         <uninitialized>true</uninitialized>
         <run_address>0x20008078</run_address>
         <size>0x4f10</size>
         <input_file_ref idref="fl-15"/>
      </object_component>
      <object_component id="oc-432">
         <name>.bss:xStart</name>
         <uninitialized>true</uninitialized>
         <run_address>0x2000d6d8</run_address>
         <size>0x8</size>
         <input_file_ref idref="fl-15"/>
      </object_component>
      <object_component id="oc-552">
         <name>.bss</name>
         <uninitialized>true</uninitialized>
         <run_address>0x2000d6e0</run_address>
         <size>0x4</size>
         <input_file_ref idref="fl-f7"/>
      </object_component>
      <object_component id="oc-544">
         <name>.common:Lcd_Orientation</name>
         <uninitialized>true</uninitialized>
         <run_address>0x2000d6fe</run_address>
         <size>0x1</size>
      </object_component>
      <object_component id="oc-53e">
         <name>.common:Lcd_ScreenWidth</name>
         <uninitialized>true</uninitialized>
         <run_address>0x2000d6f6</run_address>
         <size>0x2</size>
      </object_component>
      <object_component id="oc-53f">
         <name>.common:Lcd_ScreenHeigth</name>
         <uninitialized>true</uninitialized>
         <run_address>0x2000d6f4</run_address>
         <size>0x2</size>
      </object_component>
      <object_component id="oc-540">
         <name>.common:Lcd_PenSolid</name>
         <uninitialized>true</uninitialized>
         <run_address>0x2000d6ff</run_address>
         <size>0x1</size>
      </object_component>
      <object_component id="oc-541">
         <name>.common:Lcd_FontSolid</name>
         <uninitialized>true</uninitialized>
         <run_address>0x2000d6fd</run_address>
         <size>0x1</size>
      </object_component>
      <object_component id="oc-542">
         <name>.common:Lcd_FlagRead</name>
         <uninitialized>true</uninitialized>
         <run_address>0x2000d6fc</run_address>
         <size>0x1</size>
      </object_component>
      <object_component id="oc-543">
         <name>.common:Lcd_TouchTrim</name>
         <uninitialized>true</uninitialized>
         <run_address>0x2000d6f8</run_address>
         <size>0x2</size>
      </object_component>
      <object_component id="oc-155">
         <name>.common:snake</name>
         <uninitialized>true</uninitialized>
         <run_address>0x2000cf88</run_address>
         <size>0x200</size>
      </object_component>
      <object_component id="oc-159">
         <name>.common:gFood</name>
         <uninitialized>true</uninitialized>
         <run_address>0x2000d6fa</run_address>
         <size>0x2</size>
      </object_component>
      <object_component id="oc-3ef">
         <name>.common:gContext</name>
         <uninitialized>true</uninitialized>
         <run_address>0x2000d610</run_address>
         <size>0x2c</size>
      </object_component>
      <object_component id="oc-12f">
         <name>.common:gSysClk</name>
         <uninitialized>true</uninitialized>
         <run_address>0x2000d6ec</run_address>
         <size>0x4</size>
      </object_component>
      <object_component id="oc-144">
         <name>.common:gGameStateMutex</name>
         <uninitialized>true</uninitialized>
         <run_address>0x2000d6e8</run_address>
         <size>0x4</size>
      </object_component>
      <object_component id="oc-145">
         <name>.common:xGameEvents</name>
         <uninitialized>true</uninitialized>
         <run_address>0x2000d6f0</run_address>
         <size>0x4</size>
      </object_component>
      <object_component id="oc-329">
         <name>.common:xQueueRegistry</name>
         <uninitialized>true</uninitialized>
         <run_address>0x2000d5c0</run_address>
         <size>0x50</size>
      </object_component>
      <object_component id="oc-25">
         <name>.stack</name>
         <uninitialized>true</uninitialized>
         <run_address>0x2000d700</run_address>
         <size>0x4</size>
         <input_file_ref idref="fl-dd"/>
      </object_component>
      <object_component id="oc-7c4">
         <name>.stack</name>
         <uninitialized>true</uninitialized>
         <run_address>0x2000d700</run_address>
         <size>0x0</size>
      </object_component>
      <object_component id="oc-1c8">
         <name>.debug_info</name>
         <load_address>0x0</load_address>
         <run_address>0x0</run_address>
         <size>0x71b</size>
         <input_file_ref idref="fl-2"/>
      </object_component>
      <object_component id="oc-546">
         <name>.debug_info</name>
         <load_address>0x71b</load_address>
         <run_address>0x71b</run_address>
         <size>0x135</size>
         <input_file_ref idref="fl-2"/>
      </object_component>
      <object_component id="oc-3f1">
         <name>.debug_info</name>
         <load_address>0x850</load_address>
         <run_address>0x850</run_address>
         <size>0x14e</size>
         <input_file_ref idref="fl-2"/>
      </object_component>
      <object_component id="oc-3d2">
         <name>.debug_info</name>
         <load_address>0x99e</load_address>
         <run_address>0x99e</run_address>
         <size>0x1633</size>
         <input_file_ref idref="fl-2"/>
      </object_component>
      <object_component id="oc-474">
         <name>.debug_info</name>
         <load_address>0x1fd1</load_address>
         <run_address>0x1fd1</run_address>
         <size>0x6bd</size>
         <input_file_ref idref="fl-2"/>
      </object_component>
      <object_component id="oc-9e">
         <name>.debug_info</name>
         <load_address>0x268e</load_address>
         <run_address>0x268e</run_address>
         <size>0x26b</size>
         <input_file_ref idref="fl-2"/>
      </object_component>
      <object_component id="oc-15b">
         <name>.debug_info</name>
         <load_address>0x28f9</load_address>
         <run_address>0x28f9</run_address>
         <size>0x8b</size>
         <input_file_ref idref="fl-2"/>
      </object_component>
      <object_component id="oc-1c3">
         <name>.debug_info</name>
         <load_address>0x2984</load_address>
         <run_address>0x2984</run_address>
         <size>0x2a4</size>
         <input_file_ref idref="fl-2"/>
      </object_component>
      <object_component id="oc-a3">
         <name>.debug_info</name>
         <load_address>0x2c28</load_address>
         <run_address>0x2c28</run_address>
         <size>0xbb</size>
         <input_file_ref idref="fl-2"/>
      </object_component>
      <object_component id="oc-538">
         <name>.debug_info</name>
         <load_address>0x2ce3</load_address>
         <run_address>0x2ce3</run_address>
         <size>0x815</size>
         <input_file_ref idref="fl-3"/>
      </object_component>
      <object_component id="oc-24e">
         <name>.debug_info</name>
         <load_address>0x34f8</load_address>
         <run_address>0x34f8</run_address>
         <size>0x5ac</size>
         <input_file_ref idref="fl-4"/>
      </object_component>
      <object_component id="oc-237">
         <name>.debug_info</name>
         <load_address>0x3aa4</load_address>
         <run_address>0x3aa4</run_address>
         <size>0x12d</size>
         <input_file_ref idref="fl-4"/>
      </object_component>
      <object_component id="oc-234">
         <name>.debug_info</name>
         <load_address>0x3bd1</load_address>
         <run_address>0x3bd1</run_address>
         <size>0x13b</size>
         <input_file_ref idref="fl-4"/>
      </object_component>
      <object_component id="oc-23a">
         <name>.debug_info</name>
         <load_address>0x3d0c</load_address>
         <run_address>0x3d0c</run_address>
         <size>0x143</size>
         <input_file_ref idref="fl-4"/>
      </object_component>
      <object_component id="oc-e8">
         <name>.debug_info</name>
         <load_address>0x3e4f</load_address>
         <run_address>0x3e4f</run_address>
         <size>0x3441</size>
         <input_file_ref idref="fl-4"/>
      </object_component>
      <object_component id="oc-249">
         <name>.debug_info</name>
         <load_address>0x7290</load_address>
         <run_address>0x7290</run_address>
         <size>0x83f</size>
         <input_file_ref idref="fl-4"/>
      </object_component>
      <object_component id="oc-396">
         <name>.debug_info</name>
         <load_address>0x7acf</load_address>
         <run_address>0x7acf</run_address>
         <size>0x2d6</size>
         <input_file_ref idref="fl-4"/>
      </object_component>
      <object_component id="oc-165">
         <name>.debug_info</name>
         <load_address>0x7da5</load_address>
         <run_address>0x7da5</run_address>
         <size>0xbb</size>
         <input_file_ref idref="fl-4"/>
      </object_component>
      <object_component id="oc-391">
         <name>.debug_info</name>
         <load_address>0x7e60</load_address>
         <run_address>0x7e60</run_address>
         <size>0x2a1</size>
         <input_file_ref idref="fl-4"/>
      </object_component>
      <object_component id="oc-51e">
         <name>.debug_info</name>
         <load_address>0x8101</load_address>
         <run_address>0x8101</run_address>
         <size>0xa1c</size>
         <input_file_ref idref="fl-5"/>
      </object_component>
      <object_component id="oc-31f">
         <name>.debug_info</name>
         <load_address>0x8b1d</load_address>
         <run_address>0x8b1d</run_address>
         <size>0xfe</size>
         <input_file_ref idref="fl-5"/>
      </object_component>
      <object_component id="oc-f6">
         <name>.debug_info</name>
         <load_address>0x8c1b</load_address>
         <run_address>0x8c1b</run_address>
         <size>0x59b</size>
         <input_file_ref idref="fl-5"/>
      </object_component>
      <object_component id="oc-405">
         <name>.debug_info</name>
         <load_address>0x91b6</load_address>
         <run_address>0x91b6</run_address>
         <size>0x638</size>
         <input_file_ref idref="fl-5"/>
      </object_component>
      <object_component id="oc-40a">
         <name>.debug_info</name>
         <load_address>0x97ee</load_address>
         <run_address>0x97ee</run_address>
         <size>0x16d</size>
         <input_file_ref idref="fl-5"/>
      </object_component>
      <object_component id="oc-3af">
         <name>.debug_info</name>
         <load_address>0x995b</load_address>
         <run_address>0x995b</run_address>
         <size>0x2c</size>
         <input_file_ref idref="fl-5"/>
      </object_component>
      <object_component id="oc-40f">
         <name>.debug_info</name>
         <load_address>0x9987</load_address>
         <run_address>0x9987</run_address>
         <size>0x46</size>
         <input_file_ref idref="fl-5"/>
      </object_component>
      <object_component id="oc-387">
         <name>.debug_info</name>
         <load_address>0x99cd</load_address>
         <run_address>0x99cd</run_address>
         <size>0x53</size>
         <input_file_ref idref="fl-5"/>
      </object_component>
      <object_component id="oc-3a0">
         <name>.debug_info</name>
         <load_address>0x9a20</load_address>
         <run_address>0x9a20</run_address>
         <size>0x3f6</size>
         <input_file_ref idref="fl-5"/>
      </object_component>
      <object_component id="oc-3a5">
         <name>.debug_info</name>
         <load_address>0x9e16</load_address>
         <run_address>0x9e16</run_address>
         <size>0x1e2</size>
         <input_file_ref idref="fl-5"/>
      </object_component>
      <object_component id="oc-3fd">
         <name>.debug_info</name>
         <load_address>0x9ff8</load_address>
         <run_address>0x9ff8</run_address>
         <size>0xf30</size>
         <input_file_ref idref="fl-6"/>
      </object_component>
      <object_component id="oc-3f7">
         <name>.debug_info</name>
         <load_address>0xaf28</load_address>
         <run_address>0xaf28</run_address>
         <size>0x126</size>
         <input_file_ref idref="fl-6"/>
      </object_component>
      <object_component id="oc-3fa">
         <name>.debug_info</name>
         <load_address>0xb04e</load_address>
         <run_address>0xb04e</run_address>
         <size>0x126</size>
         <input_file_ref idref="fl-6"/>
      </object_component>
      <object_component id="oc-14d">
         <name>.debug_info</name>
         <load_address>0xb174</load_address>
         <run_address>0xb174</run_address>
         <size>0x951</size>
         <input_file_ref idref="fl-6"/>
      </object_component>
      <object_component id="oc-596">
         <name>.debug_info</name>
         <load_address>0xbac5</load_address>
         <run_address>0xbac5</run_address>
         <size>0x638</size>
         <input_file_ref idref="fl-6"/>
      </object_component>
      <object_component id="oc-160">
         <name>.debug_info</name>
         <load_address>0xc0fd</load_address>
         <run_address>0xc0fd</run_address>
         <size>0x192</size>
[...]
         <value>0x8d69</value>
         <object_component_ref idref="oc-2e"/>
      </symbol>
      <symbol id="sm-a21">
         <name>vPortEnableVFP</name>
         <value>0x8e25</value>
         <object_component_ref idref="oc-2e"/>
      </symbol>
      <symbol id="sm-a22">
         <name>xPortPendSVHandler</name>
         <value>0x8d81</value>
         <object_component_ref idref="oc-2e"/>
      </symbol>
      <symbol id="sm-a23">
         <name>vPortSVCHandler</name>
         <value>0x8de1</value>
         <object_component_ref idref="oc-2e"/>
      </symbol>
      <symbol id="sm-a8a">
         <name>vPortInitialiseBlocks</name>
         <value>0x685b</value>
         <object_component_ref idref="oc-174"/>
      </symbol>
      <symbol id="sm-a8b">
         <name>vPortGetHeapStats</name>
         <value>0x69e9</value>
         <object_component_ref idref="oc-174"/>
      </symbol>
      <symbol id="sm-a8c">
         <name>vPortHeapResetState</name>
         <value>0x6a8f</value>
         <object_component_ref idref="oc-174"/>
      </symbol>
      <symbol id="sm-a8d">
         <name>xPortGetFreeHeapSize</name>
         <value>0x684f</value>
         <object_component_ref idref="oc-174"/>
      </symbol>
      <symbol id="sm-a8e">
         <name>pvPortCalloc</name>
         <value>0x685d</value>
         <object_component_ref idref="oc-174"/>
      </symbol>
      <symbol id="sm-a8f">
         <name>pvPortMalloc</name>
         <value>0x66b1</value>
         <object_component_ref idref="oc-174"/>
      </symbol>
      <symbol id="sm-a90">
         <name>vPortFree</name>
         <value>0x67f5</value>
         <object_component_ref idref="oc-174"/>
      </symbol>
      <symbol id="sm-a91">
         <name>xPortGetMinimumEverFreeHeapSize</name>
         <value>0x6855</value>
         <object_component_ref idref="oc-174"/>
      </symbol>
      <symbol id="sm-acd">
         <name>atan2f</name>
         <value>0x8059</value>
         <object_component_ref idref="oc-29f"/>
      </symbol>
      <symbol id="sm-add">
         <name>sqrtf</name>
         <value>0x9dd9</value>
         <object_component_ref idref="oc-299"/>
      </symbol>
      <symbol id="sm-b0a">
         <name>atanf</name>
         <value>0x81b1</value>
         <object_component_ref idref="oc-4c5"/>
      </symbol>
      <symbol id="sm-b2c">
         <name>floorf</name>
         <value>0x926d</value>
         <object_component_ref idref="oc-2d6"/>
      </symbol>
      <symbol id="sm-b65">
         <name>snprintf</name>
         <value>0x9821</value>
         <object_component_ref idref="oc-3e3"/>
      </symbol>
      <symbol id="sm-b80">
         <name>memcpy</name>
         <value>0x8fa7</value>
         <object_component_ref idref="oc-47"/>
      </symbol>
      <symbol id="sm-b81">
         <name>__aeabi_memcpy</name>
         <value>0x8fa7</value>
         <object_component_ref idref="oc-47"/>
      </symbol>
      <symbol id="sm-b82">
         <name>__aeabi_memcpy8</name>
         <value>0x8fa7</value>
         <object_component_ref idref="oc-47"/>
      </symbol>
      <symbol id="sm-b83">
         <name>__aeabi_memcpy4</name>
         <value>0x8fa7</value>
         <object_component_ref idref="oc-47"/>
      </symbol>
      <symbol id="sm-b92">
         <name>__aeabi_memset</name>
         <value>0x9369</value>
         <object_component_ref idref="oc-bd"/>
      </symbol>
      <symbol id="sm-b93">
         <name>memset</name>
         <value>0x936f</value>
         <object_component_ref idref="oc-bd"/>
      </symbol>
      <symbol id="sm-b94">
         <name>__aeabi_memset8</name>
         <value>0x9369</value>
         <object_component_ref idref="oc-bd"/>
      </symbol>
      <symbol id="sm-b95">
         <name>__aeabi_memset4</name>
         <value>0x9369</value>
         <object_component_ref idref="oc-bd"/>
      </symbol>
      <symbol id="sm-b96">
         <name>__aeabi_memclr8</name>
         <value>0x9367</value>
         <object_component_ref idref="oc-bd"/>
      </symbol>
      <symbol id="sm-b97">
         <name>__aeabi_memclr4</name>
         <value>0x9367</value>
         <object_component_ref idref="oc-bd"/>
      </symbol>
      <symbol id="sm-b98">
         <name>__aeabi_memclr</name>
         <value>0x9367</value>
         <object_component_ref idref="oc-bd"/>
      </symbol>
      <symbol id="sm-ba5">
         <name>__aeabi_uldivmod</name>
         <value>0x9043</value>
         <object_component_ref idref="oc-13f"/>
      </symbol>
      <symbol id="sm-bb7">
         <name>__TI_zero_init</name>
         <value>0xa153</value>
         <object_component_ref idref="oc-59"/>
      </symbol>
      <symbol id="sm-bce">
         <name>__TI_decompress_none</name>
         <value>0xa115</value>
         <object_component_ref idref="oc-1b"/>
      </symbol>
      <symbol id="sm-bf1">
         <name>__TI_decompress_lzss</name>
         <value>0x94b9</value>
         <object_component_ref idref="oc-15"/>
      </symbol>
      <symbol id="sm-c16">
         <name>rand</name>
         <value>0x9c65</value>
         <object_component_ref idref="oc-3bc"/>
      </symbol>
      <symbol id="sm-c17">
         <name>srand</name>
         <value>0x9e4d</value>
         <object_component_ref idref="oc-133"/>
      </symbol>
      <symbol id="sm-c2a">
         <name>__stack</name>
         <value>0x2000d700</value>
         <object_component_ref idref="oc-25"/>
      </symbol>
      <symbol id="sm-c2b">
         <name>_c_int00_noargs</name>
         <value>0x9c31</value>
         <object_component_ref idref="oc-65"/>
      </symbol>
      <symbol id="sm-c41">
         <name>__aeabi_errno_addr</name>
         <value>0xa199</value>
         <object_component_ref idref="oc-4bd"/>
      </symbol>
      <symbol id="sm-c42">
         <name>errno</name>
         <value>0x20008068</value>
         <object_component_ref idref="oc-5e1"/>
      </symbol>
      <symbol id="sm-da7">
         <name>__TI_printfi</name>
         <value>0x4b35</value>
         <object_component_ref idref="oc-55f"/>
      </symbol>
      <symbol id="sm-db1">
         <name>__aeabi_idiv0</name>
         <value>0x5583</value>
         <object_component_ref idref="oc-3c3"/>
      </symbol>
      <symbol id="sm-db2">
         <name>__aeabi_ldiv0</name>
         <value>0x5583</value>
         <object_component_ref idref="oc-3c3"/>
      </symbol>
      <symbol id="sm-dc9">
         <name>__aeabi_dsub</name>
         <value>0x7d35</value>
         <object_component_ref idref="oc-70d"/>
      </symbol>
      <symbol id="sm-dca">
         <name>__aeabi_dadd</name>
         <value>0x7d3f</value>
         <object_component_ref idref="oc-70d"/>
      </symbol>
      <symbol id="sm-dec">
         <name>__aeabi_cdcmpeq</name>
         <value>0x915f</value>
         <object_component_ref idref="oc-674"/>
      </symbol>
      <symbol id="sm-ded">
         <name>__aeabi_cdcmple</name>
         <value>0x915f</value>
         <object_component_ref idref="oc-674"/>
      </symbol>
      <symbol id="sm-dee">
         <name>__aeabi_cdrcmple</name>
         <value>0x91e5</value>
         <object_component_ref idref="oc-6f8"/>
      </symbol>
      <symbol id="sm-e02">
         <name>__aeabi_ddiv</name>
         <value>0x86bd</value>
         <object_component_ref idref="oc-6f3"/>
      </symbol>
      <symbol id="sm-e0d">
         <name>__aeabi_dmul</name>
         <value>0x8c5d</value>
         <object_component_ref idref="oc-6ee"/>
      </symbol>
      <symbol id="sm-e17">
         <name>__aeabi_d2iz</name>
         <value>0x9901</value>
         <object_component_ref idref="oc-6fd"/>
      </symbol>
      <symbol id="sm-e21">
         <name>__aeabi_i2d</name>
         <value>0x9d55</value>
         <object_component_ref idref="oc-708"/>
      </symbol>
      <symbol id="sm-e4e">
         <name>__TI_auto_init_nobinit</name>
         <value>0x9585</value>
         <object_component_ref idref="oc-1ec"/>
      </symbol>
      <symbol id="sm-e58">
         <name>_system_pre_init</name>
         <value>0xa1b9</value>
         <object_component_ref idref="oc-c3"/>
      </symbol>
      <symbol id="sm-e64">
         <name>C$$EXIT</name>
         <value>0xa1bd</value>
         <object_component_ref idref="oc-1da"/>
      </symbol>
      <symbol id="sm-e65">
         <name>abort</name>
         <value>0xa1bd</value>
         <object_component_ref idref="oc-1da"/>
      </symbol>
      <symbol id="sm-e7a">
         <name>_nop</name>
         <value>0x4b33</value>
         <object_component_ref idref="oc-520"/>
      </symbol>
      <symbol id="sm-e7b">
         <name>_lock</name>
         <value>0x2000804c</value>
         <object_component_ref idref="oc-3b4"/>
      </symbol>
      <symbol id="sm-e7c">
         <name>_unlock</name>
         <value>0x20008050</value>
         <object_component_ref idref="oc-3b4"/>
      </symbol>
      <symbol id="sm-e8b">
         <name>__TI_ltoa</name>
         <value>0x9695</value>
         <object_component_ref idref="oc-702"/>
      </symbol>
      <symbol id="sm-ea2">
         <name>atoi</name>
         <value>0x97d5</value>
         <object_component_ref idref="oc-668"/>
      </symbol>
      <symbol id="sm-ead">
         <name>_ctypes_</name>
         <value>0xa7e8</value>
         <object_component_ref idref="oc-6e7"/>
      </symbol>
      <symbol id="sm-ebd">
         <name>memccpy</name>
         <value>0x9f2f</value>
         <object_component_ref idref="oc-691"/>
      </symbol>
      <symbol id="sm-ecd">
         <name>strchr</name>
         <value>0xa035</value>
         <object_component_ref idref="oc-739"/>
      </symbol>
      <symbol id="sm-edb">
         <name>strlen</name>
         <value>0xa061</value>
         <object_component_ref idref="oc-662"/>
      </symbol>
      <symbol id="sm-ef4">
         <name>wcslen</name>
         <value>0xa087</value>
         <object_component_ref idref="oc-697"/>
      </symbol>
      <symbol id="sm-f0a">
         <name>frexpl</name>
         <value>0x9521</value>
         <object_component_ref idref="oc-72d"/>
      </symbol>
      <symbol id="sm-f0b">
         <name>frexp</name>
         <value>0x9521</value>
         <object_component_ref idref="oc-72d"/>
      </symbol>
      <symbol id="sm-f28">
         <name>scalbn</name>
         <value>0x8a49</value>
         <object_component_ref idref="oc-733"/>
      </symbol>
      <symbol id="sm-f29">
         <name>scalbnl</name>
         <value>0x8a49</value>
         <object_component_ref idref="oc-733"/>
      </symbol>
      <symbol id="sm-f2a">
         <name>ldexpl</name>
         <value>0x8a49</value>
         <object_component_ref idref="oc-733"/>
      </symbol>
      <symbol id="sm-f2b">
         <name>ldexp</name>
         <value>0x8a49</value>
         <object_component_ref idref="oc-733"/>
      </symbol>
      <symbol id="sm-f35">
         <name>copysign</name>
         <value>0x9f65</value>
         <object_component_ref idref="oc-772"/>
      </symbol>
      <symbol id="sm-f36">
         <name>copysignl</name>
         <value>0x9f65</value>
         <object_component_ref idref="oc-772"/>
      </symbol>
      <symbol id="sm-f6e">
         <name>GrContextInit</name>
         <value>0x9451</value>
         <object_component_ref idref="oc-3d7"/>
      </symbol>
      <symbol id="sm-f6f">
         <name>g_psDefaultCodePointMapTable</name>
         <value>0xad3c</value>
         <object_component_ref idref="oc-54f"/>
      </symbol>
      <symbol id="sm-f7d">
         <name>GrRectFill</name>
         <value>0x90d9</value>
         <object_component_ref idref="oc-3cb"/>
      </symbol>
      <symbol id="sm-100d">
         <name>GrFontInfoGet</name>
         <value>0x9e01</value>
         <object_component_ref idref="oc-634"/>
      </symbol>
      <symbol id="sm-100e">
         <name>GrDefaultStringRenderer</name>
         <value>0x8e33</value>
         <object_component_ref idref="oc-549"/>
      </symbol>
      <symbol id="sm-100f">
         <name>GrFontGlyphRender</name>
         <value>0x7711</value>
         <object_component_ref idref="oc-646"/>
      </symbol>
      <symbol id="sm-1010">
         <name>GrContextFontSet</name>
         <value>0xa1ad</value>
         <object_component_ref idref="oc-3dd"/>
      </symbol>
      <symbol id="sm-1011">
         <name>GrFontGlyphDataGet</name>
         <value>0x9e71</value>
         <object_component_ref idref="oc-640"/>
      </symbol>
      <symbol id="sm-1012">
         <name>GrStringDraw</name>
         <value>0xa01f</value>
         <object_component_ref idref="oc-3e9"/>
      </symbol>
      <symbol id="sm-1013">
         <name>GrFontCodepageGet</name>
         <value>0x9ef3</value>
         <object_component_ref idref="oc-659"/>
      </symbol>
      <symbol id="sm-1014">
         <name>GrStringNextCharGet</name>
         <value>0x9d27</value>
         <object_component_ref idref="oc-63a"/>
      </symbol>
      <symbol id="sm-1026">
         <name>g_sFontFixed6x8</name>
         <value>0xa8ec</value>
         <object_component_ref idref="oc-3f3"/>
      </symbol>
      <symbol id="sm-1033">
         <name>GrMapISO8859_1_Unicode</name>
         <value>0xa189</value>
         <object_component_ref idref="oc-64d"/>
      </symbol>
      <symbol id="sm-1081">
         <name>ADCProcessorTrigger</name>
         <value>0x9f7f</value>
         <object_component_ref idref="oc-278"/>
      </symbol>
      <symbol id="sm-1082">
         <name>ADCSequenceEnable</name>
         <value>0xa107</value>
         <object_component_ref idref="oc-26f"/>
      </symbol>
      <symbol id="sm-1083">
         <name>ADCSequenceConfigure</name>
         <value>0x973b</value>
         <object_component_ref idref="oc-263"/>
      </symbol>
      <symbol id="sm-1084">
         <name>ADCSequenceStepConfigure</name>
         <value>0x92ed</value>
         <object_component_ref idref="oc-269"/>
      </symbol>
      <symbol id="sm-1085">
         <name>ADCIntClear</name>
         <value>0xa16b</value>
         <object_component_ref idref="oc-28a"/>
      </symbol>
      <symbol id="sm-1086">
         <name>ADCIntStatus</name>
         <value>0x9cf9</value>
         <object_component_ref idref="oc-27e"/>
      </symbol>
      <symbol id="sm-1087">
         <name>ADCSequenceDisable</name>
         <value>0xa0f9</value>
         <object_component_ref idref="oc-25d"/>
      </symbol>
      <symbol id="sm-1088">
         <name>ADCSequenceDataGet</name>
         <value>0x9ed5</value>
         <object_component_ref idref="oc-284"/>
      </symbol>
      <symbol id="sm-109e">
         <name>FPULazyStackingEnable</name>
         <value>0xa0a9</value>
         <object_component_ref idref="oc-e1"/>
      </symbol>
      <symbol id="sm-109f">
         <name>FPUEnable</name>
         <value>0xa099</value>
         <object_component_ref idref="oc-db"/>
      </symbol>
      <symbol id="sm-1109">
         <name>GPIOPinTypePWM</name>
         <value>0x9ff3</value>
         <object_component_ref idref="oc-2ee"/>
      </symbol>
      <symbol id="sm-110a">
         <name>GPIOPinConfigure</name>
         <value>0x9789</value>
         <object_component_ref idref="oc-2e8"/>
      </symbol>
      <symbol id="sm-110b">
         <name>GPIOPinTypeADC</name>
         <value>0x9fc7</value>
         <object_component_ref idref="oc-257"/>
      </symbol>
      <symbol id="sm-110c">
         <name>GPIOPinTypeGPIOInput</name>
         <value>0x9fdd</value>
         <object_component_ref idref="oc-22d"/>
      </symbol>
      <symbol id="sm-110d">
         <name>GPIOPinTypeGPIOOutput</name>
         <value>0x9f4b</value>
         <object_component_ref idref="oc-60d"/>
      </symbol>
      <symbol id="sm-110e">
         <name>GPIOPinRead</name>
         <value>0xa1a1</value>
         <object_component_ref idref="oc-23c"/>
      </symbol>
      <symbol id="sm-110f">
         <name>GPIODirModeSet</name>
         <value>0x9d83</value>
         <object_component_ref idref="oc-499"/>
      </symbol>
      <symbol id="sm-1110">
         <name>GPIOPinWrite</name>
         <value>0xa1a7</value>
         <object_component_ref idref="oc-61f"/>
      </symbol>
      <symbol id="sm-1111">
         <name>GPIOPadConfigSet</name>
         <value>0x7eed</value>
         <object_component_ref idref="oc-242"/>
      </symbol>
      <symbol id="sm-1112">
         <name>GPIOPinTypeSSI</name>
         <value>0xa009</value>
         <object_component_ref idref="oc-607"/>
      </symbol>
      <symbol id="sm-1126">
         <name>IntMasterDisable</name>
         <value>0xa0b9</value>
         <object_component_ref idref="oc-d5"/>
      </symbol>
      <symbol id="sm-1127">
         <name>IntMasterEnable</name>
         <value>0xa0c9</value>
         <object_component_ref idref="oc-113"/>
      </symbol>
      <symbol id="sm-1166">
         <name>PWMGenPeriodSet</name>
         <value>0xa0d9</value>
         <object_component_ref idref="oc-30c"/>
      </symbol>
      <symbol id="sm-1167">
         <name>PWMGenDisable</name>
         <value>0xa13b</value>
         <object_component_ref idref="oc-300"/>
      </symbol>
      <symbol id="sm-1168">
         <name>PWMClockSet</name>
         <value>0xa04d</value>
         <object_component_ref idref="oc-2f4"/>
      </symbol>
      <symbol id="sm-1169">
         <name>PWMPulseWidthSet</name>
         <value>0x9f11</value>
         <object_component_ref idref="oc-312"/>
      </symbol>
      <symbol id="sm-116a">
         <name>PWMOutputState</name>
         <value>0xa075</value>
         <object_component_ref idref="oc-306"/>
      </symbol>
      <symbol id="sm-116b">
         <name>PWMGenEnable</name>
         <value>0xa147</value>
         <object_component_ref idref="oc-318"/>
      </symbol>
      <symbol id="sm-116c">
         <name>PWMGenConfigure</name>
         <value>0x9e93</value>
         <object_component_ref idref="oc-2fa"/>
      </symbol>
      <symbol id="sm-1193">
         <name>SSIDataPut</name>
         <value>0xa175</value>
         <object_component_ref idref="oc-62b"/>
      </symbol>
      <symbol id="sm-1194">
         <name>SSIConfigSetExpClk</name>
         <value>0x9b87</value>
         <object_component_ref idref="oc-613"/>
      </symbol>
      <symbol id="sm-1195">
         <name>SSIEnable</name>
         <value>0xa17f</value>
         <object_component_ref idref="oc-619"/>
      </symbol>
      <symbol id="sm-1196">
         <name>SSIBusy</name>
         <value>0xa191</value>
         <object_component_ref idref="oc-625"/>
      </symbol>
      <symbol id="sm-1211">
         <name>SysCtlDelay</name>
         <value>0xa1b3</value>
         <object_component_ref idref="oc-53d"/>
      </symbol>
      <symbol id="sm-1212">
         <name>SysCtlPeripheralEnable</name>
         <value>0x9bfd</value>
         <object_component_ref idref="oc-221"/>
      </symbol>
      <symbol id="sm-1213">
         <name>SysCtlPeripheralReady</name>
         <value>0x9bc5</value>
         <object_component_ref idref="oc-227"/>
      </symbol>
      <symbol id="sm-1214">
         <name>SysCtlClockFreqSet</name>
         <value>0x7965</value>
         <object_component_ref idref="oc-119"/>
      </symbol>
      <symbol id="sm-1227">
         <name>CPUcpsie</name>
         <value>0xa12f</value>
         <object_component_ref idref="oc-33e"/>
      </symbol>
      <symbol id="sm-1228">
         <name>CPUcpsid</name>
         <value>0xa123</value>
         <object_component_ref idref="oc-218"/>
      </symbol>
      <symbol id="sm-1229">
         <name>__TI_static_base__</name>
         <value>0x0</value>
      </symbol>
      <symbol id="sm-122c">
         <name>__mpu_init</name>
         <value>0x0</value>
      </symbol>
      <symbol id="sm-122d">
         <name>_system_post_cinit</name>
         <value>0x0</value>
      </symbol>
   </symbol_table>
   <title>Link successful</title>
</link_info>
